223) cpu_start: Compile time:     Feb  2 2024 14:24:52[0m
[0;I (229) cpu_start: ELF file SHA256:  f628cbcae...[0m
[0;32mI (234) cpu_start: ESP-IDF:          v5.3-dev-262-g294c2bd70d[0m
[0;32mI (241) cpu_start: Min chip rev:     v0.0[0m
ï¿½ets Jun  8 2016 00:22:57

rst:0x1 (POWERON_RESET),boot:0x13 (SPI_FAST_FLASH_BOOT)
configsip: 0, SPIWP:0xee
clk_drv:0x00,q_drv:0x00,d_drv:0x00,cs0_drv:0x00,hd_drv:0x00,wp_drv:0x00
mode:DIO, clock div:2
load:0x3fff0030,len:7140
load:0x40078000,len:15500
load:0x40080400,len:4
load:0x40080404,len:3904
entry 0x40080640
[0;32mI (28) boot: ESP-IDF v5.3-dev-262-g294c2bd70d 2nd stage bootloader[0m
[0;32mI (29) boot: compile time Feb  1 2024 17:42:17[0m
[0;32mI (30) boot: Multicore bootloader[0m
[0;32mI (34) boot: chip revision: v1.0[0m
[0;32mI (38) boot.esp32: SPI Speed      : 40MHz[0m
[0;32mI (43) boot.esp32: SPI Mode       : DIO[0m
[0;32mI (47) boot.esp32: SPI Flash Size : 4MB[0m
[0;32mI (52) boot: Enabling RNG early entropy source...[0m
[0;32mI (57) boot: Partition Table:[0m
[0;32mI (61) boot: ## Label            Usage          Type ST Offset   Length[0m
[0;32mI (68) boot:  0 nvs              WiFi data        01 02 00009000 00006000[0m
[0;32mI (75) boot:  1 phy_init         RF data          01 01 0000f000 00001000[0m
[0;32mI (83) boot:  2 factory          factory app      00 00 00010000 00200000[0m
[0;32mI (90) boot: End of partition table[0m
[0;32mI (95) esp_image: segment 0: paddr=00010020 vaddr=3f400020 size=12518h ( 75032) map[0m
[0;32mI (119) esp_image: segment 1: paddr=00022540 vaddr=3ffbdb60 size=0354ch ( 13644) load[0m
[0;32mI (122) esp_image: segment 2: paddr=00025a94 vaddr=40080000 size=0a584h ( 42372) load[0m
[0;32mI (135) esp_image: segment 3: paddr=00030020 vaddr=400d0020 size=2ece4h (191716) map[0m
[0;32mI (175) esp_image: segment 4: paddr=0005ed0c vaddr=4008a584 size=04274h ( 17012) load[0m
[0;32mI (187) boot: Loaded app from partition at offset 0x10000[0m
[0;32mI (187) boot: Disabling RNG early entropy source...[0m
[0;32mI (199) cpu_start: Multicore app[0m
[0;32mI (207) cpu_start: Pro cpu start user code[0m
[0;32mI (207) cpu_start: cpu freq: 160000000 Hz[0m
[0;32mI (207) cpu_start: Application information:[0m
[0;32mI (210) cpu_start: Project name:     InteligentStationForGrowingPlan[0m
[0;32mI (217) cpu_start: App version:      ea6fe41-dirty[0m
[0;32mI (223) cpu_start: Compile time:     Feb  2 2024 14:24:52[0m
[0;32mI (229) cpu_start: ELF file SHA256:  f628cbcae...[0m
[0;32mI (234) cpu_start: ESP-IDF:          v5.3-dev-262-g294c2bd70d[0m
[0;32mI (241) cpu_start: Min chip rev:     v0.0[0m
[0;32mI (245) cpu_start: Max chip rev:     v3.99 [0m
[0;32mI (250) cpu_start: Chip rev:         v1.0[0m
[0;32mI (255) heap_init: Initializing. RAM available for dynamic allocation:[0m
[0;32mI (262) heap_init: At 3FFAE6E0 len 0000F480 (61 KiB): DRAM[0m
[0;32mI (268) heap_init: At 3FFC23C8 len 0001DC38 (119 KiB): DRAM[0m
[0;32mI (275) heap_init: At 3FFE0440 len 00003AE0 (14 KiB): D/IRAM[0m
[0;32mI (281) heap_init: At 3FFE4350 len 0001BCB0 (111 KiB): D/IRAM[0m
[0;32mI (287) heap_init: At 4008E7F8 len 00011808 (70 KiB): IRAM[0m
[0;32mI (295) spi_flash: detected chip: winbond[0m
[0;32mI (298) spi_flash: flash io: dio[0m
[0;33mW (303) i2c: This driver is an old driver, please migrate your application code to adapt `driver/i2c_master.h`[0m
[0;32mI (313) coexist: coex firmware version: b6d5e8c[0m
[0;32mI (319) main_task: Started on CPU0[0m
[0;32mI (329) main_task: Calling app_main()[0m
[0;32mI (329) [WI-FI]: [APP] Startup..[0m
[0;32mI (329) [WI-FI]: [APP] Free memory: 291076 bytes[0m
[0;32mI (329) [WI-FI]: [APP] IDF version: v5.3-dev-262-g294c2bd70d[0m
[0;32mI (369) [I2C]: Module configuration successful![0m
[0;32mI (479) main_task: Returned from app_main()[0m
