start: ESP-IDF:          v5.3-dev-262-g294c2bd70d[0m
[0;32mI 8) cpu_start: Min chip rev:     v0.0[0m
[0;32mI (233) cpu_start: Max chip rev:     v3.99 [0m
[0;32mI (238) cpu_start: Chip rev:         v1.0[0m
[0;32mI (243) heap_iï¿½ets Jun  8 2016 00:22:57

rst:0x1 (POWERON_RESET),boot:0x13 (SPI_FAST_FLASH_BOOT)
configsip: 0, SPIWP:0xee
clk_drv:0x00,q_drv:0x00,d_drv:0x00,cs0_drv:0x00,hd_drv:0x00,wp_drv:0x00
mode:DIO, clock div:2
load:0x3fff0030,len:7140
load:0x40078000,len:15500
load:0x40080400,len:4
load:0x40080404,len:3904
entry 0x40080640
[0;32mI (28) boot: ESP-IDF v5.3-dev-262-g294c2bd70d 2nd stage bootloader[0m
[0;32mI (28) boot: compile time Dec 14 2023 19:21:26[0m
[0;32mI (30) boot: Multicore bootloader[0m
[0;32mI (34) boot: chip revision: v1.0[0m
[0;32mI (38) boot.esp32: SPI Speed      : 40MHz[0m
[0;32mI (42) boot.esp32: SPI Mode       : DIO[0m
[0;32mI (47) boot.esp32: SPI Flash Size : 4MB[0m
[0;32mI (52) boot: Enabling RNG early entropy source...[0m
[0;32mI (57) boot: Partition Table:[0m
[0;32mI (61) boot: ## Label            Usage          Type ST Offset   Length[0m
[0;32mI (68) boot:  0 nvs              WiFi data        01 02 00009000 00006000[0m
[0;32mI (75) boot:  1 phy_init         RF data          01 01 0000f000 00001000[0m
[0;32mI (83) boot:  2 factory          factory app      00 00 00010000 00200000[0m
[0;32mI (90) boot: End of partition table[0m
[0;32mI (94) esp_image: segment 0: paddr=00010020 vaddr=3f400020 size=0eca0h ( 60576) map[0m
[0;32mI (115) esp_image: segment 1: paddr=0001ecc8 vaddr=3ffbdb60 size=01350h (  4944) load[0m
[0;32mI (117) esp_image: segment 2: paddr=00020020 vaddr=400d0020 size=1d324h (119588) map[0m
[0;32mI (147) esp_image: segment 3: paddr=0003d34c vaddr=3ffbeeb0 size=021ech (  8684) load[0m
[0;32mI (149) esp_image: segment 4: paddr=0003f540 vaddr=40080000 size=0e53ch ( 58684) load[0m
[0;32mI (175) boot: Loaded app from partition at offset 0x10000[0m
[0;32mI (175) boot: Disabling RNG early entropy source...[0m
[0;32mI (186) cpu_start: Multicore app[0m
[0;32mI (195) cpu_start: Pro cpu start user code[0m
[0;32mI (195) cpu_start: cpu freq: 160000000 Hz[0m
[0;32mI (195) cpu_start: Application information:[0m
[0;32mI (198) cpu_start: Project name:     InteligentStationForGrowingPlan[0m
[0;32mI (205) cpu_start: App version:      821bba1-dirty[0m
[0;32mI (211) cpu_start: Compile time:     Dec 14 2023 19:21:16[0m
[0;32mI (217) cpu_start: ELF file SHA256:  a334e0ce4...[0m
[0;32mI (222) cpu_start: ESP-IDF:          v5.3-dev-262-g294c2bd70d[0m
[0;32mI (228) cpu_start: Min chip rev:     v0.0[0m
[0;32mI (233) cpu_start: Max chip rev:     v3.99 [0m
[0;32mI (238) cpu_start: Chip rev:         v1.0[0m
[0;32mI (243) heap_init: Initializing. RAM available for dynamic allocation:[0m
[0;32mI (250) heap_init: At 3FFAFF10 len 000000F0 (0 KiB): DRAM[0m
[0;32mI (256) heap_init: At 3FFB6388 len 00001C78 (7 KiB): DRAM[0m
[0;32mI (262) heap_init: At 3FFB9A20 len 00004108 (16 KiB): DRAM[0m
[0;32mI (268) heap_init: At 3FFC19F8 len 0001E608 (121 KiB): DRAM[0m
[0;32mI (275) heap_init: At 3FFE0440 len 00003AE0 (14 KiB): D/IRAM[0m
[0;32mI (281) heap_init: At 3FFE4350 len 0001BCB0 (111 KiB): D/IRAM[0m
[0;32mI (287) heap_init: At 4008E53C len 00011AC4 (70 KiB): IRAM[0m
[0;32mI (295) spi_flash: detected chip: winbond[0m
[0;32mI (298) spi_flash: flash io: dio[0m
[0;33mW (302) i2c: This driver is an old driver, please migrate your application code to adapt `driver/i2c_master.h`[0m
[0;32mI (313) coexist: coex firmware version: b6d5e8c[0m
[0;32mI (319) main_task: Started on CPU0[0m
[0;32mI (329) main_task: Calling app_main()[0m
[0;32mI (369) gpio: GPIO[2]| InputEn: 0| OutputEn: 0| OpenDrain: 0| Pullup: 1| Pulldown: 0| Intr:0 [0m
[0;32mI (369) gpio: GPIO[33]| InputEn: 0| OutputEn: 0| OpenDrain: 0| Pullup: 1| Pulldown: 0| Intr:0 [0m
[0;32mI (379) gpio: GPIO[32]| InputEn: 0| OutputEn: 0| OpenDrain: 0| Pullup: 1| Pulldown: 0| Intr:0 [0m
[0;32mI (389) gpio: GPIO[25]| InputEn: 0| OutputEn: 0| OpenDrain: 0| Pullup: 1| Pulldown: 0| Intr:0 [0m
[0;31mE (6979) task_wdt: Task watchdog got triggered. The following tasks/users did not reset the watchdog in time:[0m
[0;31mE (6979) task_wdt:  - IDLE0 (CPU 0)[0m
[0;31mE (6979) task_wdt: Tasks currently running:[0m
[0;31mE (6979) task_wdt: CPU 0: main[0m
[0;31mE (6979) task_wdt: CPU 1: IDLE1[0m
[0;31mE (6979) task_wdt: Print CPU 0 (current core) backtrace[0m


Backtrace: 0x400D9E07:0x3FFBEA10 0x400D9F8E:0x3FFBEA30 0x40083439:0x3FFBEA50 0x400D6B3F:0x3FFBC180 0x400D612F:0x3FFBC1B0 0x400EC9AC:0x3FFBC1D0 0x40088041:0x3FFBC200

[0;31mE (20199) task_wdt: Task watchdog got triggered. The following tasks/users did not reset the watchdog in time:[0m
[0;31mE (20199) task_wdt:  - IDLE0 (CPU 0)[0m
[0;31mE (20199) task_wdt: Tasks currently running:[0m
[0;31mE (20199) task_wdt: CPU 0: main[0m
[0;31mE (20199) task_wdt: CPU 1: IDLE1[0m
[0;31mE (20199) task_wdt: Print CPU 0 (current core) backtrace[0m


Backtrace: 0x400D9E07:0x3FFBEA10 0x400D9F8E:0x3FFBEA30 0x40083439:0x3FFBEA50 0x400D6B39:0x3FFBC180 0x400D612F:0x3FFBC1B0 0x400EC9AC:0x3FFBC1D0 0x40088041:0x3FFBC200

[0;31mE (25199) task_wdt: Task watchdog got triggered. The following tasks/users did not reset the watchdog in time:[0m
[0;31mE (25199) task_wdt:  - IDLE0 (CPU 0)[0m
[0;31mE (25199) task_wdt: Tasks currently running:[0m
[0;31mE (25199) task_wdt: CPU 0: main[0m
[0;31mE (25199) task_wdt: CPU 1: IDLE1[0m
[0;31mE (25199) task_wdt: Print CPU 0 (current core) backtrace[0m


Backtrace: 0x400D9E07:0x3FFBEA10 0x400D9F8E:0x3FFBEA30 0x40083439:0x3FFBEA50 0x400D612A:0x3FFBC1B0 0x400EC9AC:0x3FFBC1D0 0x40088041:0x3FFBC200

