[0m
[0;32mI (232) cpu_start: Min chip rev:     v0.0[0m
[0;I (237) cpu_start: Max chip rev:     v3.99 [0m
[0;32mI (242) cpu_start: Chip rev:         v1.0[0m
[0;32mI (247) heap_init: Initializing. RAM available for dynamic allocation:[0mï¿½ets Jun  8 2016 00:22:57

rst:0x1 (POWERON_RESET),boot:0x13 (SPI_FAST_FLASH_BOOT)
configsip: 0, SPIWP:0xee
clk_drv:0x00,q_drv:0x00,d_drv:0x00,cs0_drv:0x00,hd_drv:0x00,wp_drv:0x00
mode:DIO, clock div:2
load:0x3fff0030,len:7140
load:0x40078000,len:15500
load:0x40080400,len:4
load:0x40080404,len:3904
entry 0x40080640
[0;32mI (28) boot: ESP-IDF v5.3-dev-262-g294c2bd70d 2nd stage bootloader[0m
[0;32mI (29) boot: compile time Dec 14 2023 19:21:26[0m
[0;32mI (30) boot: Multicore bootloader[0m
[0;32mI (34) boot: chip revision: v1.0[0m
[0;32mI (38) boot.esp32: SPI Speed      : 40MHz[0m
[0;32mI (43) boot.esp32: SPI Mode       : DIO[0m
[0;32mI (47) boot.esp32: SPI Flash Size : 4MB[0m
[0;32mI (52) boot: Enabling RNG early entropy source...[0m
[0;32mI (57) boot: Partition Table:[0m
[0;32mI (61) boot: ## Label            Usage          Type ST Offset   Length[0m
[0;32mI (68) boot:  0 nvs              WiFi data        01 02 00009000 00006000[0m
[0;32mI (76) boot:  1 phy_init         RF data          01 01 0000f000 00001000[0m
[0;32mI (83) boot:  2 factory          factory app      00 00 00010000 00200000[0m
[0;32mI (90) boot: End of partition table[0m
[0;32mI (95) esp_image: segment 0: paddr=00010020 vaddr=3f400020 size=0f498h ( 62616) map[0m
[0;32mI (116) esp_image: segment 1: paddr=0001f4c0 vaddr=3ffbdb60 size=00b58h (  2904) load[0m
[0;32mI (117) esp_image: segment 2: paddr=00020020 vaddr=400d0020 size=1f964h (129380) map[0m
[0;32mI (149) esp_image: segment 3: paddr=0003f98c vaddr=3ffbe6b8 size=02aa8h ( 10920) load[0m
[0;32mI (152) esp_image: segment 4: paddr=0004243c vaddr=40080000 size=0f4ach ( 62636) load[0m
[0;32mI (178) boot: Loaded app from partition at offset 0x10000[0m
[0;32mI (179) boot: Disabling RNG early entropy source...[0m
[0;32mI (190) cpu_start: Multicore app[0m
[0;32mI (199) cpu_start: Pro cpu start user code[0m
[0;32mI (199) cpu_start: cpu freq: 160000000 Hz[0m
[0;32mI (199) cpu_start: Application information:[0m
[0;32mI (202) cpu_start: Project name:     InteligentStationForGrowingPlan[0m
[0;32mI (209) cpu_start: App version:      821bba1-dirty[0m
[0;32mI (214) cpu_start: Compile time:     Jan 24 2024 23:21:30[0m
[0;32mI (220) cpu_start: ELF file SHA256:  156ce5ce6...[0m
[0;32mI (226) cpu_start: ESP-IDF:          v5.3-dev-262-g294c2bd70d[0m
[0;32mI (232) cpu_start: Min chip rev:     v0.0[0m
[0;32mI (237) cpu_start: Max chip rev:     v3.99 [0m
[0;32mI (242) cpu_start: Chip rev:         v1.0[0m
[0;32mI (247) heap_init: Initializing. RAM available for dynamic allocation:[0m
[0;32mI (254) heap_init: At 3FFAE6E0 len 0000F480 (61 KiB): DRAM[0m
[0;32mI (260) heap_init: At 3FFC1AC0 len 0001E540 (121 KiB): DRAM[0m
[0;32mI (266) heap_init: At 3FFE0440 len 00003AE0 (14 KiB): D/IRAM[0m
[0;32mI (272) heap_init: At 3FFE4350 len 0001BCB0 (111 KiB): D/IRAM[0m
[0;32mI (279) heap_init: At 4008F4AC len 00010B54 (66 KiB): IRAM[0m
[0;32mI (287) spi_flash: detected chip: winbond[0m
[0;32mI (290) spi_flash: flash io: dio[0m
[0;33mW (294) i2c: This driver is an old driver, please migrate your application code to adapt `driver/i2c_master.h`[0m
[0;32mI (305) coexist: coex firmware version: b6d5e8c[0m
[0;32mI (310) main_task: Started on CPU0[0m
[0;32mI (320) main_task: Calling app_main()[0m
[0;32mI (350) gpio: GPIO[33]| InputEn: 0| OutputEn: 1| OpenDrain: 0| Pullup: 0| Pulldown: 0| Intr:0 [0m
[0;32mI (350) gpio: GPIO[32]| InputEn: 0| OutputEn: 1| OpenDrain: 0| Pullup: 0| Pulldown: 0| Intr:0 [0m
[0;32mI (350) gpio: GPIO[2]| InputEn: 0| OutputEn: 1| OpenDrain: 0| Pullup: 0| Pulldown: 0| Intr:0 [0m
[0;32mI (360) gpio: GPIO[25]| InputEn: 1| OutputEn: 0| OpenDrain: 0| Pullup: 0| Pulldown: 0| Intr:3 [0m
[0;31mE (390) esp_clk_tree: esp_clk_tree_src_get_freq_hz(21): unknown clk src[0m
[0;31mE (390) rmt: rmt_select_periph_clock(159): get clock source frequency failed[0m
[0;31mE (390) rmt: rmt_new_rx_channel(249): set group clock failed[0m
[0;31mE (400) am2302.rmt: am2302_new_sensor_rmt(194): create rmt rx channel failed[0m
ESP_ERROR_CHECK failed: esp_err_t 0x102 (ESP_ERR_INVALID_ARG) at 0x400d6076
file: "./main/am2320.c" line 13
func: config_am2320
expression: am2302_new_sensor_rmt(&am2302_config, &rmt_config, &sensor)

abort() was called at PC 0x40087dbb on core 0


Backtrace: 0x4008180a:0x3ffb22e0 0x40087dc5:0x3ffb2300 0x4008de29:0x3ffb2320 0x40087dbb:0x3ffb2390 0x400d6076:0x3ffb23c0 0x400d6331:0x3ffb2410 0x400eefec:0x3ffb2430 0x400888ad:0x3ffb2460




ELF file SHA256: 156ce5ce6

Rebooting...
ets Jun  8 2016 00:22:57

rst:0xc (SW_CPU_RESET),boot:0x13 (SPI_FAST_FLASH_BOOT)
configsip: 0, SPIWP:0xee
clk_drv:0x00,q_drv:0x00,d_drv:0x00,cs0_drv:0x00,hd_drv:0x00,wp_drv:0x00
mode:DIO, clock div:2
load:0x3fff0030,len:7140
load:0x40078000,len:15500
load:0x40080400,len:4
load:0x40080404,len:3904
entry 0x40080640
[0;32mI (29) boot: ESP-IDF v5.3-dev-262-g294c2bd70d 2nd stage bootloader[0m
[0;32mI (29) boot: compile time Dec 14 2023 19:21:26[0m
[0;32mI (31) boot: Multicore bootloader[0m
[0;32mI (35) boot: chip revision: v1.0[0m
[0;32mI (39) boot.esp32: SPI Speed      : 40MHz[0m
[0;32mI (43) boot.esp32: SPI Mode       : DIO[0m
[0;32mI (48) boot.esp32: SPI Flash Size : 4MB[0m
[0;32mI (52) boot: Enabling RNG early entropy source...[0m
[0;32mI (58) boot: Partition Table:[0m
[0;32mI (61) boot: ## Label            Usage          Type ST Offset   Length[0m
[0;32mI (69) boot:  0 nvs              WiFi data        01 02 00009000 00006000[0m
[0;32mI (76) boot:  1 phy_init         RF data          01 01 0000f000 00001000[0m
[0;32mI (84) boot:  2 factory          factory app      00 00 00010000 00200000[0m
[0;32mI (91) boot: End of partition table[0m
[0;32mI (95) esp_image: segment 0: paddr=00010020 vaddr=3f400020 size=0f498h ( 62616) map[0m
[0;32mI (117) esp_image: segment 1: paddr=0001f4c0 vaddr=3ffbdb60 size=00b58h (  2904) load[0m
[0;32mI (118) esp_image: segment 2: paddr=00020020 vaddr=400d0020 size=1f964h (129380) map[0m
[0;32mI (150) esp_image: segment 3: paddr=0003f98c vaddr=3ffbe6b8 size=02aa8h ( 10920) load[0m
[0;32mI (152) esp_image: segment 4: paddr=0004243c vaddr=40080000 size=0f4ach ( 62636) load[0m
[0;32mI (179) boot: Loaded app from partition at offset 0x10000[0m
[0;32mI (179) boot: Disabling RNG early entropy source...[0m
[0;32mI (191) cpu_start: Multicore app[0m
[0;32mI (199) cpu_start: Pro cpu start user code[0m
[0;32mI (199) cpu_start: cpu freq: 160000000 Hz[0m
[0;32mI (200) cpu_start: Application information:[0m
[0;32mI (203) cpu_start: Project name:     InteligentStationForGrowingPlan[0m
[0;32mI (210) cpu_start: App version:      821bba1-dirty[0m
[0;32mI (215) cpu_start: Compile time:     Jan 24 2024 23:21:30[0m
[0;32mI (221) cpu_start: ELF file SHA256:  156ce5ce6...[0m
[0;32mI (226) cpu_start: ESP-IDF:          v5.3-dev-262-g294c2bd70d[0m
[0;32mI (233) cpu_start: Min chip rev:     v0.0[0m
[0;32mI (238) cpu_start: Max chip rev:     v3.99 [0m
[0;32mI (242) cpu_start: Chip rev:         v1.0[0m
[0;32mI (247) heap_init: Initializing. RAM available for dynamic allocation:[0m
[0;32mI (255) heap_init: At 3FFAE6E0 len 0000F480 (61 KiB): DRAM[0m
[0;32mI (261) heap_init: At 3FFC1AC0 len 0001E540 (121 KiB): DRAM[0m
[0;32mI (267) heap_init: At 3FFE0440 len 00003AE0 (14 KiB): D/IRAM[0m
[0;32mI (273) heap_init: At 3FFE4350 len 0001BCB0 (111 KiB): D/IRAM[0m
[0;32mI (280) heap_init: At 4008F4AC len 00010B54 (66 KiB): IRAM[0m
[0;32mI (287) spi_flash: detected chip: winbond[0m
[0;32mI (290) spi_flash: flash io: dio[0m
[0;33mW (295) i2c: This driver is an old driver, please migrate your application code to adapt `driver/i2c_master.h`[0m
[0;32mI (305) coexist: coex firmware version: b6d5e8c[0m
[0;32mI (311) main_task: Started on CPU0[0m
[0;32mI (321) main_task: Calling app_main()[0m
[0;32mI (351) gpio: GPIO[33]| InputEn: 0| OutputEn: 1| OpenDrain: 0| Pullup: 0| Pulldown: 0| Intr:0 [0m
[0;32mI (351) gpio: GPIO[32]| InputEn: 0| OutputEn: 1| OpenDrain: 0| Pullup: 0| Pulldown: 0| Intr:0 [0m
[0;32mI (351) gpio: GPIO[2]| InputEn: 0| OutputEn: 1| OpenDrain: 0| Pullup: 0| Pulldown: 0| Intr:0 [0m
[0;32mI (361) gpio: GPIO[25]| InputEn: 1| OutputEn: 0| OpenDrain: 0| Pullup: 0| Pulldown: 0| Intr:3 [0m
[0;31mE (391) esp_clk_tree: esp_clk_tree_src_get_freq_hz(21): unknown clk src[0m
[0;31mE (391) rmt: rmt_select_periph_clock(159): get clock source frequency failed[0m
[0;31mE (391) rmt: rmt_new_rx_channel(249): set group clock failed[0m
[0;31mE (401) am2302.rmt: am2302_new_sensor_rmt(194): create rmt rx channel failed[0m
ESP_ERROR_CHECK failed: esp_err_t 0x102 (ESP_ERR_INVALID_ARG) at 0x400d6076
file: "./main/am2320.c" line 13
func: config_am2320
expression: am2302_new_sensor_rmt(&am2302_config, &rmt_config, &sensor)

abort() was called at PC 0x40087dbb on core 0


Backtrace: 0x4008180a:0x3ffb22e0 0x40087dc5:0x3ffb2300 0x4008de29:0x3ffb2320 0x40087dbb:0x3ffb2390 0x400d6076:0x3ffb23c0 0x400d6331:0x3ffb2410 0x400eefec:0x3ffb2430 0x400888ad:0x3ffb2460




ELF file SHA256: 156ce5ce6

Rebooting...
ets Jun  8 2016 00:22:57

rst:0xc (SW_CPU_RESET),boot:0x13 (SPI_FAST_FLASH_BOOT)
configsip: 0, SPIWP:0xee
clk_drv:0x00,q_drv:0x00,d_drv:0x00,cs0_drv:0x00,hd_drv:0x00,wp_drv:0x00
mode:DIO, clock div:2
load:0x3fff0030,len:7140
load:0x40078000,len:15500
load:0x40080400,len:4
load:0x40080404,len:3904
entry 0x40080640
[0;32mI (29) boot: ESP-IDF v5.3-dev-262-g294c2bd70d 2nd stage bootloader[0m
[0;32mI (29) boot: compile time Dec 14 2023 19:21:26[0m
[0;32mI (31) boot: Multicore bootloader[0m
[0;32mI (35) boot: chip revision: v1.0[0m
[0;32mI (39) boot.esp32: SPI Speed      : 40MHz[0m
[0;32mI (43) boot.esp32: SPI Mode       : DIO[0m
[0;32mI (48) boot.esp32: SPI Flash Size : 4MB[0m
[0;32mI (52) boot: Enabling RNG early entropy source...[0m
[0;32mI (58) boot: Partition Table:[0m
[0;32mI (61) boot: ## Label            Usage          Type ST Offset   Length[0m
[0;32mI (69) boot:  0 nvs              WiFi data        01 02 00009000 00006000[0m
[0;32mI (76) boot:  1 phy_init         RF data          01 01 0000f000 00001000[0m
[0;32mI (84) boot:  2 factory          factory app      00 00 00010000 00200000[0m
[0;32mI (91) boot: End of partition table[0m
[0;32mI (95) esp_image: segment 0: paddr=00010020 vaddr=3f400020 size=0f498h ( 62616) map[0m
[0;32mI (117) esp_image: segment 1: paddr=0001f4c0 vaddr=3ffbdb60 size=00b58h (  2904) load[0m
[0;32mI (118) esp_image: segment 2: paddr=00020020 vaddr=400d0020 size=1f964h (129380) map[0m
[0;32mI (150) esp_image: segment 3: paddr=0003f98c vaddr=3ffbe6b8 size=02aa8h ( 10920) load[0m
[0;32mI (152) esp_image: segment 4: paddr=0004243c vaddr=40080000 size=0f4ach ( 62636) load[0m
[0;32mI (179) boot: Loaded app from partition at offset 0x10000[0m
[0;32mI (179) boot: Disabling RNG early entropy source...[0m
[0;32mI (191) cpu_start: Multicore app[0m
[0;32mI (199) cpu_start: Pro cpu start user code[0m
[0;32mI (199) cpu_start: cpu freq: 160000000 Hz[0m
[0;32mI (200) cpu_start: Application information:[0m
[0;32mI (203) cpu_start: Project name:     InteligentStationForGrowingPlan[0m
[0;32mI (210) cpu_start: App version:      821bba1-dirty[0m
[0;32mI (215) cpu_start: Compile time:     Jan 24 2024 23:21:30[0m
[0;32mI (221) cpu_start: ELF file SHA256:  156ce5ce6...[0m
[0;32mI (226) cpu_start: ESP-IDF:          v5.3-dev-262-g294c2bd70d[0m
[0;32mI (233) cpu_start: Min chip rev:     v0.0[0m
[0;32mI (238) cpu_start: Max chip rev:     v3.99 [0m
[0;32mI (242) cpu_start: Chip rev:         v1.0[0m
[0;32mI (247) heap_init: Initializing. RAM available for dynamic allocation:[0m
[0;32mI (255) heap_init: At 3FFAE6E0 len 0000F480 (61 KiB): DRAM[0m
[0;32mI (261) heap_init: At 3FFC1AC0 len 0001E540 (121 KiB): DRAM[0m
[0;32mI (267) heap_init: At 3FFE0440 len 00003AE0 (14 KiB): D/IRAM[0m
[0;32mI (273) heap_init: At 3FFE4350 len 0001BCB0 (111 KiB): D/IRAM[0m
[0;32mI (280) heap_init: At 4008F4AC len 00010B54 (66 KiB): IRAM[0m
[0;32mI (287) spi_flash: detected chip: winbond[0m
[0;32mI (290) spi_flash: flash io: dio[0m
[0;33mW (295) i2c: This driver is an old driver, please migrate your application code to adapt `driver/i2c_master.h`[0m
[0;32mI (305) coexist: coex firmware version: b6d5e8c[0m
[0;32mI (311) main_task: Started on CPU0[0m
[0;32mI (321) main_task: Calling app_main()[0m
[0;32mI (351) gpio: GPIO[33]| InputEn: 0| OutputEn: 1| OpenDrain: 0| Pullup: 0| Pulldown: 0| Intr:0 [0m
[0;32mI (351) gpio: GPIO[32]| InputEn: 0| OutputEn: 1| OpenDrain: 0| Pullup: 0| Pulldown: 0| Intr:0 [0m
[0;32mI (351) gpio: GPIO[2]| InputEn: 0| OutputEn: 1| OpenDrain: 0| Pullup: 0| Pulldown: 0| Intr:0 [0m
[0;32mI (361) gpio: GPIO[25]| InputEn: 1| OutputEn: 0| OpenDrain: 0| Pullup: 0| Pulldown: 0| Intr:3 [0m
[0;31mE (391) esp_clk_tree: esp_clk_tree_src_get_freq_hz(21): unknown clk src[0m
[0;31mE (391) rmt: rmt_select_periph_clock(159): get clock source frequency failed[0m
[0;31mE (391) rmt: rmt_new_rx_channel(249): set group clock failed[0m
[0;31mE (401) am2302.rmt: am2302_new_sensor_rmt(194): create rmt rx channel failed[0m
ESP_ERROR_CHECK failed: esp_err_t 0x102 (ESP_ERR_INVALID_ARG) at 0x400d6076
file: "./main/am2320.c" line 13
func: config_am2320
expression: am2302_new_sensor_rmt(&am2302_config, &rmt_config, &sensor)

abort() was called at PC 0x40087dbb on core 0


Backtrace: 0x4008180a:0x3ffb22e0 0x40087dc5:0x3ffb2300 0x4008de29:0x3ffb2320 0x40087dbb:0x3ffb2390 0x400d6076:0x3ffb23c0 0x400d6331:0x3ffb2410 0x400eefec:0x3ffb2430 0x400888ad:0x3ffb2460




ELF file SHA256: 156ce5ce6

Rebooting...
ets Jun  8 2016 00:22:57

rst:0xc (SW_CPU_RESET),boot:0x13 (SPI_FAST_FLASH_BOOT)
configsip: 0, SPIWP:0xee
clk_drv:0x00,q_drv:0x00,d_drv:0x00,cs0_drv:0x00,hd_drv:0x00,wp_drv:0x00
mode:DIO, clock div:2
load:0x3fff0030,len:7140
load:0x40078000,len:15500
load:0x40080400,len:4
load:0x40080404,len:3904
entry 0x40080640
[0;32mI (29) boot: ESP-IDF v5.3-dev-262-g294c2bd70d 2nd stage bootloader[0m
[0;32mI (29) boot: compile time Dec 14 2023 19:21:26[0m
[0;32mI (31) boot: Multicore bootloader[0m
[0;32mI (35) boot: chip revision: v1.0[0m
[0;32mI (39) boot.esp32: SPI Speed      : 40MHz[0m
[0;32mI (43) boot.esp32: SPI Mode       : DIO[0m
[0;32mI (48) boot.esp32: SPI Flash Size : 4MB[0m
[0;32mI (52) boot: Enabling RNG early entropy source...[0m
[0;32mI (58) boot: Partition Table:[0m
[0;32mI (61) boot: ## Label            Usage          Type ST Offset   Length[0m
[0;32mI (69) boot:  0 nvs              WiFi data        01 02 00009000 00006000[0m
[0;32mI (76) boot:  1 phy_init         RF data          01 01 0000f000 00001000[0m
[0;32mI (84) boot:  2 factory          factory app      00 00 00010000 00200000[0m
[0;32mI (91) boot: End of partition table[0m
[0;32mI (95) esp_image: segment 0: paddr=00010020 vaddr=3f400020 size=0f498h ( 62616) map[0m
[0;32mI (117) esp_image: segment 1: paddr=0001f4c0 vaddr=3ffbdb60 size=00b58h (  2904) load[0m
[0;32mI (118) esp_image: segment 2: paddr=00020020 vaddr=400d0020 size=1f964h (129380) map[0m
[0;32mI (150) esp_image: segment 3: paddr=0003f98c vaddr=3ffbe6b8 size=02aa8h ( 10920) load[0m
[0;32mI (152) esp_image: segment 4: paddr=0004243c vaddr=40080000 size=0f4ach ( 62636) load[0m
[0;32mI (179) boot: Loaded app from partition at offset 0x10000[0m
[0;32mI (179) boot: Disabling RNG early entropy source...[0m
[0;32mI (191) cpu_start: Multicore app[0m
[0;32mI (199) cpu_start: Pro cpu start user code[0m
[0;32mI (199) cpu_start: cpu freq: 160000000 Hz[0m
[0;32mI (200) cpu_start: Application information:[0m
[0;32mI (203) cpu_start: Project name:     InteligentStationForGrowingPlan[0m
[0;32mI (210) cpu_start: App version:      821bba1-dirty[0m
[0;32mI (215) cpu_start: Compile time:     Jan 24 2024 23:21:30[0m
[0;32mI (221) cpu_start: ELF file SHA256:  156ce5ce6...[0m
[0;32mI (226) cpu_start: ESP-IDF:          v5.3-dev-262-g294c2bd70d[0m
[0;32mI (233) cpu_start: Min chip rev:     v0.0[0m
[0;32mI (238) cpu_start: Max chip rev:     v3.99 [0m
[0;32mI (242) cpu_start: Chip rev:         v1.0[0m
[0;32mI (247) heap_init: Initializing. RAM available for dynamic allocation:[0m
[0;32mI (255) heap_init: At 3FFAE6E0 len 0000F480 (61 KiB): DRAM[0m
[0;32mI (261) heap_init: At 3FFC1AC0 len 0001E540 (121 KiB): DRAM[0m
[0;32mI (267) heap_init: At 3FFE0440 len 00003AE0 (14 KiB): D/IRAM[0m
[0;32mI (273) heap_init: At 3FFE4350 len 0001BCB0 (111 KiB): D/IRAM[0m
[0;32mI (280) heap_init: At 4008F4AC len 00010B54 (66 KiB): IRAM[0m
[0;32mI (287) spi_flash: detected chip: winbond[0m
[0;32mI (290) spi_flash: flash io: dio[0m
[0;33mW (295) i2c: This driver is an old driver, please migrate your application code to adapt `driver/i2c_master.h`[0m
[0;32mI (305) coexist: coex firmware version: b6d5e8c[0m
[0;32mI (311) main_task: Started on CPU0[0m
[0;32mI (321) main_task: Calling app_main()[0m
[0;32mI (351) gpio: GPIO[33]| InputEn: 0| OutputEn: 1| OpenDrain: 0| Pullup: 0| Pulldown: 0| Intr:0 [0m
[0;32mI (351) gpio: GPIO[32]| InputEn: 0| OutputEn: 1| OpenDrain: 0| Pullup: 0| Pulldown: 0| Intr:0 [0m
[0;32mI (351) gpio: GPIO[2]| InputEn: 0| OutputEn: 1| OpenDrain: 0| Pullup: 0| Pulldown: 0| Intr:0 [0m
[0;32mI (361) gpio: GPIO[25]| InputEn: 1| OutputEn: 0| OpenDrain: 0| Pullup: 0| Pulldown: 0| Intr:3 [0m
[0;31mE (391) esp_clk_tree: esp_clk_tree_src_get_freq_hz(21): unknown clk src[0m
[0;31mE (391) rmt: rmt_select_periph_clock(159): get clock source frequency failed[0m
[0;31mE (391) rmt: rmt_new_rx_channel(249): set group clock failed[0m
[0;31mE (401) am2302.rmt: am2302_new_sensor_rmt(194): create rmt rx channel failed[0m
ESP_ERROR_CHECK failed: esp_err_t 0x102 (ESP_ERR_INVALID_ARG) at 0x400d6076
file: "./main/am2320.c" line 13
func: config_am2320
expression: am2302_new_sensor_rmt(&am2302_config, &rmt_config, &sensor)

abort() was called at PC 0x40087dbb on core 0


Backtrace: 0x4008180a:0x3ffb22e0 0x40087dc5:0x3ffb2300 0x4008de29:0x3ffb2320 0x40087dbb:0x3ffb2390 0x400d6076:0x3ffb23c0 0x400d6331:0x3ffb2410 0x400eefec:0x3ffb2430 0x400888ad:0x3ffb2460




ELF file SHA256: 156ce5ce6

Rebooting...
ets Jun  8 2016 00:22:57

rst:0xc (SW_CPU_RESET),boot:0x13 (SPI_FAST_FLASH_BOOT)
configsip: 0, SPIWP:0xee
clk_drv:0x00,q_drv:0x00,d_drv:0x00,cs0_drv:0x00,hd_drv:0x00,wp_drv:0x00
mode:DIO, clock div:2
load:0x3fff0030,len:7140
load:0x40078000,len:15500
load:0x40080400,len:4
load:0x40080404,len:3904
entry 0x40080640
[0;32mI (29) boot: ESP-IDF v5.3-dev-262-g294c2bd70d 2nd stage bootloader[0m
[0;32mI (29) boot: compile time Dec 14 2023 19:21:26[0m
[0;32mI (31) boot: Multicore bootloader[0m
[0;32mI (35) boot: chip revision: v1.0[0m
[0;32mI (39) boot.esp32: SPI Speed      : 40MHz[0m
[0;32mI (43) boot.esp32: SPI Mode       : DIO[0m
[0;32mI (48) boot.esp32: SPI Flash Size : 4MB[0m
[0;32mI (52) boot: Enabling RNG early entropy source...[0m
[0;32mI (58) boot: Partition Table:[0m
[0;32mI (61) boot: ## Label            Usage          Type ST Offset   Length[0m
[0;32mI (69) boot:  0 nvs              WiFi data        01 02 00009000 00006000[0m
[0;32mI (76) boot:  1 phy_init         RF data          01 01 0000f000 00001000[0m
[0;32mI (84) boot:  2 factory          factory app      00 00 00010000 00200000[0m
[0;32mI (91) boot: End of partition table[0m
[0;32mI (95) esp_image: segment 0: paddr=00010020 vaddr=3f400020 size=0f498h ( 62616) map[0m
[0;32mI (117) esp_image: segment 1: paddr=0001f4c0 vaddr=3ffbdb60 size=00b58h (  2904) load[0m
[0;32mI (118) esp_image: segment 2: paddr=00020020 vaddr=400d0020 size=1f964h (129380) map[0m
[0;32mI (150) esp_image: segment 3: paddr=0003f98c vaddr=3ffbe6b8 size=02aa8h ( 10920) load[0m
[0;32mI (152) esp_image: segment 4: paddr=0004243c vaddr=40080000 size=0f4ach ( 62636) load[0m
[0;32mI (179) boot: Loaded app from partition at offset 0x10000[0m
[0;32mI (179) boot: Disabling RNG early entropy source...[0m
[0;32mI (191) cpu_start: Multicore app[0m
[0;32mI (199) cpu_start: Pro cpu start user code[0m
[0;32mI (199) cpu_start: cpu freq: 160000000 Hz[0m
[0;32mI (200) cpu_start: Application information:[0m
[0;32mI (203) cpu_start: Project name:     InteligentStationForGrowingPlan[0m
[0;32mI (210) cpu_start: App version:      821bba1-dirty[0m
[0;32mI (215) cpu_start: Compile time:     Jan 24 2024 23:21:30[0m
[0;32mI (221) cpu_start: ELF file SHA256:  156ce5ce6...[0m
[0;32mI (226) cpu_start: ESP-IDF:          v5.3-dev-262-g294c2bd70d[0m
[0;32mI (233) cpu_start: Min chip rev:     v0.0[0m
[0;32mI (238) cpu_start: Max chip rev:     v3.99 [0m
[0;32mI (242) cpu_start: Chip rev:         v1.0[0m
[0;32mI (247) heap_init: Initializing. RAM available for dynamic allocation:[0m
[0;32mI (255) heap_init: At 3FFAE6E0 len 0000F480 (61 KiB): DRAM[0m
[0;32mI (261) heap_init: At 3FFC1AC0 len 0001E540 (121 KiB): DRAM[0m
[0;32mI (267) heap_init: At 3FFE0440 len 00003AE0 (14 KiB): D/IRAM[0m
[0;32mI (273) heap_init: At 3FFE4350 len 0001BCB0 (111 KiB): D/IRAM[0m
[0;32mI (280) heap_init: At 4008F4AC len 00010B54 (66 KiB): IRAM[0m
[0;32mI (287) spi_flash: detected chip: winbond[0m
[0;32mI (290) spi_flash: flash io: dio[0m
[0;33mW (295) i2c: This driver is an old driver, please migrate your application code to adapt `driver/i2c_master.h`[0m
[0;32mI (305) coexist: coex firmware version: b6d5e8c[0m
[0;32mI (311) main_task: Started on CPU0[0m
[0;32mI (321) main_task: Calling app_main()[0m
[0;32mI (351) gpio: GPIO[33]| InputEn: 0| OutputEn: 1| OpenDrain: 0| Pullup: 0| Pulldown: 0| Intr:0 [0m
[0;32mI (351) gpio: GPIO[32]| InputEn: 0| OutputEn: 1| OpenDrain: 0| Pullup: 0| Pulldown: 0| Intr:0 [0m
[0;32mI (351) gpio: GPIO[2]| InputEn: 0| OutputEn: 1| OpenDrain: 0| Pullup: 0| Pulldown: 0| Intr:0 [0m
[0;32mI (361) gpio: GPIO[25]| InputEn: 1| OutputEn: 0| OpenDrain: 0| Pullup: 0| Pulldown: 0| Intr:3 [0m
[0;31mE (391) esp_clk_tree: esp_clk_tree_src_get_freq_hz(21): unknown clk src[0m
[0;31mE (391) rmt: rmt_select_periph_clock(159): get clock source frequency failed[0m
[0;31mE (391) rmt: rmt_new_rx_channel(249): set group clock failed[0m
[0;31mE (401) am2302.rmt: am2302_new_sensor_rmt(194): create rmt rx channel failed[0m
ESP_ERROR_CHECK failed: esp_err_t 0x102 (ESP_ERR_INVALID_ARG) at 0x400d6076
file: "./main/am2320.c" line 13
func: config_am2320
expression: am2302_new_sensor_rmt(&am2302_config, &rmt_config, &sensor)

abort() was called at PC 0x40087dbb on core 0


Backtrace: 0x4008180a:0x3ffb22e0 0x40087dc5:0x3ffb2300 0x4008de29:0x3ffb2320 0x40087dbb:0x3ffb2390 0x400d6076:0x3ffb23c0 0x400d6331:0x3ffb2410 0x400eefec:0x3ffb2430 0x400888ad:0x3ffb2460




ELF file SHA256: 156ce5ce6

Rebooting...
ets Jun  8 2016 00:22:57

rst:0xc (SW_CPU_RESET),boot:0x13 (SPI_FAST_FLASH_BOOT)
configsip: 0, SPIWP:0xee
clk_drv:0x00,q_drv:0x00,d_drv:0x00,cs0_drv:0x00,hd_drv:0x00,wp_drv:0x00
mode:DIO, clock div:2
load:0x3fff0030,len:7140
load:0x40078000,len:15500
load:0x40080400,len:4
load:0x40080404,len:3904
entry 0x40080640
[0;32mI (29) boot: ESP-IDF v5.3-dev-262-g294c2bd70d 2nd stage bootloader[0m
[0;32mI (29) boot: compile time Dec 14 2023 19:21:26[0m
[0;32mI (31) boot: Multicore bootloader[0m
[0;32mI (35) boot: chip revision: v1.0[0m
[0;32mI (39) boot.esp32: SPI Speed      : 40MHz[0m
[0;32mI (43) boot.esp32: SPI Mode       : DIO[0m
[0;32mI (48) boot.esp32: SPI Flash Size : 4MB[0m
[0;32mI (52) boot: Enabling RNG early entropy source...[0m
[0;32mI (58) boot: Partition Table:[0m
[0;32mI (61) boot: ## Label            Usage          Type ST Offset   Length[0m
[0;32mI (69) boot:  0 nvs              WiFi data        01 02 00009000 00006000[0m
[0;32mI (76) boot:  1 phy_init         RF data          01 01 0000f000 00001000[0m
[0;32mI (84) boot:  2 factory          factory app      00 00 00010000 00200000[0m
[0;32mI (91) boot: End of partition table[0m
[0;32mI (95) esp_image: segment 0: paddr=00010020 vaddr=3f400020 size=0f498h ( 62616) map[0m
[0;32mI (117) esp_image: segment 1: paddr=0001f4c0 vaddr=3ffbdb60 size=00b58h (  2904) load[0m
[0;32mI (118) esp_image: segment 2: paddr=00020020 vaddr=400d0020 size=1f964h (129380) map[0m
[0;32mI (150) esp_image: segment 3: paddr=0003f98c vaddr=3ffbe6b8 size=02aa8h ( 10920) load[0m
[0;32mI (152) esp_image: segment 4: paddr=0004243c vaddr=40080000 size=0f4ach ( 62636) load[0m
[0;32mI (179) boot: Loaded app from partition at offset 0x10000[0m
[0;32mI (179) boot: Disabling RNG early entropy source...[0m
[0;32mI (191) cpu_start: Multicore app[0m
[0;32mI (199) cpu_start: Pro cpu start user code[0m
[0;32mI (199) cpu_start: cpu freq: 160000000 Hz[0m
[0;32mI (200) cpu_start: Application information:[0m
[0;32mI (203) cpu_start: Project name:     InteligentStationForGrowingPlan[0m
[0;32mI (210) cpu_start: App version:      821bba1-dirty[0m
[0;32mI (215) cpu_start: Compile time:     Jan 24 2024 23:21:30[0m
[0;32mI (221) cpu_start: ELF file SHA256:  156ce5ce6...[0m
[0;32mI (226) cpu_start: ESP-IDF:          v5.3-dev-262-g294c2bd70d[0m
[0;32mI (233) cpu_start: Min chip rev:     v0.0[0m
[0;32mI (238) cpu_start: Max chip rev:     v3.99 [0m
[0;32mI (242) cpu_start: Chip rev:         v1.0[0m
[0;32mI (247) heap_init: Initializing. RAM available for dynamic allocation:[0m
[0;32mI (255) heap_init: At 3FFAE6E0 len 0000F480 (61 KiB): DRAM[0m
[0;32mI (261) heap_init: At 3FFC1AC0 len 0001E540 (121 KiB): DRAM[0m
[0;32mI (267) heap_init: At 3FFE0440 len 00003AE0 (14 KiB): D/IRAM[0m
[0;32mI (273) heap_init: At 3FFE4350 len 0001BCB0 (111 KiB): D/IRAM[0m
[0;32mI (280) heap_init: At 4008F4AC len 00010B54 (66 KiB): IRAM[0m
[0;32mI (287) spi_flash: detected chip: winbond[0m
[0;32mI (290) spi_flash: flash io: dio[0m
[0;33mW (295) i2c: This driver is an old driver, please migrate your application code to adapt `driver/i2c_master.h`[0m
[0;32mI (305) coexist: coex firmware version: b6d5e8c[0m
[0;32mI (311) main_task: Started on CPU0[0m
[0;32mI (321) main_task: Calling app_main()[0m
[0;32mI (351) gpio: GPIO[33]| InputEn: 0| OutputEn: 1| OpenDrain: 0| Pullup: 0| Pulldown: 0| Intr:0 [0m
[0;32mI (351) gpio: GPIO[32]| InputEn: 0| OutputEn: 1| OpenDrain: 0| Pullup: 0| Pulldown: 0| Intr:0 [0m
[0;32mI (351) gpio: GPIO[2]| InputEn: 0| OutputEn: 1| OpenDrain: 0| Pullup: 0| Pulldown: 0| Intr:0 [0m
[0;32mI (361) gpio: GPIO[25]| InputEn: 1| OutputEn: 0| OpenDrain: 0| Pullup: 0| Pulldown: 0| Intr:3 [0m
[0;31mE (391) esp_clk_tree: esp_clk_tree_src_get_freq_hz(21): unknown clk src[0m
[0;31mE (391) rmt: rmt_select_periph_clock(159): get clock source frequency failed[0m
[0;31mE (391) rmt: rmt_new_rx_channel(249): set group clock failed[0m
[0;31mE (401) am2302.rmt: am2302_new_sensor_rmt(194): create rmt rx channel failed[0m
ESP_ERROR_CHECK failed: esp_err_t 0x102 (ESP_ERR_INVALID_ARG) at 0x400d6076
file: "./main/am2320.c" line 13
func: config_am2320
expression: am2302_new_sensor_rmt(&am2302_config, &rmt_config, &sensor)

abort() was called at PC 0x40087dbb on core 0


Backtrace: 0x4008180a:0x3ffb22e0 0x40087dc5:0x3ffb2300 0x4008de29:0x3ffb2320 0x40087dbb:0x3ffb2390 0x400d6076:0x3ffb23c0 0x400d6331:0x3ffb2410 0x400eefec:0x3ffb2430 0x400888ad:0x3ffb2460




ELF file SHA256: 156ce5ce6

Rebooting...
ets Jun  8 2016 00:22:57

rst:0xc (SW_CPU_RESET),boot:0x13 (SPI_FAST_FLASH_BOOT)
configsip: 0, SPIWP:0xee
clk_drv:0x00,q_drv:0x00,d_drv:0x00,cs0_drv:0x00,hd_drv:0x00,wp_drv:0x00
mode:DIO, clock div:2
load:0x3fff0030,len:7140
load:0x40078000,len:15500
load:0x40080400,len:4
load:0x40080404,len:3904
entry 0x40080640
[0;32mI (29) boot: ESP-IDF v5.3-dev-262-g294c2bd70d 2nd stage bootloader[0m
[0;32mI (29) boot: compile time Dec 14 2023 19:21:26[0m
[0;32mI (31) boot: Multicore bootloader[0m
[0;32mI (35) boot: chip revision: v1.0[0m
[0;32mI (39) boot.esp32: SPI Speed      : 40MHz[0m
[0;32mI (43) boot.esp32: SPI Mode       : DIO[0m
[0;32mI (48) boot.esp32: SPI Flash Size : 4MB[0m
[0;32mI (52) boot: Enabling RNG early entropy source...[0m
[0;32mI (58) boot: Partition Table:[0m
[0;32mI (61) boot: ## Label            Usage          Type ST Offset   Length[0m
[0;32mI (69) boot:  0 nvs              WiFi data        01 02 00009000 00006000[0m
[0;32mI (76) boot:  1 phy_init         RF data          01 01 0000f000 00001000[0m
[0;32mI (84) boot:  2 factory          factory app      00 00 00010000 00200000[0m
[0;32mI (91) boot: End of partition table[0m
[0;32mI (95) esp_image: segment 0: paddr=00010020 vaddr=3f400020 size=0f498h ( 62616) map[0m
[0;32mI (117) esp_image: segment 1: paddr=0001f4c0 vaddr=3ffbdb60 size=00b58h (  2904) load[0m
[0;32mI (118) esp_image: segment 2: paddr=00020020 vaddr=400d0020 size=1f964h (129380) map[0m
[0;32mI (150) esp_image: segment 3: paddr=0003f98c vaddr=3ffbe6b8 size=02aa8h ( 10920) load[0m
[0;32mI (152) esp_image: segment 4: paddr=0004243c vaddr=40080000 size=0f4ach ( 62636) load[0m
[0;32mI (179) boot: Loaded app from partition at offset 0x10000[0m
[0;32mI (179) boot: Disabling RNG early entropy source...[0m
[0;32mI (191) cpu_start: Multicore app[0m
[0;32mI (199) cpu_start: Pro cpu start user code[0m
[0;32mI (199) cpu_start: cpu freq: 160000000 Hz[0m
[0;32mI (200) cpu_start: Application information:[0m
[0;32mI (203) cpu_start: Project name:     InteligentStationForGrowingPlan[0m
[0;32mI (210) cpu_start: App version:      821bba1-dirty[0m
[0;32mI (215) cpu_start: Compile time:     Jan 24 2024 23:21:30[0m
[0;32mI (221) cpu_start: ELF file SHA256:  156ce5ce6...[0m
[0;32mI (226) cpu_start: ESP-IDF:          v5.3-dev-262-g294c2bd70d[0m
[0;32mI (233) cpu_start: Min chip rev:     v0.0[0m
[0;32mI (238) cpu_start: Max chip rev:     v3.99 [0m
[0;32mI (242) cpu_start: Chip rev:         v1.0[0m
[0;32mI (247) heap_init: Initializing. RAM available for dynamic allocation:[0m
[0;32mI (255) heap_init: At 3FFAE6E0 len 0000F480 (61 KiB): DRAM[0m
[0;32mI (261) heap_init: At 3FFC1AC0 len 0001E540 (121 KiB): DRAM[0m
[0;32mI (267) heap_init: At 3FFE0440 len 00003AE0 (14 KiB): D/IRAM[0m
[0;32mI (273) heap_init: At 3FFE4350 len 0001BCB0 (111 KiB): D/IRAM[0m
[0;32mI (280) heap_init: At 4008F4AC len 00010B54 (66 KiB): IRAM[0m
[0;32mI (287) spi_flash: detected chip: winbond[0m
[0;32mI (290) spi_flash: flash io: dio[0m
[0;33mW (295) i2c: This driver is an old driver, please migrate your application code to adapt `driver/i2c_master.h`[0m
[0;32mI (305) coexist: coex firmware version: b6d5e8c[0m
[0;32mI (311) main_task: Started on CPU0[0m
[0;32mI (321) main_task: Calling app_main()[0m
[0;32mI (351) gpio: GPIO[33]| InputEn: 0| OutputEn: 1| OpenDrain: 0| Pullup: 0| Pulldown: 0| Intr:0 [0m
[0;32mI (351) gpio: GPIO[32]| InputEn: 0| OutputEn: 1| OpenDrain: 0| Pullup: 0| Pulldown: 0| Intr:0 [0m
[0;32mI (351) gpio: GPIO[2]| InputEn: 0| OutputEn: 1| OpenDrain: 0| Pullup: 0| Pulldown: 0| Intr:0 [0m
[0;32mI (361) gpio: GPIO[25]| InputEn: 1| OutputEn: 0| OpenDrain: 0| Pullup: 0| Pulldown: 0| Intr:3 [0m
[0;31mE (391) esp_clk_tree: esp_clk_tree_src_get_freq_hz(21): unknown clk src[0m
[0;31mE (391) rmt: rmt_select_periph_clock(159): get clock source frequency failed[0m
[0;31mE (391) rmt: rmt_new_rx_channel(249): set group clock failed[0m
[0;31mE (401) am2302.rmt: am2302_new_sensor_rmt(194): create rmt rx channel failed[0m
ESP_ERROR_CHECK failed: esp_err_t 0x102 (ESP_ERR_INVALID_ARG) at 0x400d6076
file: "./main/am2320.c" line 13
func: config_am2320
expression: am2302_new_sensor_rmt(&am2302_config, &rmt_config, &sensor)

abort() was called at PC 0x40087dbb on core 0


Backtrace: 0x4008180a:0x3ffb22e0 0x40087dc5:0x3ffb2300 0x4008de29:0x3ffb2320 0x40087dbb:0x3ffb2390 0x400d6076:0x3ffb23c0 0x400d6331:0x3ffb2410 0x400eefec:0x3ffb2430 0x400888ad:0x3ffb2460




ELF file SHA256: 156ce5ce6

Rebooting...
ets Jun  8 2016 00:22:57

rst:0xc (SW_CPU_RESET),boot:0x13 (SPI_FAST_FLASH_BOOT)
configsip: 0, SPIWP:0xee
clk_drv:0x00,q_drv:0x00,d_drv:0x00,cs0_drv:0x00,hd_drv:0x00,wp_drv:0x00
mode:DIO, clock div:2
load:0x3fff0030,len:7140
load:0x40078000,len:15500
load:0x40080400,len:4
load:0x40080404,len:3904
entry 0x40080640
[0;32mI (29) boot: ESP-IDF v5.3-dev-262-g294c2bd70d 2nd stage bootloader[0m
[0;32mI (29) boot: compile time Dec 14 2023 19:21:26[0m
[0;32mI (31) boot: Multicore bootloader[0m
[0;32mI (35) boot: chip revision: v1.0[0m
[0;32mI (39) boot.esp32: SPI Speed      : 40MHz[0m
[0;32mI (43) boot.esp32: SPI Mode       : DIO[0m
[0;32mI (48) boot.esp32: SPI Flash Size : 4MB[0m
[0;32mI (52) boot: Enabling RNG early entropy source...[0m
[0;32mI (58) boot: Partition Table:[0m
[0;32mI (61) boot: ## Label            Usage          Type ST Offset   Length[0m
[0;32mI (69) boot:  0 nvs              WiFi data        01 02 00009000 00006000[0m
[0;32mI (76) boot:  1 phy_init         RF data          01 01 0000f000 00001000[0m
[0;32mI (84) boot:  2 factory          factory app      00 00 00010000 00200000[0m
[0;32mI (91) boot: End of partition table[0m
[0;32mI (95) esp_image: segment 0: paddr=00010020 vaddr=3f400020 size=0f498h ( 62616) map[0m
[0;32mI (117) esp_image: segment 1: paddr=0001f4c0 vaddr=3ffbdb60 size=00b58h (  2904) load[0m
[0;32mI (118) esp_image: segment 2: paddr=00020020 vaddr=400d0020 size=1f964h (129380) map[0m
[0;32mI (150) esp_image: segment 3: paddr=0003f98c vaddr=3ffbe6b8 size=02aa8h ( 10920) load[0m
[0;32mI (152) esp_image: segment 4: paddr=0004243c vaddr=40080000 size=0f4ach ( 62636) load[0m
[0;32mI (179) boot: Loaded app from partition at offset 0x10000[0m
[0;32mI (179) boot: Disabling RNG early entropy source...[0m
[0;32mI (191) cpu_start: Multicore app[0m
[0;32mI (199) cpu_start: Pro cpu start user code[0m
[0;32mI (199) cpu_start: cpu freq: 160000000 Hz[0m
[0;32mI (200) cpu_start: Application information:[0m
[0;32mI (203) cpu_start: Project name:     InteligentStationForGrowingPlan[0m
[0;32mI (210) cpu_start: App version:      821bba1-dirty[0m
[0;32mI (215) cpu_start: Compile time:     Jan 24 2024 23:21:30[0m
[0;32mI (221) cpu_start: ELF file SHA256:  156ce5ce6...[0m
[0;32mI (226) cpu_start: ESP-IDF:          v5.3-dev-262-g294c2bd70d[0m
[0;32mI (233) cpu_start: Min chip rev:     v0.0[0m
[0;32mI (238) cpu_start: Max chip rev:     v3.99 [0m
[0;32mI (242) cpu_start: Chip rev:         v1.0[0m
[0;32mI (247) heap_init: Initializing. RAM available for dynamic allocation:[0m
[0;32mI (255) heap_init: At 3FFAE6E0 len 0000F480 (61 KiB): DRAM[0m
[0;32mI (261) heap_init: At 3FFC1AC0 len 0001E540 (121 KiB): DRAM[0m
[0;32mI (267) heap_init: At 3FFE0440 len 00003AE0 (14 KiB): D/IRAM[0m
[0;32mI (273) heap_init: At 3FFE4350 len 0001BCB0 (111 KiB): D/IRAM[0m
[0;32mI (280) heap_init: At 4008F4AC len 00010B54 (66 KiB): IRAM[0m
[0;32mI (287) spi_flash: detected chip: winbond[0m
[0;32mI (290) spi_flash: flash io: dio[0m
[0;33mW (295) i2c: This driver is an old driver, please migrate your application code to adapt `driver/i2c_master.h`[0m
[0;32mI (305) coexist: coex firmware version: b6d5e8c[0m
[0;32mI (311) main_task: Started on CPU0[0m
[0;32mI (321) main_task: Calling app_main()[0m
[0;32mI (351) gpio: GPIO[33]| InputEn: 0| OutputEn: 1| OpenDrain: 0| Pullup: 0| Pulldown: 0| Intr:0 [0m
[0;32mI (351) gpio: GPIO[32]| InputEn: 0| OutputEn: 1| OpenDrain: 0| Pullup: 0| Pulldown: 0| Intr:0 [0m
[0;32mI (351) gpio: GPIO[2]| InputEn: 0| OutputEn: 1| OpenDrain: 0| Pullup: 0| Pulldown: 0| Intr:0 [0m
[0;32mI (361) gpio: GPIO[25]| InputEn: 1| OutputEn: 0| OpenDrain: 0| Pullup: 0| Pulldown: 0| Intr:3 [0m
[0;31mE (391) esp_clk_tree: esp_clk_tree_src_get_freq_hz(21): unknown clk src[0m
[0;31mE (391) rmt: rmt_select_periph_clock(159): get clock source frequency failed[0m
[0;31mE (391) rmt: rmt_new_rx_channel(249): set group clock failed[0m
[0;31mE (401) am2302.rmt: am2302_new_sensor_rmt(194): create rmt rx channel failed[0m
ESP_ERROR_CHECK failed: esp_err_t 0x102 (ESP_ERR_INVALID_ARG) at 0x400d6076
file: "./main/am2320.c" line 13
func: config_am2320
expression: am2302_new_sensor_rmt(&am2302_config, &rmt_config, &sensor)

abort() was called at PC 0x40087dbb on core 0


Backtrace: 0x4008180a:0x3ffb22e0 0x40087dc5:0x3ffb2300 0x4008de29:0x3ffb2320 0x40087dbb:0x3ffb2390 0x400d6076:0x3ffb23c0 0x400d6331:0x3ffb2410 0x400eefec:0x3ffb2430 0x400888ad:0x3ffb2460




ELF file SHA256: 156ce5ce6

Rebooting...
ets Jun  8 2016 00:22:57

rst:0xc (SW_CPU_RESET),boot:0x13 (SPI_FAST_FLASH_BOOT)
configsip: 0, SPIWP:0xee
clk_drv:0x00,q_drv:0x00,d_drv:0x00,cs0_drv:0x00,hd_drv:0x00,wp_drv:0x00
mode:DIO, clock div:2
load:0x3fff0030,len:7140
load:0x40078000,len:15500
load:0x40080400,len:4
load:0x40080404,len:3904
entry 0x40080640
[0;32mI (29) boot: ESP-IDF v5.3-dev-262-g294c2bd70d 2nd stage bootloader[0m
[0;32mI (29) boot: compile time Dec 14 2023 19:21:26[0m
[0;32mI (31) boot: Multicore bootloader[0m
[0;32mI (35) boot: chip revision: v1.0[0m
[0;32mI (39) boot.esp32: SPI Speed      : 40MHz[0m
[0;32mI (43) boot.esp32: SPI Mode       : DIO[0m
[0;32mI (48) boot.esp32: SPI Flash Size : 4MB[0m
[0;32mI (52) boot: Enabling RNG early entropy source...[0m
[0;32mI (58) boot: Partition Table:[0m
[0;32mI (61) boot: ## Label            Usage          Type ST Offset   Length[0m
[0;32mI (69) boot:  0 nvs              WiFi data        01 02 00009000 00006000[0m
[0;32mI (76) boot:  1 phy_init         RF data          01 01 0000f000 00001000[0m
[0;32mI (84) boot:  2 factory          factory app      00 00 00010000 00200000[0m
[0;32mI (91) boot: End of partition table[0m
[0;32mI (95) esp_image: segment 0: paddr=00010020 vaddr=3f400020 size=0f498h ( 62616) map[0m
[0;32mI (117) esp_image: segment 1: paddr=0001f4c0 vaddr=3ffbdb60 size=00b58h (  2904) load[0m
[0;32mI (118) esp_image: segment 2: paddr=00020020 vaddr=400d0020 size=1f964h (129380) map[0m
[0;32mI (150) esp_image: segment 3: paddr=0003f98c vaddr=3ffbe6b8 size=02aa8h ( 10920) load[0m
[0;32mI (152) esp_image: segment 4: paddr=0004243c vaddr=40080000 size=0f4ach ( 62636) load[0m
[0;32mI (179) boot: Loaded app from partition at offset 0x10000[0m
[0;32mI (179) boot: Disabling RNG early entropy source...[0m
[0;32mI (191) cpu_start: Multicore app[0m
[0;32mI (199) cpu_start: Pro cpu start user code[0m
[0;32mI (199) cpu_start: cpu freq: 160000000 Hz[0m
[0;32mI (200) cpu_start: Application information:[0m
[0;32mI (203) cpu_start: Project name:     InteligentStationForGrowingPlan[0m
[0;32mI (210) cpu_start: App version:      821bba1-dirty[0m
[0;32mI (215) cpu_start: Compile time:     Jan 24 2024 23:21:30[0m
[0;32mI (221) cpu_start: ELF file SHA256:  156ce5ce6...[0m
[0;32mI (226) cpu_start: ESP-IDF:          v5.3-dev-262-g294c2bd70d[0m
[0;32mI (233) cpu_start: Min chip rev:     v0.0[0m
[0;32mI (238) cpu_start: Max chip rev:     v3.99 [0m
[0;32mI (242) cpu_start: Chip rev:         v1.0[0m
[0;32mI (247) heap_init: Initializing. RAM available for dynamic allocation:[0m
[0;32mI (255) heap_init: At 3FFAE6E0 len 0000F480 (61 KiB): DRAM[0m
[0;32mI (261) heap_init: At 3FFC1AC0 len 0001E540 (121 KiB): DRAM[0m
[0;32mI (267) heap_init: At 3FFE0440 len 00003AE0 (14 KiB): D/IRAM[0m
[0;32mI (273) heap_init: At 3FFE4350 len 0001BCB0 (111 KiB): D/IRAM[0m
[0;32mI (280) heap_init: At 4008F4AC len 00010B54 (66 KiB): IRAM[0m
[0;32mI (287) spi_flash: detected chip: winbond[0m
[0;32mI (290) spi_flash: flash io: dio[0m
[0;33mW (295) i2c: This driver is an old driver, please migrate your application code to adapt `driver/i2c_master.h`[0m
[0;32mI (305) coexist: coex firmware version: b6d5e8c[0m
[0;32mI (311) main_task: Started on CPU0[0m
[0;32mI (321) main_task: Calling app_main()[0m
[0;32mI (351) gpio: GPIO[33]| InputEn: 0| OutputEn: 1| OpenDrain: 0| Pullup: 0| Pulldown: 0| Intr:0 [0m
[0;32mI (351) gpio: GPIO[32]| InputEn: 0| OutputEn: 1| OpenDrain: 0| Pullup: 0| Pulldown: 0| Intr:0 [0m
[0;32mI (351) gpio: GPIO[2]| InputEn: 0| OutputEn: 1| OpenDrain: 0| Pullup: 0| Pulldown: 0| Intr:0 [0m
[0;32mI (361) gpio: GPIO[25]| InputEn: 1| OutputEn: 0| OpenDrain: 0| Pullup: 0| Pulldown: 0| Intr:3 [0m
[0;31mE (391) esp_clk_tree: esp_clk_tree_src_get_freq_hz(21): unknown clk src[0m
[0;31mE (391) rmt: rmt_select_periph_clock(159): get clock source frequency failed[0m
[0;31mE (391) rmt: rmt_new_rx_channel(249): set group clock failed[0m
[0;31mE (401) am2302.rmt: am2302_new_sensor_rmt(194): create rmt rx channel failed[0m
ESP_ERROR_CHECK failed: esp_err_t 0x102 (ESP_ERR_INVALID_ARG) at 0x400d6076
file: "./main/am2320.c" line 13
func: config_am2320
expression: am2302_new_sensor_rmt(&am2302_config, &rmt_config, &sensor)

abort() was called at PC 0x40087dbb on core 0


Backtrace: 0x4008180a:0x3ffb22e0 0x40087dc5:0x3ffb2300 0x4008de29:0x3ffb2320 0x40087dbb:0x3ffb2390 0x400d6076:0x3ffb23c0 0x400d6331:0x3ffb2410 0x400eefec:0x3ffb2430 0x400888ad:0x3ffb2460




ELF file SHA256: 156ce5ce6

Rebooting...
ets Jun  8 2016 00:22:57

rst:0xc (SW_CPU_RESET),boot:0x13 (SPI_FAST_FLASH_BOOT)
configsip: 0, SPIWP:0xee
clk_drv:0x00,q_drv:0x00,d_drv:0x00,cs0_drv:0x00,hd_drv:0x00,wp_drv:0x00
mode:DIO, clock div:2
load:0x3fff0030,len:7140
load:0x40078000,len:15500
load:0x40080400,len:4
load:0x40080404,len:3904
entry 0x40080640
[0;32mI (29) boot: ESP-IDF v5.3-dev-262-g294c2bd70d 2nd stage bootloader[0m
[0;32mI (29) boot: compile time Dec 14 2023 19:21:26[0m
[0;32mI (31) boot: Multicore bootloader[0m
[0;32mI (35) boot: chip revision: v1.0[0m
[0;32mI (39) boot.esp32: SPI Speed      : 40MHz[0m
[0;32mI (43) boot.esp32: SPI Mode       : DIO[0m
[0;32mI (48) boot.esp32: SPI Flash Size : 4MB[0m
[0;32mI (52) boot: Enabling RNG early entropy source...[0m
[0;32mI (58) boot: Partition Table:[0m
[0;32mI (61) boot: ## Label            Usage          Type ST Offset   Length[0m
[0;32mI (69) boot:  0 nvs              WiFi data        01 02 00009000 00006000[0m
[0;32mI (76) boot:  1 phy_init         RF data          01 01 0000f000 00001000[0m
[0;32mI (84) boot:  2 factory          factory app      00 00 00010000 00200000[0m
[0;32mI (91) boot: End of partition table[0m
[0;32mI (95) esp_image: segment 0: paddr=00010020 vaddr=3f400020 size=0f498h ( 62616) map[0m
[0;32mI (117) esp_image: segment 1: paddr=0001f4c0 vaddr=3ffbdb60 size=00b58h (  2904) load[0m
[0;32mI (118) esp_image: segment 2: paddr=00020020 vaddr=400d0020 size=1f964h (129380) map[0m
[0;32mI (150) esp_image: segment 3: paddr=0003f98c vaddr=3ffbe6b8 size=02aa8h ( 10920) load[0m
[0;32mI (152) esp_image: segment 4: paddr=0004243c vaddr=40080000 size=0f4ach ( 62636) load[0m
[0;32mI (179) boot: Loaded app from partition at offset 0x10000[0m
[0;32mI (179) boot: Disabling RNG early entropy source...[0m
[0;32mI (191) cpu_start: Multicore app[0m
[0;32mI (199) cpu_start: Pro cpu start user code[0m
[0;32mI (199) cpu_start: cpu freq: 160000000 Hz[0m
[0;32mI (200) cpu_start: Application information:[0m
[0;32mI (203) cpu_start: Project name:     InteligentStationForGrowingPlan[0m
[0;32mI (210) cpu_start: App version:      821bba1-dirty[0m
[0;32mI (215) cpu_start: Compile time:     Jan 24 2024 23:21:30[0m
[0;32mI (221) cpu_start: ELF file SHA256:  156ce5ce6...[0m
[0;32mI (226) cpu_start: ESP-IDF:          v5.3-dev-262-g294c2bd70d[0m
[0;32mI (233) cpu_start: Min chip rev:     v0.0[0m
[0;32mI (238) cpu_start: Max chip rev:     v3.99 [0m
[0;32mI (242) cpu_start: Chip rev:         v1.0[0m
[0;32mI (247) heap_init: Initializing. RAM available for dynamic allocation:[0m
[0;32mI (255) heap_init: At 3FFAE6E0 len 0000F480 (61 KiB): DRAM[0m
[0;32mI (261) heap_init: At 3FFC1AC0 len 0001E540 (121 KiB): DRAM[0m
[0;32mI (267) heap_init: At 3FFE0440 len 00003AE0 (14 KiB): D/IRAM[0m
[0;32mI (273) heap_init: At 3FFE4350 len 0001BCB0 (111 KiB): D/IRAM[0m
[0;32mI (280) heap_init: At 4008F4AC len 00010B54 (66 KiB): IRAM[0m
[0;32mI (287) spi_flash: detected chip: winbond[0m
[0;32mI (290) spi_flash: flash io: dio[0m
[0;33mW (295) i2c: This driver is an old driver, please migrate your application code to adapt `driver/i2c_master.h`[0m
[0;32mI (305) coexist: coex firmware version: b6d5e8c[0m
[0;32mI (311) main_task: Started on CPU0[0m
[0;32mI (321) main_task: Calling app_main()[0m
[0;32mI (351) gpio: GPIO[33]| InputEn: 0| OutputEn: 1| OpenDrain: 0| Pullup: 0| Pulldown: 0| Intr:0 [0m
[0;32mI (351) gpio: GPIO[32]| InputEn: 0| OutputEn: 1| OpenDrain: 0| Pullup: 0| Pulldown: 0| Intr:0 [0m
[0;32mI (351) gpio: GPIO[2]| InputEn: 0| OutputEn: 1| OpenDrain: 0| Pullup: 0| Pulldown: 0| Intr:0 [0m
[0;32mI (361) gpio: GPIO[25]| InputEn: 1| OutputEn: 0| OpenDrain: 0| Pullup: 0| Pulldown: 0| Intr:3 [0m
[0;31mE (391) esp_clk_tree: esp_clk_tree_src_get_freq_hz(21): unknown clk src[0m
[0;31mE (391) rmt: rmt_select_periph_clock(159): get clock source frequency failed[0m
[0;31mE (391) rmt: rmt_new_rx_channel(249): set group clock failed[0m
[0;31mE (401) am2302.rmt: am2302_new_sensor_rmt(194): create rmt rx channel failed[0m
ESP_ERROR_CHECK failed: esp_err_t 0x102 (ESP_ERR_INVALID_ARG) at 0x400d6076
file: "./main/am2320.c" line 13
func: config_am2320
expression: am2302_new_sensor_rmt(&am2302_config, &rmt_config, &sensor)

abort() was called at PC 0x40087dbb on core 0


Backtrace: 0x4008180a:0x3ffb22e0 0x40087dc5:0x3ffb2300 0x4008de29:0x3ffb2320 0x40087dbb:0x3ffb2390 0x400d6076:0x3ffb23c0 0x400d6331:0x3ffb2410 0x400eefec:0x3ffb2430 0x400888ad:0x3ffb2460




ELF file SHA256: 156ce5ce6

Rebooting...
ets Jun  8 2016 00:22:57

rst:0xc (SW_CPU_RESET),boot:0x13 (SPI_FAST_FLASH_BOOT)
configsip: 0, SPIWP:0xee
clk_drv:0x00,q_drv:0x00,d_drv:0x00,cs0_drv:0x00,hd_drv:0x00,wp_drv:0x00
mode:DIO, clock div:2
load:0x3fff0030,len:7140
load:0x40078000,len:15500
load:0x40080400,len:4
load:0x40080404,len:3904
entry 0x40080640
[0;32mI (29) boot: ESP-IDF v5.3-dev-262-g294c2bd70d 2nd stage bootloader[0m
[0;32mI (29) boot: compile time Dec 14 2023 19:21:26[0m
[0;32mI (31) boot: Multicore bootloader[0m
[0;32mI (35) boot: chip revision: v1.0[0m
[0;32mI (39) boot.esp32: SPI Speed      : 40MHz[0m
[0;32mI (43) boot.esp32: SPI Mode       : DIO[0m
[0;32mI (48) boot.esp32: SPI Flash Size : 4MB[0m
[0;32mI (52) boot: Enabling RNG early entropy source...[0m
[0;32mI (58) boot: Partition Table:[0m
[0;32mI (61) boot: ## Label            Usage          Type ST Offset   Length[0m
[0;32mI (69) boot:  0 nvs              WiFi data        01 02 00009000 00006000[0m
[0;32mI (76) boot:  1 phy_init         RF data          01 01 0000f000 00001000[0m
[0;32mI (84) boot:  2 factory          factory app      00 00 00010000 00200000[0m
[0;32mI (91) boot: End of partition table[0m
[0;32mI (95) esp_image: segment 0: paddr=00010020 vaddr=3f400020 size=0f498h ( 62616) map[0m
[0;32mI (117) esp_image: segment 1: paddr=0001f4c0 vaddr=3ffbdb60 size=00b58h (  2904) load[0m
[0;32mI (118) esp_image: segment 2: paddr=00020020 vaddr=400d0020 size=1f964h (129380) map[0m
[0;32mI (150) esp_image: segment 3: paddr=0003f98c vaddr=3ffbe6b8 size=02aa8h ( 10920) load[0m
[0;32mI (152) esp_image: segment 4: paddr=0004243c vaddr=40080000 size=0f4ach ( 62636) load[0m
[0;32mI (179) boot: Loaded app from partition at offset 0x10000[0m
[0;32mI (179) boot: Disabling RNG early entropy source...[0m
[0;32mI (191) cpu_start: Multicore app[0m
[0;32mI (199) cpu_start: Pro cpu start user code[0m
[0;32mI (199) cpu_start: cpu freq: 160000000 Hz[0m
[0;32mI (200) cpu_start: Application information:[0m
[0;32mI (203) cpu_start: Project name:     InteligentStationForGrowingPlan[0m
[0;32mI (210) cpu_start: App version:      821bba1-dirty[0m
[0;32mI (215) cpu_start: Compile time:     Jan 24 2024 23:21:30[0m
[0;32mI (221) cpu_start: ELF file SHA256:  156ce5ce6...[0m
[0;32mI (226) cpu_start: ESP-IDF:          v5.3-dev-262-g294c2bd70d[0m
[0;32mI (233) cpu_start: Min chip rev:     v0.0[0m
[0;32mI (238) cpu_start: Max chip rev:     v3.99 [0m
[0;32mI (242) cpu_start: Chip rev:         v1.0[0m
[0;32mI (247) heap_init: Initializing. RAM available for dynamic allocation:[0m
[0;32mI (255) heap_init: At 3FFAE6E0 len 0000F480 (61 KiB): DRAM[0m
[0;32mI (261) heap_init: At 3FFC1AC0 len 0001E540 (121 KiB): DRAM[0m
[0;32mI (267) heap_init: At 3FFE0440 len 00003AE0 (14 KiB): D/IRAM[0m
[0;32mI (273) heap_init: At 3FFE4350 len 0001BCB0 (111 KiB): D/IRAM[0m
[0;32mI (280) heap_init: At 4008F4AC len 00010B54 (66 KiB): IRAM[0m
[0;32mI (287) spi_flash: detected chip: winbond[0m
[0;32mI (290) spi_flash: flash io: dio[0m
[0;33mW (295) i2c: This driver is an old driver, please migrate your application code to adapt `driver/i2c_master.h`[0m
[0;32mI (305) coexist: coex firmware version: b6d5e8c[0m
[0;32mI (311) main_task: Started on CPU0[0m
[0;32mI (321) main_task: Calling app_main()[0m
[0;32mI (351) gpio: GPIO[33]| InputEn: 0| OutputEn: 1| OpenDrain: 0| Pullup: 0| Pulldown: 0| Intr:0 [0m
[0;32mI (351) gpio: GPIO[32]| InputEn: 0| OutputEn: 1| OpenDrain: 0| Pullup: 0| Pulldown: 0| Intr:0 [0m
[0;32mI (351) gpio: GPIO[2]| InputEn: 0| OutputEn: 1| OpenDrain: 0| Pullup: 0| Pulldown: 0| Intr:0 [0m
[0;32mI (361) gpio: GPIO[25]| InputEn: 1| OutputEn: 0| OpenDrain: 0| Pullup: 0| Pulldown: 0| Intr:3 [0m
[0;31mE (391) esp_clk_tree: esp_clk_tree_src_get_freq_hz(21): unknown clk src[0m
[0;31mE (391) rmt: rmt_select_periph_clock(159): get clock source frequency failed[0m
[0;31mE (391) rmt: rmt_new_rx_channel(249): set group clock failed[0m
[0;31mE (401) am2302.rmt: am2302_new_sensor_rmt(194): create rmt rx channel failed[0m
ESP_ERROR_CHECK failed: esp_err_t 0x102 (ESP_ERR_INVALID_ARG) at 0x400d6076
file: "./main/am2320.c" line 13
func: config_am2320
expression: am2302_new_sensor_rmt(&am2302_config, &rmt_config, &sensor)

abort() was called at PC 0x40087dbb on core 0


Backtrace: 0x4008180a:0x3ffb22e0 0x40087dc5:0x3ffb2300 0x4008de29:0x3ffb2320 0x40087dbb:0x3ffb2390 0x400d6076:0x3ffb23c0 0x400d6331:0x3ffb2410 0x400eefec:0x3ffb2430 0x400888ad:0x3ffb2460




ELF file SHA256: 156ce5ce6

Rebooting...
ets Jun  8 2016 00:22:57

rst:0xc (SW_CPU_RESET),boot:0x13 (SPI_FAST_FLASH_BOOT)
configsip: 0, SPIWP:0xee
clk_drv:0x00,q_drv:0x00,d_drv:0x00,cs0_drv:0x00,hd_drv:0x00,wp_drv:0x00
mode:DIO, clock div:2
load:0x3fff0030,len:7140
load:0x40078000,len:15500
load:0x40080400,len:4
load:0x40080404,len:3904
entry 0x40080640
[0;32mI (29) boot: ESP-IDF v5.3-dev-262-g294c2bd70d 2nd stage bootloader[0m
[0;32mI (29) boot: compile time Dec 14 2023 19:21:26[0m
[0;32mI (31) boot: Multicore bootloader[0m
[0;32mI (35) boot: chip revision: v1.0[0m
[0;32mI (39) boot.esp32: SPI Speed      : 40MHz[0m
[0;32mI (43) boot.esp32: SPI Mode       : DIO[0m
[0;32mI (48) boot.esp32: SPI Flash Size : 4MB[0m
[0;32mI (52) boot: Enabling RNG early entropy source...[0m
[0;32mI (58) boot: Partition Table:[0m
[0;32mI (61) boot: ## Label            Usage          Type ST Offset   Length[0m
[0;32mI (69) boot:  0 nvs              WiFi data        01 02 00009000 00006000[0m
[0;32mI (76) boot:  1 phy_init         RF data          01 01 0000f000 00001000[0m
[0;32mI (84) boot:  2 factory          factory app      00 00 00010000 00200000[0m
[0;32mI (91) boot: End of partition table[0m
[0;32mI (95) esp_image: segment 0: paddr=00010020 vaddr=3f400020 size=0f498h ( 62616) map[0m
[0;32mI (117) esp_image: segment 1: paddr=0001f4c0 vaddr=3ffbdb60 size=00b58h (  2904) load[0m
[0;32mI (118) esp_image: segment 2: paddr=00020020 vaddr=400d0020 size=1f964h (129380) map[0m
[0;32mI (150) esp_image: segment 3: paddr=0003f98c vaddr=3ffbe6b8 size=02aa8h ( 10920) load[0m
[0;32mI (152) esp_image: segment 4: paddr=0004243c vaddr=40080000 size=0f4ach ( 62636) load[0m
[0;32mI (179) boot: Loaded app from partition at offset 0x10000[0m
[0;32mI (179) boot: Disabling RNG early entropy source...[0m
[0;32mI (191) cpu_start: Multicore app[0m
[0;32mI (199) cpu_start: Pro cpu start user code[0m
[0;32mI (199) cpu_start: cpu freq: 160000000 Hz[0m
[0;32mI (200) cpu_start: Application information:[0m
[0;32mI (203) cpu_start: Project name:     InteligentStationForGrowingPlan[0m
[0;32mI (210) cpu_start: App version:      821bba1-dirty[0m
[0;32mI (215) cpu_start: Compile time:     Jan 24 2024 23:21:30[0m
[0;32mI (221) cpu_start: ELF file SHA256:  156ce5ce6...[0m
[0;32mI (226) cpu_start: ESP-IDF:          v5.3-dev-262-g294c2bd70d[0m
[0;32mI (233) cpu_start: Min chip rev:     v0.0[0m
[0;32mI (238) cpu_start: Max chip rev:     v3.99 [0m
[0;32mI (242) cpu_start: Chip rev:         v1.0[0m
[0;32mI (247) heap_init: Initializing. RAM available for dynamic allocation:[0m
[0;32mI (255) heap_init: At 3FFAE6E0 len 0000F480 (61 KiB): DRAM[0m
[0;32mI (261) heap_init: At 3FFC1AC0 len 0001E540 (121 KiB): DRAM[0m
[0;32mI (267) heap_init: At 3FFE0440 len 00003AE0 (14 KiB): D/IRAM[0m
[0;32mI (273) heap_init: At 3FFE4350 len 0001BCB0 (111 KiB): D/IRAM[0m
[0;32mI (280) heap_init: At 4008F4AC len 00010B54 (66 KiB): IRAM[0m
[0;32mI (287) spi_flash: detected chip: winbond[0m
[0;32mI (290) spi_flash: flash io: dio[0m
[0;33mW (295) i2c: This driver is an old driver, please migrate your application code to adapt `driver/i2c_master.h`[0m
[0;32mI (305) coexist: coex firmware version: b6d5e8c[0m
[0;32mI (311) main_task: Started on CPU0[0m
[0;32mI (321) main_task: Calling app_main()[0m
[0;32mI (351) gpio: GPIO[33]| InputEn: 0| OutputEn: 1| OpenDrain: 0| Pullup: 0| Pulldown: 0| Intr:0 [0m
[0;32mI (351) gpio: GPIO[32]| InputEn: 0| OutputEn: 1| OpenDrain: 0| Pullup: 0| Pulldown: 0| Intr:0 [0m
[0;32mI (351) gpio: GPIO[2]| InputEn: 0| OutputEn: 1| OpenDrain: 0| Pullup: 0| Pulldown: 0| Intr:0 [0m
[0;32mI (361) gpio: GPIO[25]| InputEn: 1| OutputEn: 0| OpenDrain: 0| Pullup: 0| Pulldown: 0| Intr:3 [0m
[0;31mE (391) esp_clk_tree: esp_clk_tree_src_get_freq_hz(21): unknown clk src[0m
[0;31mE (391) rmt: rmt_select_periph_clock(159): get clock source frequency failed[0m
[0;31mE (391) rmt: rmt_new_rx_channel(249): set group clock failed[0m
[0;31mE (401) am2302.rmt: am2302_new_sensor_rmt(194): create rmt rx channel failed[0m
ESP_ERROR_CHECK failed: esp_err_t 0x102 (ESP_ERR_INVALID_ARG) at 0x400d6076
file: "./main/am2320.c" line 13
func: config_am2320
expression: am2302_new_sensor_rmt(&am2302_config, &rmt_config, &sensor)

abort() was called at PC 0x40087dbb on core 0


Backtrace: 0x4008180a:0x3ffb22e0 0x40087dc5:0x3ffb2300 0x4008de29:0x3ffb2320 0x40087dbb:0x3ffb2390 0x400d6076:0x3ffb23c0 0x400d6331:0x3ffb2410 0x400eefec:0x3ffb2430 0x400888ad:0x3ffb2460




ELF file SHA256: 156ce5ce6

Rebooting...
ets Jun  8 2016 00:22:57

rst:0xc (SW_CPU_RESET),boot:0x13 (SPI_FAST_FLASH_BOOT)
configsip: 0, SPIWP:0xee
clk_drv:0x00,q_drv:0x00,d_drv:0x00,cs0_drv:0x00,hd_drv:0x00,wp_drv:0x00
mode:DIO, clock div:2
load:0x3fff0030,len:7140
load:0x40078000,len:15500
load:0x40080400,len:4
load:0x40080404,len:3904
entry 0x40080640
[0;32mI (29) boot: ESP-IDF v5.3-dev-262-g294c2bd70d 2nd stage bootloader[0m
[0;32mI (29) boot: compile time Dec 14 2023 19:21:26[0m
[0;32mI (31) boot: Multicore bootloader[0m
[0;32mI (35) boot: chip revision: v1.0[0m
[0;32mI (39) boot.esp32: SPI Speed      : 40MHz[0m
[0;32mI (43) boot.esp32: SPI Mode       : DIO[0m
[0;32mI (48) boot.esp32: SPI Flash Size : 4MB[0m
[0;32mI (52) boot: Enabling RNG early entropy source...[0m
[0;32mI (58) boot: Partition Table:[0m
[0;32mI (61) boot: ## Label            Usage          Type ST Offset   Length[0m
[0;32mI (69) boot:  0 nvs              WiFi data        01 02 00009000 00006000[0m
[0;32mI (76) boot:  1 phy_init         RF data          01 01 0000f000 00001000[0m
[0;32mI (84) boot:  2 factory          factory app      00 00 00010000 00200000[0m
[0;32mI (91) boot: End of partition table[0m
[0;32mI (95) esp_image: segment 0: paddr=00010020 vaddr=3f400020 size=0f498h ( 62616) map[0m
[0;32mI (117) esp_image: segment 1: paddr=0001f4c0 vaddr=3ffbdb60 size=00b58h (  2904) load[0m
[0;32mI (118) esp_image: segment 2: paddr=00020020 vaddr=400d0020 size=1f964h (129380) map[0m
[0;32mI (150) esp_image: segment 3: paddr=0003f98c vaddr=3ffbe6b8 size=02aa8h ( 10920) load[0m
[0;32mI (152) esp_image: segment 4: paddr=0004243c vaddr=40080000 size=0f4ach ( 62636) load[0m
[0;32mI (179) boot: Loaded app from partition at offset 0x10000[0m
[0;32mI (179) boot: Disabling RNG early entropy source...[0m
[0;32mI (191) cpu_start: Multicore app[0m
[0;32mI (199) cpu_start: Pro cpu start user code[0m
[0;32mI (199) cpu_start: cpu freq: 160000000 Hz[0m
[0;32mI (200) cpu_start: Application information:[0m
[0;32mI (203) cpu_start: Project name:     InteligentStationForGrowingPlan[0m
[0;32mI (210) cpu_start: App version:      821bba1-dirty[0m
[0;32mI (215) cpu_start: Compile time:     Jan 24 2024 23:21:30[0m
[0;32mI (221) cpu_start: ELF file SHA256:  156ce5ce6...[0m
[0;32mI (226) cpu_start: ESP-IDF:          v5.3-dev-262-g294c2bd70d[0m
[0;32mI (233) cpu_start: Min chip rev:     v0.0[0m
[0;32mI (238) cpu_start: Max chip rev:     v3.99 [0m
[0;32mI (242) cpu_start: Chip rev:         v1.0[0m
[0;32mI (247) heap_init: Initializing. RAM available for dynamic allocation:[0m
[0;32mI (255) heap_init: At 3FFAE6E0 len 0000F480 (61 KiB): DRAM[0m
[0;32mI (261) heap_init: At 3FFC1AC0 len 0001E540 (121 KiB): DRAM[0m
[0;32mI (267) heap_init: At 3FFE0440 len 00003AE0 (14 KiB): D/IRAM[0m
[0;32mI (273) heap_init: At 3FFE4350 len 0001BCB0 (111 KiB): D/IRAM[0m
[0;32mI (280) heap_init: At 4008F4AC len 00010B54 (66 KiB): IRAM[0m
[0;32mI (287) spi_flash: detected chip: winbond[0m
[0;32mI (290) spi_flash: flash io: dio[0m
[0;33mW (295) i2c: This driver is an old driver, please migrate your application code to adapt `driver/i2c_master.h`[0m
[0;32mI (305) coexist: coex firmware version: b6d5e8c[0m
[0;32mI (311) main_task: Started on CPU0[0m
[0;32mI (321) main_task: Calling app_main()[0m
[0;32mI (351) gpio: GPIO[33]| InputEn: 0| OutputEn: 1| OpenDrain: 0| Pullup: 0| Pulldown: 0| Intr:0 [0m
[0;32mI (351) gpio: GPIO[32]| InputEn: 0| OutputEn: 1| OpenDrain: 0| Pullup: 0| Pulldown: 0| Intr:0 [0m
[0;32mI (351) gpio: GPIO[2]| InputEn: 0| OutputEn: 1| OpenDrain: 0| Pullup: 0| Pulldown: 0| Intr:0 [0m
[0;32mI (361) gpio: GPIO[25]| InputEn: 1| OutputEn: 0| OpenDrain: 0| Pullup: 0| Pulldown: 0| Intr:3 [0m
[0;31mE (391) esp_clk_tree: esp_clk_tree_src_get_freq_hz(21): unknown clk src[0m
[0;31mE (391) rmt: rmt_select_periph_clock(159): get clock source frequency failed[0m
[0;31mE (391) rmt: rmt_new_rx_channel(249): set group clock failed[0m
[0;31mE (401) am2302.rmt: am2302_new_sensor_rmt(194): create rmt rx channel failed[0m
ESP_ERROR_CHECK failed: esp_err_t 0x102 (ESP_ERR_INVALID_ARG) at 0x400d6076
file: "./main/am2320.c" line 13
func: config_am2320
expression: am2302_new_sensor_rmt(&am2302_config, &rmt_config, &sensor)

abort() was called at PC 0x40087dbb on core 0


Backtrace: 0x4008180a:0x3ffb22e0 0x40087dc5:0x3ffb2300 0x4008de29:0x3ffb2320 0x40087dbb:0x3ffb2390 0x400d6076:0x3ffb23c0 0x400d6331:0x3ffb2410 0x400eefec:0x3ffb2430 0x400888ad:0x3ffb2460




ELF file SHA256: 156ce5ce6

Rebooting...
ets Jun  8 2016 00:22:57

rst:0xc (SW_CPU_RESET),boot:0x13 (SPI_FAST_FLASH_BOOT)
configsip: 0, SPIWP:0xee
clk_drv:0x00,q_drv:0x00,d_drv:0x00,cs0_drv:0x00,hd_drv:0x00,wp_drv:0x00
mode:DIO, clock div:2
load:0x3fff0030,len:7140
load:0x40078000,len:15500
load:0x40080400,len:4
load:0x40080404,len:3904
entry 0x40080640
[0;32mI (29) boot: ESP-IDF v5.3-dev-262-g294c2bd70d 2nd stage bootloader[0m
[0;32mI (29) boot: compile time Dec 14 2023 19:21:26[0m
[0;32mI (31) boot: Multicore bootloader[0m
[0;32mI (35) boot: chip revision: v1.0[0m
[0;32mI (39) boot.esp32: SPI Speed      : 40MHz[0m
[0;32mI (43) boot.esp32: SPI Mode       : DIO[0m
[0;32mI (48) boot.esp32: SPI Flash Size : 4MB[0m
[0;32mI (52) boot: Enabling RNG early entropy source...[0m
[0;32mI (58) boot: Partition Table:[0m
[0;32mI (61) boot: ## Label            Usage          Type ST Offset   Length[0m
[0;32mI (69) boot:  0 nvs              WiFi data        01 02 00009000 00006000[0m
[0;32mI (76) boot:  1 phy_init         RF data          01 01 0000f000 00001000[0m
[0;32mI (84) boot:  2 factory          factory app      00 00 00010000 00200000[0m
[0;32mI (91) boot: End of partition table[0m
[0;32mI (95) esp_image: segment 0: paddr=00010020 vaddr=3f400020 size=0f498h ( 62616) map[0m
[0;32mI (117) esp_image: segment 1: paddr=0001f4c0 vaddr=3ffbdb60 size=00b58h (  2904) load[0m
[0;32mI (118) esp_image: segment 2: paddr=00020020 vaddr=400d0020 size=1f964h (129380) map[0m
[0;32mI (150) esp_image: segment 3: paddr=0003f98c vaddr=3ffbe6b8 size=02aa8h ( 10920) load[0m
[0;32mI (152) esp_image: segment 4: paddr=0004243c vaddr=40080000 size=0f4ach ( 62636) load[0m
[0;32mI (179) boot: Loaded app from partition at offset 0x10000[0m
[0;32mI (179) boot: Disabling RNG early entropy source...[0m
[0;32mI (191) cpu_start: Multicore app[0m
[0;32mI (199) cpu_start: Pro cpu start user code[0m
[0;32mI (199) cpu_start: cpu freq: 160000000 Hz[0m
[0;32mI (200) cpu_start: Application information:[0m
[0;32mI (203) cpu_start: Project name:     InteligentStationForGrowingPlan[0m
[0;32mI (210) cpu_start: App version:      821bba1-dirty[0m
[0;32mI (215) cpu_start: Compile time:     Jan 24 2024 23:21:30[0m
[0;32mI (221) cpu_start: ELF file SHA256:  156ce5ce6...[0m
[0;32mI (226) cpu_start: ESP-IDF:          v5.3-dev-262-g294c2bd70d[0m
[0;32mI (233) cpu_start: Min chip rev:     v0.0[0m
[0;32mI (238) cpu_start: Max chip rev:     v3.99 [0m
[0;32mI (242) cpu_start: Chip rev:         v1.0[0m
[0;32mI (247) heap_init: Initializing. RAM available for dynamic allocation:[0m
[0;32mI (255) heap_init: At 3FFAE6E0 len 0000F480 (61 KiB): DRAM[0m
[0;32mI (261) heap_init: At 3FFC1AC0 len 0001E540 (121 KiB): DRAM[0m
[0;32mI (267) heap_init: At 3FFE0440 len 00003AE0 (14 KiB): D/IRAM[0m
[0;32mI (273) heap_init: At 3FFE4350 len 0001BCB0 (111 KiB): D/IRAM[0m
[0;32mI (280) heap_init: At 4008F4AC len 00010B54 (66 KiB): IRAM[0m
[0;32mI (287) spi_flash: detected chip: winbond[0m
[0;32mI (290) spi_flash: flash io: dio[0m
[0;33mW (295) i2c: This driver is an old driver, please migrate your application code to adapt `driver/i2c_master.h`[0m
[0;32mI (305) coexist: coex firmware version: b6d5e8c[0m
[0;32mI (311) main_task: Started on CPU0[0m
[0;32mI (321) main_task: Calling app_main()[0m
[0;32mI (351) gpio: GPIO[33]| InputEn: 0| OutputEn: 1| OpenDrain: 0| Pullup: 0| Pulldown: 0| Intr:0 [0m
[0;32mI (351) gpio: GPIO[32]| InputEn: 0| OutputEn: 1| OpenDrain: 0| Pullup: 0| Pulldown: 0| Intr:0 [0m
[0;32mI (351) gpio: GPIO[2]| InputEn: 0| OutputEn: 1| OpenDrain: 0| Pullup: 0| Pulldown: 0| Intr:0 [0m
[0;32mI (361) gpio: GPIO[25]| InputEn: 1| OutputEn: 0| OpenDrain: 0| Pullup: 0| Pulldown: 0| Intr:3 [0m
[0;31mE (391) esp_clk_tree: esp_clk_tree_src_get_freq_hz(21): unknown clk src[0m
[0;31mE (391) rmt: rmt_select_periph_clock(159): get clock source frequency failed[0m
[0;31mE (391) rmt: rmt_new_rx_channel(249): set group clock failed[0m
[0;31mE (401) am2302.rmt: am2302_new_sensor_rmt(194): create rmt rx channel failed[0m
ESP_ERROR_CHECK failed: esp_err_t 0x102 (ESP_ERR_INVALID_ARG) at 0x400d6076
file: "./main/am2320.c" line 13
func: config_am2320
expression: am2302_new_sensor_rmt(&am2302_config, &rmt_config, &sensor)

abort() was called at PC 0x40087dbb on core 0


Backtrace: 0x4008180a:0x3ffb22e0 0x40087dc5:0x3ffb2300 0x4008de29:0x3ffb2320 0x40087dbb:0x3ffb2390 0x400d6076:0x3ffb23c0 0x400d6331:0x3ffb2410 0x400eefec:0x3ffb2430 0x400888ad:0x3ffb2460




ELF file SHA256: 156ce5ce6

Rebooting...
ets Jun  8 2016 00:22:57

rst:0xc (SW_CPU_RESET),boot:0x13 (SPI_FAST_FLASH_BOOT)
configsip: 0, SPIWP:0xee
clk_drv:0x00,q_drv:0x00,d_drv:0x00,cs0_drv:0x00,hd_drv:0x00,wp_drv:0x00
mode:DIO, clock div:2
load:0x3fff0030,len:7140
load:0x40078000,len:15500
load:0x40080400,len:4
load:0x40080404,len:3904
entry 0x40080640
[0;32mI (29) boot: ESP-IDF v5.3-dev-262-g294c2bd70d 2nd stage bootloader[0m
[0;32mI (29) boot: compile time Dec 14 2023 19:21:26[0m
[0;32mI (31) boot: Multicore bootloader[0m
[0;32mI (35) boot: chip revision: v1.0[0m
[0;32mI (39) boot.esp32: SPI Speed      : 40MHz[0m
[0;32mI (43) boot.esp32: SPI Mode       : DIO[0m
[0;32mI (48) boot.esp32: SPI Flash Size : 4MB[0m
[0;32mI (52) boot: Enabling RNG early entropy source...[0m
[0;32mI (58) boot: Partition Table:[0m
[0;32mI (61) boot: ## Label            Usage          Type ST Offset   Length[0m
[0;32mI (69) boot:  0 nvs              WiFi data        01 02 00009000 00006000[0m
[0;32mI (76) boot:  1 phy_init         RF data          01 01 0000f000 00001000[0m
[0;32mI (84) boot:  2 factory          factory app      00 00 00010000 00200000[0m
[0;32mI (91) boot: End of partition table[0m
[0;32mI (95) esp_image: segment 0: paddr=00010020 vaddr=3f400020 size=0f498h ( 62616) map[0m
[0;32mI (117) esp_image: segment 1: paddr=0001f4c0 vaddr=3ffbdb60 size=00b58h (  2904) load[0m
[0;32mI (118) esp_image: segment 2: paddr=00020020 vaddr=400d0020 size=1f964h (129380) map[0m
[0;32mI (150) esp_image: segment 3: paddr=0003f98c vaddr=3ffbe6b8 size=02aa8h ( 10920) load[0m
[0;32mI (152) esp_image: segment 4: paddr=0004243c vaddr=40080000 size=0f4ach ( 62636) load[0m
[0;32mI (179) boot: Loaded app from partition at offset 0x10000[0m
[0;32mI (179) boot: Disabling RNG early entropy source...[0m
[0;32mI (191) cpu_start: Multicore app[0m
[0;32mI (199) cpu_start: Pro cpu start user code[0m
[0;32mI (199) cpu_start: cpu freq: 160000000 Hz[0m
[0;32mI (200) cpu_start: Application information:[0m
[0;32mI (203) cpu_start: Project name:     InteligentStationForGrowingPlan[0m
[0;32mI (210) cpu_start: App version:      821bba1-dirty[0m
[0;32mI (215) cpu_start: Compile time:     Jan 24 2024 23:21:30[0m
[0;32mI (221) cpu_start: ELF file SHA256:  156ce5ce6...[0m
[0;32mI (226) cpu_start: ESP-IDF:          v5.3-dev-262-g294c2bd70d[0m
[0;32mI (233) cpu_start: Min chip rev:     v0.0[0m
[0;32mI (238) cpu_start: Max chip rev:     v3.99 [0m
[0;32mI (242) cpu_start: Chip rev:         v1.0[0m
[0;32mI (247) heap_init: Initializing. RAM available for dynamic allocation:[0m
[0;32mI (255) heap_init: At 3FFAE6E0 len 0000F480 (61 KiB): DRAM[0m
[0;32mI (261) heap_init: At 3FFC1AC0 len 0001E540 (121 KiB): DRAM[0m
[0;32mI (267) heap_init: At 3FFE0440 len 00003AE0 (14 KiB): D/IRAM[0m
[0;32mI (273) heap_init: At 3FFE4350 len 0001BCB0 (111 KiB): D/IRAM[0m
[0;32mI (280) heap_init: At 4008F4AC len 00010B54 (66 KiB): IRAM[0m
[0;32mI (287) spi_flash: detected chip: winbond[0m
[0;32mI (290) spi_flash: flash io: dio[0m
[0;33mW (295) i2c: This driver is an old driver, please migrate your application code to adapt `driver/i2c_master.h`[0m
[0;32mI (305) coexist: coex firmware version: b6d5e8c[0m
[0;32mI (311) main_task: Started on CPU0[0m
[0;32mI (321) main_task: Calling app_main()[0m
[0;32mI (351) gpio: GPIO[33]| InputEn: 0| OutputEn: 1| OpenDrain: 0| Pullup: 0| Pulldown: 0| Intr:0 [0m
[0;32mI (351) gpio: GPIO[32]| InputEn: 0| OutputEn: 1| OpenDrain: 0| Pullup: 0| Pulldown: 0| Intr:0 [0m
[0;32mI (351) gpio: GPIO[2]| InputEn: 0| OutputEn: 1| OpenDrain: 0| Pullup: 0| Pulldown: 0| Intr:0 [0m
[0;32mI (361) gpio: GPIO[25]| InputEn: 1| OutputEn: 0| OpenDrain: 0| Pullup: 0| Pulldown: 0| Intr:3 [0m
[0;31mE (391) esp_clk_tree: esp_clk_tree_src_get_freq_hz(21): unknown clk src[0m
[0;31mE (391) rmt: rmt_select_periph_clock(159): get clock source frequency failed[0m
[0;31mE (391) rmt: rmt_new_rx_channel(249): set group clock failed[0m
[0;31mE (401) am2302.rmt: am2302_new_sensor_rmt(194): create rmt rx channel failed[0m
ESP_ERROR_CHECK failed: esp_err_t 0x102 (ESP_ERR_INVALID_ARG) at 0x400d6076
file: "./main/am2320.c" line 13
func: config_am2320
expression: am2302_new_sensor_rmt(&am2302_config, &rmt_config, &sensor)

abort() was called at PC 0x40087dbb on core 0


Backtrace: 0x4008180a:0x3ffb22e0 0x40087dc5:0x3ffb2300 0x4008de29:0x3ffb2320 0x40087dbb:0x3ffb2390 0x400d6076:0x3ffb23c0 0x400d6331:0x3ffb2410 0x400eefec:0x3ffb2430 0x400888ad:0x3ffb2460




ELF file SHA256: 156ce5ce6

Rebooting...
ets Jun  8 2016 00:22:57

rst:0xc (SW_CPU_RESET),boot:0x13 (SPI_FAST_FLASH_BOOT)
configsip: 0, SPIWP:0xee
clk_drv:0x00,q_drv:0x00,d_drv:0x00,cs0_drv:0x00,hd_drv:0x00,wp_drv:0x00
mode:DIO, clock div:2
load:0x3fff0030,len:7140
load:0x40078000,len:15500
load:0x40080400,len:4
load:0x40080404,len:3904
entry 0x40080640
[0;32mI (29) boot: ESP-IDF v5.3-dev-262-g294c2bd70d 2nd stage bootloader[0m
[0;32mI (29) boot: compile time Dec 14 2023 19:21:26[0m
[0;32mI (31) boot: Multicore bootloader[0m
[0;32mI (35) boot: chip revision: v1.0[0m
[0;32mI (39) boot.esp32: SPI Speed      : 40MHz[0m
[0;32mI (43) boot.esp32: SPI Mode       : DIO[0m
[0;32mI (48) boot.esp32: SPI Flash Size : 4MB[0m
[0;32mI (52) boot: Enabling RNG early entropy source...[0m
[0;32mI (58) boot: Partition Table:[0m
[0;32mI (61) boot: ## Label            Usage          Type ST Offset   Length[0m
[0;32mI (69) boot:  0 nvs              WiFi data        01 02 00009000 00006000[0m
[0;32mI (76) boot:  1 phy_init         RF data          01 01 0000f000 00001000[0m
[0;32mI (84) boot:  2 factory          factory app      00 00 00010000 00200000[0m
[0;32mI (91) boot: End of partition table[0m
[0;32mI (95) esp_image: segment 0: paddr=00010020 vaddr=3f400020 size=0f498h ( 62616) map[0m
[0;32mI (117) esp_image: segment 1: paddr=0001f4c0 vaddr=3ffbdb60 size=00b58h (  2904) load[0m
[0;32mI (118) esp_image: segment 2: paddr=00020020 vaddr=400d0020 size=1f964h (129380) map[0m
[0;32mI (150) esp_image: segment 3: paddr=0003f98c vaddr=3ffbe6b8 size=02aa8h ( 10920) load[0m
[0;32mI (152) esp_image: segment 4: paddr=0004243c vaddr=40080000 size=0f4ach ( 62636) load[0m
[0;32mI (179) boot: Loaded app from partition at offset 0x10000[0m
[0;32mI (179) boot: Disabling RNG early entropy source...[0m
[0;32mI (191) cpu_start: Multicore app[0m
[0;32mI (199) cpu_start: Pro cpu start user code[0m
[0;32mI (199) cpu_start: cpu freq: 160000000 Hz[0m
[0;32mI (200) cpu_start: Application information:[0m
[0;32mI (203) cpu_start: Project name:     InteligentStationForGrowingPlan[0m
[0;32mI (210) cpu_start: App version:      821bba1-dirty[0m
[0;32mI (215) cpu_start: Compile time:     Jan 24 2024 23:21:30[0m
[0;32mI (221) cpu_start: ELF file SHA256:  156ce5ce6...[0m
[0;32mI (226) cpu_start: ESP-IDF:          v5.3-dev-262-g294c2bd70d[0m
[0;32mI (233) cpu_start: Min chip rev:     v0.0[0m
[0;32mI (238) cpu_start: Max chip rev:     v3.99 [0m
[0;32mI (242) cpu_start: Chip rev:         v1.0[0m
[0;32mI (247) heap_init: Initializing. RAM available for dynamic allocation:[0m
[0;32mI (255) heap_init: At 3FFAE6E0 len 0000F480 (61 KiB): DRAM[0m
[0;32mI (261) heap_init: At 3FFC1AC0 len 0001E540 (121 KiB): DRAM[0m
[0;32mI (267) heap_init: At 3FFE0440 len 00003AE0 (14 KiB): D/IRAM[0m
[0;32mI (273) heap_init: At 3FFE4350 len 0001BCB0 (111 KiB): D/IRAM[0m
[0;32mI (280) heap_init: At 4008F4AC len 00010B54 (66 KiB): IRAM[0m
[0;32mI (287) spi_flash: detected chip: winbond[0m
[0;32mI (290) spi_flash: flash io: dio[0m
[0;33mW (295) i2c: This driver is an old driver, please migrate your application code to adapt `driver/i2c_master.h`[0m
[0;32mI (305) coexist: coex firmware version: b6d5e8c[0m
[0;32mI (311) main_task: Started on CPU0[0m
[0;32mI (321) main_task: Calling app_main()[0m
[0;32mI (351) gpio: GPIO[33]| InputEn: 0| OutputEn: 1| OpenDrain: 0| Pullup: 0| Pulldown: 0| Intr:0 [0m
[0;32mI (351) gpio: GPIO[32]| InputEn: 0| OutputEn: 1| OpenDrain: 0| Pullup: 0| Pulldown: 0| Intr:0 [0m
[0;32mI (351) gpio: GPIO[2]| InputEn: 0| OutputEn: 1| OpenDrain: 0| Pullup: 0| Pulldown: 0| Intr:0 [0m
[0;32mI (361) gpio: GPIO[25]| InputEn: 1| OutputEn: 0| OpenDrain: 0| Pullup: 0| Pulldown: 0| Intr:3 [0m
[0;31mE (391) esp_clk_tree: esp_clk_tree_src_get_freq_hz(21): unknown clk src[0m
[0;31mE (391) rmt: rmt_select_periph_clock(159): get clock source frequency failed[0m
[0;31mE (391) rmt: rmt_new_rx_channel(249): set group clock failed[0m
[0;31mE (401) am2302.rmt: am2302_new_sensor_rmt(194): create rmt rx channel failed[0m
ESP_ERROR_CHECK failed: esp_err_t 0x102 (ESP_ERR_INVALID_ARG) at 0x400d6076
file: "./main/am2320.c" line 13
func: config_am2320
expression: am2302_new_sensor_rmt(&am2302_config, &rmt_config, &sensor)

abort() was called at PC 0x40087dbb on core 0


Backtrace: 0x4008180a:0x3ffb22e0 0x40087dc5:0x3ffb2300 0x4008de29:0x3ffb2320 0x40087dbb:0x3ffb2390 0x400d6076:0x3ffb23c0 0x400d6331:0x3ffb2410 0x400eefec:0x3ffb2430 0x400888ad:0x3ffb2460




ELF file SHA256: 156ce5ce6

Rebooting...
ets Jun  8 2016 00:22:57

rst:0xc (SW_CPU_RESET),boot:0x13 (SPI_FAST_FLASH_BOOT)
configsip: 0, SPIWP:0xee
clk_drv:0x00,q_drv:0x00,d_drv:0x00,cs0_drv:0x00,hd_drv:0x00,wp_drv:0x00
mode:DIO, clock div:2
load:0x3fff0030,len:7140
load:0x40078000,len:15500
load:0x40080400,len:4
load:0x40080404,len:3904
entry 0x40080640
[0;32mI (29) boot: ESP-IDF v5.3-dev-262-g294c2bd70d 2nd stage bootloader[0m
[0;32mI (29) boot: compile time Dec 14 2023 19:21:26[0m
[0;32mI (31) boot: Multicore bootloader[0m
[0;32mI (35) boot: chip revision: v1.0[0m
[0;32mI (39) boot.esp32: SPI Speed      : 40MHz[0m
[0;32mI (43) boot.esp32: SPI Mode       : DIO[0m
[0;32mI (48) boot.esp32: SPI Flash Size : 4MB[0m
[0;32mI (52) boot: Enabling RNG early entropy source...[0m
[0;32mI (58) boot: Partition Table:[0m
[0;32mI (61) boot: ## Label            Usage          Type ST Offset   Length[0m
[0;32mI (69) boot:  0 nvs              WiFi data        01 02 00009000 00006000[0m
[0;32mI (76) boot:  1 phy_init         RF data          01 01 0000f000 00001000[0m
[0;32mI (84) boot:  2 factory          factory app      00 00 00010000 00200000[0m
[0;32mI (91) boot: End of partition table[0m
[0;32mI (95) esp_image: segment 0: paddr=00010020 vaddr=3f400020 size=0f498h ( 62616) map[0m
[0;32mI (117) esp_image: segment 1: paddr=0001f4c0 vaddr=3ffbdb60 size=00b58h (  2904) load[0m
[0;32mI (118) esp_image: segment 2: paddr=00020020 vaddr=400d0020 size=1f964h (129380) map[0m
[0;32mI (150) esp_image: segment 3: paddr=0003f98c vaddr=3ffbe6b8 size=02aa8h ( 10920) load[0m
[0;32mI (152) esp_image: segment 4: paddr=0004243c vaddr=40080000 size=0f4ach ( 62636) load[0m
[0;32mI (179) boot: Loaded app from partition at offset 0x10000[0m
[0;32mI (179) boot: Disabling RNG early entropy source...[0m
[0;32mI (191) cpu_start: Multicore app[0m
[0;32mI (199) cpu_start: Pro cpu start user code[0m
[0;32mI (199) cpu_start: cpu freq: 160000000 Hz[0m
[0;32mI (200) cpu_start: Application information:[0m
[0;32mI (203) cpu_start: Project name:     InteligentStationForGrowingPlan[0m
[0;32mI (210) cpu_start: App version:      821bba1-dirty[0m
[0;32mI (215) cpu_start: Compile time:     Jan 24 2024 23:21:30[0m
[0;32mI (221) cpu_start: ELF file SHA256:  156ce5ce6...[0m
[0;32mI (226) cpu_start: ESP-IDF:          v5.3-dev-262-g294c2bd70d[0m
[0;32mI (233) cpu_start: Min chip rev:     v0.0[0m
[0;32mI (238) cpu_start: Max chip rev:     v3.99 [0m
[0;32mI (242) cpu_start: Chip rev:         v1.0[0m
[0;32mI (247) heap_init: Initializing. RAM available for dynamic allocation:[0m
[0;32mI (255) heap_init: At 3FFAE6E0 len 0000F480 (61 KiB): DRAM[0m
[0;32mI (261) heap_init: At 3FFC1AC0 len 0001E540 (121 KiB): DRAM[0m
[0;32mI (267) heap_init: At 3FFE0440 len 00003AE0 (14 KiB): D/IRAM[0m
[0;32mI (273) heap_init: At 3FFE4350 len 0001BCB0 (111 KiB): D/IRAM[0m
[0;32mI (280) heap_init: At 4008F4AC len 00010B54 (66 KiB): IRAM[0m
[0;32mI (287) spi_flash: detected chip: winbond[0m
[0;32mI (290) spi_flash: flash io: dio[0m
[0;33mW (295) i2c: This driver is an old driver, please migrate your application code to adapt `driver/i2c_master.h`[0m
[0;32mI (305) coexist: coex firmware version: b6d5e8c[0m
[0;32mI (311) main_task: Started on CPU0[0m
[0;32mI (321) main_task: Calling app_main()[0m
[0;32mI (351) gpio: GPIO[33]| InputEn: 0| OutputEn: 1| OpenDrain: 0| Pullup: 0| Pulldown: 0| Intr:0 [0m
[0;32mI (351) gpio: GPIO[32]| InputEn: 0| OutputEn: 1| OpenDrain: 0| Pullup: 0| Pulldown: 0| Intr:0 [0m
[0;32mI (351) gpio: GPIO[2]| InputEn: 0| OutputEn: 1| OpenDrain: 0| Pullup: 0| Pulldown: 0| Intr:0 [0m
[0;32mI (361) gpio: GPIO[25]| InputEn: 1| OutputEn: 0| OpenDrain: 0| Pullup: 0| Pulldown: 0| Intr:3 [0m
[0;31mE (391) esp_clk_tree: esp_clk_tree_src_get_freq_hz(21): unknown clk src[0m
[0;31mE (391) rmt: rmt_select_periph_clock(159): get clock source frequency failed[0m
[0;31mE (391) rmt: rmt_new_rx_channel(249): set group clock failed[0m
[0;31mE (401) am2302.rmt: am2302_new_sensor_rmt(194): create rmt rx channel failed[0m
ESP_ERROR_CHECK failed: esp_err_t 0x102 (ESP_ERR_INVALID_ARG) at 0x400d6076
file: "./main/am2320.c" line 13
func: config_am2320
expression: am2302_new_sensor_rmt(&am2302_config, &rmt_config, &sensor)

abort() was called at PC 0x40087dbb on core 0


Backtrace: 0x4008180a:0x3ffb22e0 0x40087dc5:0x3ffb2300 0x4008de29:0x3ffb2320 0x40087dbb:0x3ffb2390 0x400d6076:0x3ffb23c0 0x400d6331:0x3ffb2410 0x400eefec:0x3ffb2430 0x400888ad:0x3ffb2460




ELF file SHA256: 156ce5ce6

Rebooting...
ets Jun  8 2016 00:22:57

rst:0xc (SW_CPU_RESET),boot:0x13 (SPI_FAST_FLASH_BOOT)
configsip: 0, SPIWP:0xee
clk_drv:0x00,q_drv:0x00,d_drv:0x00,cs0_drv:0x00,hd_drv:0x00,wp_drv:0x00
mode:DIO, clock div:2
load:0x3fff0030,len:7140
load:0x40078000,len:15500
load:0x40080400,len:4
load:0x40080404,len:3904
entry 0x40080640
[0;32mI (29) boot: ESP-IDF v5.3-dev-262-g294c2bd70d 2nd stage bootloader[0m
[0;32mI (29) boot: compile time Dec 14 2023 19:21:26[0m
[0;32mI (31) boot: Multicore bootloader[0m
[0;32mI (35) boot: chip revision: v1.0[0m
[0;32mI (39) boot.esp32: SPI Speed      : 40MHz[0m
[0;32mI (43) boot.esp32: SPI Mode       : DIO[0m
[0;32mI (48) boot.esp32: SPI Flash Size : 4MB[0m
[0;32mI (52) boot: Enabling RNG early entropy source...[0m
[0;32mI (58) boot: Partition Table:[0m
[0;32mI (61) boot: ## Label            Usage          Type ST Offset   Length[0m
[0;32mI (69) boot:  0 nvs              WiFi data        01 02 00009000 00006000[0m
[0;32mI (76) boot:  1 phy_init         RF data          01 01 0000f000 00001000[0m
[0;32mI (84) boot:  2 factory          factory app      00 00 00010000 00200000[0m
[0;32mI (91) boot: End of partition table[0m
[0;32mI (95) esp_image: segment 0: paddr=00010020 vaddr=3f400020 size=0f498h ( 62616) map[0m
[0;32mI (117) esp_image: segment 1: paddr=0001f4c0 vaddr=3ffbdb60 size=00b58h (  2904) load[0m
[0;32mI (118) esp_image: segment 2: paddr=00020020 vaddr=400d0020 size=1f964h (129380) map[0m
[0;32mI (150) esp_image: segment 3: paddr=0003f98c vaddr=3ffbe6b8 size=02aa8h ( 10920) load[0m
[0;32mI (152) esp_image: segment 4: paddr=0004243c vaddr=40080000 size=0f4ach ( 62636) load[0m
[0;32mI (179) boot: Loaded app from partition at offset 0x10000[0m
[0;32mI (179) boot: Disabling RNG early entropy source...[0m
[0;32mI (191) cpu_start: Multicore app[0m
[0;32mI (199) cpu_start: Pro cpu start user code[0m
[0;32mI (199) cpu_start: cpu freq: 160000000 Hz[0m
[0;32mI (200) cpu_start: Application information:[0m
[0;32mI (203) cpu_start: Project name:     InteligentStationForGrowingPlan[0m
[0;32mI (210) cpu_start: App version:      821bba1-dirty[0m
[0;32mI (215) cpu_start: Compile time:     Jan 24 2024 23:21:30[0m
[0;32mI (221) cpu_start: ELF file SHA256:  156ce5ce6...[0m
[0;32mI (226) cpu_start: ESP-IDF:          v5.3-dev-262-g294c2bd70d[0m
[0;32mI (233) cpu_start: Min chip rev:     v0.0[0m
[0;32mI (238) cpu_start: Max chip rev:     v3.99 [0m
[0;32mI (242) cpu_start: Chip rev:         v1.0[0m
[0;32mI (247) heap_init: Initializing. RAM available for dynamic allocation:[0m
[0;32mI (255) heap_init: At 3FFAE6E0 len 0000F480 (61 KiB): DRAM[0m
[0;32mI (261) heap_init: At 3FFC1AC0 len 0001E540 (121 KiB): DRAM[0m
[0;32mI (267) heap_init: At 3FFE0440 len 00003AE0 (14 KiB): D/IRAM[0m
[0;32mI (273) heap_init: At 3FFE4350 len 0001BCB0 (111 KiB): D/IRAM[0m
[0;32mI (280) heap_init: At 4008F4AC len 00010B54 (66 KiB): IRAM[0m
[0;32mI (287) spi_flash: detected chip: winbond[0m
[0;32mI (290) spi_flash: flash io: dio[0m
[0;33mW (295) i2c: This driver is an old driver, please migrate your application code to adapt `driver/i2c_master.h`[0m
[0;32mI (305) coexist: coex firmware version: b6d5e8c[0m
[0;32mI (311) main_task: Started on CPU0[0m
[0;32mI (321) main_task: Calling app_main()[0m
[0;32mI (351) gpio: GPIO[33]| InputEn: 0| OutputEn: 1| OpenDrain: 0| Pullup: 0| Pulldown: 0| Intr:0 [0m
[0;32mI (351) gpio: GPIO[32]| InputEn: 0| OutputEn: 1| OpenDrain: 0| Pullup: 0| Pulldown: 0| Intr:0 [0m
[0;32mI (351) gpio: GPIO[2]| InputEn: 0| OutputEn: 1| OpenDrain: 0| Pullup: 0| Pulldown: 0| Intr:0 [0m
[0;32mI (361) gpio: GPIO[25]| InputEn: 1| OutputEn: 0| OpenDrain: 0| Pullup: 0| Pulldown: 0| Intr:3 [0m
[0;31mE (391) esp_clk_tree: esp_clk_tree_src_get_freq_hz(21): unknown clk src[0m
[0;31mE (391) rmt: rmt_select_periph_clock(159): get clock source frequency failed[0m
[0;31mE (391) rmt: rmt_new_rx_channel(249): set group clock failed[0m
[0;31mE (401) am2302.rmt: am2302_new_sensor_rmt(194): create rmt rx channel failed[0m
ESP_ERROR_CHECK failed: esp_err_t 0x102 (ESP_ERR_INVALID_ARG) at 0x400d6076
file: "./main/am2320.c" line 13
func: config_am2320
expression: am2302_new_sensor_rmt(&am2302_config, &rmt_config, &sensor)

abort() was called at PC 0x40087dbb on core 0


Backtrace: 0x4008180a:0x3ffb22e0 0x40087dc5:0x3ffb2300 0x4008de29:0x3ffb2320 0x40087dbb:0x3ffb2390 0x400d6076:0x3ffb23c0 0x400d6331:0x3ffb2410 0x400eefec:0x3ffb2430 0x400888ad:0x3ffb2460




ELF file SHA256: 156ce5ce6

Rebooting...
ets Jun  8 2016 00:22:57

rst:0xc (SW_CPU_RESET),boot:0x13 (SPI_FAST_FLASH_BOOT)
configsip: 0, SPIWP:0xee
clk_drv:0x00,q_drv:0x00,d_drv:0x00,cs0_drv:0x00,hd_drv:0x00,wp_drv:0x00
mode:DIO, clock div:2
load:0x3fff0030,len:7140
load:0x40078000,len:15500
load:0x40080400,len:4
load:0x40080404,len:3904
entry 0x40080640
[0;32mI (29) boot: ESP-IDF v5.3-dev-262-g294c2bd70d 2nd stage bootloader[0m
[0;32mI (29) boot: compile time Dec 14 2023 19:21:26[0m
[0;32mI (31) boot: Multicore bootloader[0m
[0;32mI (35) boot: chip revision: v1.0[0m
[0;32mI (39) boot.esp32: SPI Speed      : 40MHz[0m
[0;32mI (43) boot.esp32: SPI Mode       : DIO[0m
[0;32mI (48) boot.esp32: SPI Flash Size : 4MB[0m
[0;32mI (52) boot: Enabling RNG early entropy source...[0m
[0;32mI (58) boot: Partition Table:[0m
[0;32mI (61) boot: ## Label            Usage          Type ST Offset   Length[0m
[0;32mI (69) boot:  0 nvs              WiFi data        01 02 00009000 00006000[0m
[0;32mI (76) boot:  1 phy_init         RF data          01 01 0000f000 00001000[0m
[0;32mI (84) boot:  2 factory          factory app      00 00 00010000 00200000[0m
[0;32mI (91) boot: End of partition table[0m
[0;32mI (95) esp_image: segment 0: paddr=00010020 vaddr=3f400020 size=0f498h ( 62616) map[0m
[0;32mI (117) esp_image: segment 1: paddr=0001f4c0 vaddr=3ffbdb60 size=00b58h (  2904) load[0m
[0;32mI (118) esp_image: segment 2: paddr=00020020 vaddr=400d0020 size=1f964h (129380) map[0m
[0;32mI (150) esp_image: segment 3: paddr=0003f98c vaddr=3ffbe6b8 size=02aa8h ( 10920) load[0m
[0;32mI (152) esp_image: segment 4: paddr=0004243c vaddr=40080000 size=0f4ach ( 62636) load[0m
[0;32mI (179) boot: Loaded app from partition at offset 0x10000[0m
[0;32mI (179) boot: Disabling RNG early entropy source...[0m
[0;32mI (191) cpu_start: Multicore app[0m
[0;32mI (199) cpu_start: Pro cpu start user code[0m
[0;32mI (199) cpu_start: cpu freq: 160000000 Hz[0m
[0;32mI (200) cpu_start: Application information:[0m
[0;32mI (203) cpu_start: Project name:     InteligentStationForGrowingPlan[0m
[0;32mI (210) cpu_start: App version:      821bba1-dirty[0m
[0;32mI (215) cpu_start: Compile time:     Jan 24 2024 23:21:30[0m
[0;32mI (221) cpu_start: ELF file SHA256:  156ce5ce6...[0m
[0;32mI (226) cpu_start: ESP-IDF:          v5.3-dev-262-g294c2bd70d[0m
[0;32mI (233) cpu_start: Min chip rev:     v0.0[0m
[0;32mI (238) cpu_start: Max chip rev:     v3.99 [0m
[0;32mI (242) cpu_start: Chip rev:         v1.0[0m
[0;32mI (247) heap_init: Initializing. RAM available for dynamic allocation:[0m
[0;32mI (255) heap_init: At 3FFAE6E0 len 0000F480 (61 KiB): DRAM[0m
[0;32mI (261) heap_init: At 3FFC1AC0 len 0001E540 (121 KiB): DRAM[0m
[0;32mI (267) heap_init: At 3FFE0440 len 00003AE0 (14 KiB): D/IRAM[0m
[0;32mI (273) heap_init: At 3FFE4350 len 0001BCB0 (111 KiB): D/IRAM[0m
[0;32mI (280) heap_init: At 4008F4AC len 00010B54 (66 KiB): IRAM[0m
[0;32mI (287) spi_flash: detected chip: winbond[0m
[0;32mI (290) spi_flash: flash io: dio[0m
[0;33mW (295) i2c: This driver is an old driver, please migrate your application code to adapt `driver/i2c_master.h`[0m
[0;32mI (305) coexist: coex firmware version: b6d5e8c[0m
[0;32mI (311) main_task: Started on CPU0[0m
[0;32mI (321) main_task: Calling app_main()[0m
[0;32mI (351) gpio: GPIO[33]| InputEn: 0| OutputEn: 1| OpenDrain: 0| Pullup: 0| Pulldown: 0| Intr:0 [0m
[0;32mI (351) gpio: GPIO[32]| InputEn: 0| OutputEn: 1| OpenDrain: 0| Pullup: 0| Pulldown: 0| Intr:0 [0m
[0;32mI (351) gpio: GPIO[2]| InputEn: 0| OutputEn: 1| OpenDrain: 0| Pullup: 0| Pulldown: 0| Intr:0 [0m
[0;32mI (361) gpio: GPIO[25]| InputEn: 1| OutputEn: 0| OpenDrain: 0| Pullup: 0| Pulldown: 0| Intr:3 [0m
[0;31mE (391) esp_clk_tree: esp_clk_tree_src_get_freq_hz(21): unknown clk src[0m
[0;31mE (391) rmt: rmt_select_periph_clock(159): get clock source frequency failed[0m
[0;31mE (391) rmt: rmt_new_rx_channel(249): set group clock failed[0m
[0;31mE (401) am2302.rmt: am2302_new_sensor_rmt(194): create rmt rx channel failed[0m
ESP_ERROR_CHECK failed: esp_err_t 0x102 (ESP_ERR_INVALID_ARG) at 0x400d6076
file: "./main/am2320.c" line 13
func: config_am2320
expression: am2302_new_sensor_rmt(&am2302_config, &rmt_config, &sensor)

abort() was called at PC 0x40087dbb on core 0


Backtrace: 0x4008180a:0x3ffb22e0 0x40087dc5:0x3ffb2300 0x4008de29:0x3ffb2320 0x40087dbb:0x3ffb2390 0x400d6076:0x3ffb23c0 0x400d6331:0x3ffb2410 0x400eefec:0x3ffb2430 0x400888ad:0x3ffb2460




ELF file SHA256: 156ce5ce6

Rebooting...
ets Jun  8 2016 00:22:57

rst:0xc (SW_CPU_RESET),boot:0x13 (SPI_FAST_FLASH_BOOT)
configsip: 0, SPIWP:0xee
clk_drv:0x00,q_drv:0x00,d_drv:0x00,cs0_drv:0x00,hd_drv:0x00,wp_drv:0x00
mode:DIO, clock div:2
load:0x3fff0030,len:7140
load:0x40078000,len:15500
load:0x40080400,len:4
load:0x40080404,len:3904
entry 0x40080640
[0;32mI (29) boot: ESP-IDF v5.3-dev-262-g294c2bd70d 2nd stage bootloader[0m
[0;32mI (29) boot: compile time Dec 14 2023 19:21:26[0m
[0;32mI (31) boot: Multicore bootloader[0m
[0;32mI (35) boot: chip revision: v1.0[0m
[0;32mI (39) boot.esp32: SPI Speed      : 40MHz[0m
[0;32mI (43) boot.esp32: SPI Mode       : DIO[0m
[0;32mI (48) boot.esp32: SPI Flash Size : 4MB[0m
[0;32mI (52) boot: Enabling RNG early entropy source...[0m
[0;32mI (58) boot: Partition Table:[0m
[0;32mI (61) boot: ## Label            Usage          Type ST Offset   Length[0m
[0;32mI (69) boot:  0 nvs              WiFi data        01 02 00009000 00006000[0m
[0;32mI (76) boot:  1 phy_init         RF data          01 01 0000f000 00001000[0m
[0;32mI (84) boot:  2 factory          factory app      00 00 00010000 00200000[0m
[0;32mI (91) boot: End of partition table[0m
[0;32mI (95) esp_image: segment 0: paddr=00010020 vaddr=3f400020 size=0f498h ( 62616) map[0m
[0;32mI (117) esp_image: segment 1: paddr=0001f4c0 vaddr=3ffbdb60 size=00b58h (  2904) load[0m
[0;32mI (118) esp_image: segment 2: paddr=00020020 vaddr=400d0020 size=1f964h (129380) map[0m
[0;32mI (150) esp_image: segment 3: paddr=0003f98c vaddr=3ffbe6b8 size=02aa8h ( 10920) load[0m
[0;32mI (152) esp_image: segment 4: paddr=0004243c vaddr=40080000 size=0f4ach ( 62636) load[0m
[0;32mI (179) boot: Loaded app from partition at offset 0x10000[0m
[0;32mI (179) boot: Disabling RNG early entropy source...[0m
[0;32mI (191) cpu_start: Multicore app[0m
[0;32mI (199) cpu_start: Pro cpu start user code[0m
[0;32mI (199) cpu_start: cpu freq: 160000000 Hz[0m
[0;32mI (200) cpu_start: Application information:[0m
[0;32mI (203) cpu_start: Project name:     InteligentStationForGrowingPlan[0m
[0;32mI (210) cpu_start: App version:      821bba1-dirty[0m
[0;32mI (215) cpu_start: Compile time:     Jan 24 2024 23:21:30[0m
[0;32mI (221) cpu_start: ELF file SHA256:  156ce5ce6...[0m
[0;32mI (226) cpu_start: ESP-IDF:          v5.3-dev-262-g294c2bd70d[0m
[0;32mI (233) cpu_start: Min chip rev:     v0.0[0m
[0;32mI (238) cpu_start: Max chip rev:     v3.99 [0m
[0;32mI (242) cpu_start: Chip rev:         v1.0[0m
[0;32mI (247) heap_init: Initializing. RAM available for dynamic allocation:[0m
[0;32mI (255) heap_init: At 3FFAE6E0 len 0000F480 (61 KiB): DRAM[0m
[0;32mI (261) heap_init: At 3FFC1AC0 len 0001E540 (121 KiB): DRAM[0m
[0;32mI (267) heap_init: At 3FFE0440 len 00003AE0 (14 KiB): D/IRAM[0m
[0;32mI (273) heap_init: At 3FFE4350 len 0001BCB0 (111 KiB): D/IRAM[0m
[0;32mI (280) heap_init: At 4008F4AC len 00010B54 (66 KiB): IRAM[0m
[0;32mI (287) spi_flash: detected chip: winbond[0m
[0;32mI (290) spi_flash: flash io: dio[0m
[0;33mW (295) i2c: This driver is an old driver, please migrate your application code to adapt `driver/i2c_master.h`[0m
[0;32mI (305) coexist: coex firmware version: b6d5e8c[0m
[0;32mI (311) main_task: Started on CPU0[0m
[0;32mI (321) main_task: Calling app_main()[0m
[0;32mI (351) gpio: GPIO[33]| InputEn: 0| OutputEn: 1| OpenDrain: 0| Pullup: 0| Pulldown: 0| Intr:0 [0m
[0;32mI (351) gpio: GPIO[32]| InputEn: 0| OutputEn: 1| OpenDrain: 0| Pullup: 0| Pulldown: 0| Intr:0 [0m
[0;32mI (351) gpio: GPIO[2]| InputEn: 0| OutputEn: 1| OpenDrain: 0| Pullup: 0| Pulldown: 0| Intr:0 [0m
[0;32mI (361) gpio: GPIO[25]| InputEn: 1| OutputEn: 0| OpenDrain: 0| Pullup: 0| Pulldown: 0| Intr:3 [0m
[0;31mE (391) esp_clk_tree: esp_clk_tree_src_get_freq_hz(21): unknown clk src[0m
[0;31mE (391) rmt: rmt_select_periph_clock(159): get clock source frequency failed[0m
[0;31mE (391) rmt: rmt_new_rx_channel(249): set group clock failed[0m
[0;31mE (401) am2302.rmt: am2302_new_sensor_rmt(194): create rmt rx channel failed[0m
ESP_ERROR_CHECK failed: esp_err_t 0x102 (ESP_ERR_INVALID_ARG) at 0x400d6076
file: "./main/am2320.c" line 13
func: config_am2320
expression: am2302_new_sensor_rmt(&am2302_config, &rmt_config, &sensor)

abort() was called at PC 0x40087dbb on core 0


Backtrace: 0x4008180a:0x3ffb22e0 0x40087dc5:0x3ffb2300 0x4008de29:0x3ffb2320 0x40087dbb:0x3ffb2390 0x400d6076:0x3ffb23c0 0x400d6331:0x3ffb2410 0x400eefec:0x3ffb2430 0x400888ad:0x3ffb2460




ELF file SHA256: 156ce5ce6

Rebooting...
ets Jun  8 2016 00:22:57

rst:0xc (SW_CPU_RESET),boot:0x13 (SPI_FAST_FLASH_BOOT)
configsip: 0, SPIWP:0xee
clk_drv:0x00,q_drv:0x00,d_drv:0x00,cs0_drv:0x00,hd_drv:0x00,wp_drv:0x00
mode:DIO, clock div:2
load:0x3fff0030,len:7140
load:0x40078000,len:15500
load:0x40080400,len:4
load:0x40080404,len:3904
entry 0x40080640
[0;32mI (29) boot: ESP-IDF v5.3-dev-262-g294c2bd70d 2nd stage bootloader[0m
[0;32mI (29) boot: compile time Dec 14 2023 19:21:26[0m
[0;32mI (31) boot: Multicore bootloader[0m
[0;32mI (35) boot: chip revision: v1.0[0m
[0;32mI (39) boot.esp32: SPI Speed      : 40MHz[0m
[0;32mI (43) boot.esp32: SPI Mode       : DIO[0m
[0;32mI (48) boot.esp32: SPI Flash Size : 4MB[0m
[0;32mI (52) boot: Enabling RNG early entropy source...[0m
[0;32mI (58) boot: Partition Table:[0m
[0;32mI (61) boot: ## Label            Usage          Type ST Offset   Length[0m
[0;32mI (69) boot:  0 nvs              WiFi data        01 02 00009000 00006000[0m
[0;32mI (76) boot:  1 phy_init         RF data          01 01 0000f000 00001000[0m
[0;32mI (84) boot:  2 factory          factory app      00 00 00010000 00200000[0m
[0;32mI (91) boot: End of partition table[0m
[0;32mI (95) esp_image: segment 0: paddr=00010020 vaddr=3f400020 size=0f498h ( 62616) map[0m
[0;32mI (117) esp_image: segment 1: paddr=0001f4c0 vaddr=3ffbdb60 size=00b58h (  2904) load[0m
[0;32mI (118) esp_image: segment 2: paddr=00020020 vaddr=400d0020 size=1f964h (129380) map[0m
[0;32mI (150) esp_image: segment 3: paddr=0003f98c vaddr=3ffbe6b8 size=02aa8h ( 10920) load[0m
[0;32mI (152) esp_image: segment 4: paddr=0004243c vaddr=40080000 size=0f4ach ( 62636) load[0m
[0;32mI (179) boot: Loaded app from partition at offset 0x10000[0m
[0;32mI (179) boot: Disabling RNG early entropy source...[0m
[0;32mI (191) cpu_start: Multicore app[0m
[0;32mI (199) cpu_start: Pro cpu start user code[0m
[0;32mI (199) cpu_start: cpu freq: 160000000 Hz[0m
[0;32mI (200) cpu_start: Application information:[0m
[0;32mI (203) cpu_start: Project name:     InteligentStationForGrowingPlan[0m
[0;32mI (210) cpu_start: App version:      821bba1-dirty[0m
[0;32mI (215) cpu_start: Compile time:     Jan 24 2024 23:21:30[0m
[0;32mI (221) cpu_start: ELF file SHA256:  156ce5ce6...[0m
[0;32mI (226) cpu_start: ESP-IDF:          v5.3-dev-262-g294c2bd70d[0m
[0;32mI (233) cpu_start: Min chip rev:     v0.0[0m
[0;32mI (238) cpu_start: Max chip rev:     v3.99 [0m
[0;32mI (242) cpu_start: Chip rev:         v1.0[0m
[0;32mI (247) heap_init: Initializing. RAM available for dynamic allocation:[0m
[0;32mI (255) heap_init: At 3FFAE6E0 len 0000F480 (61 KiB): DRAM[0m
[0;32mI (261) heap_init: At 3FFC1AC0 len 0001E540 (121 KiB): DRAM[0m
[0;32mI (267) heap_init: At 3FFE0440 len 00003AE0 (14 KiB): D/IRAM[0m
[0;32mI (273) heap_init: At 3FFE4350 len 0001BCB0 (111 KiB): D/IRAM[0m
[0;32mI (280) heap_init: At 4008F4AC len 00010B54 (66 KiB): IRAM[0m
[0;32mI (287) spi_flash: detected chip: winbond[0m
[0;32mI (290) spi_flash: flash io: dio[0m
[0;33mW (295) i2c: This driver is an old driver, please migrate your application code to adapt `driver/i2c_master.h`[0m
[0;32mI (305) coexist: coex firmware version: b6d5e8c[0m
[0;32mI (311) main_task: Started on CPU0[0m
[0;32mI (321) main_task: Calling app_main()[0m
[0;32mI (351) gpio: GPIO[33]| InputEn: 0| OutputEn: 1| OpenDrain: 0| Pullup: 0| Pulldown: 0| Intr:0 [0m
[0;32mI (351) gpio: GPIO[32]| InputEn: 0| OutputEn: 1| OpenDrain: 0| Pullup: 0| Pulldown: 0| Intr:0 [0m
[0;32mI (351) gpio: GPIO[2]| InputEn: 0| OutputEn: 1| OpenDrain: 0| Pullup: 0| Pulldown: 0| Intr:0 [0m
[0;32mI (361) gpio: GPIO[25]| InputEn: 1| OutputEn: 0| OpenDrain: 0| Pullup: 0| Pulldown: 0| Intr:3 [0m
[0;31mE (391) esp_clk_tree: esp_clk_tree_src_get_freq_hz(21): unknown clk src[0m
[0;31mE (391) rmt: rmt_select_periph_clock(159): get clock source frequency failed[0m
[0;31mE (391) rmt: rmt_new_rx_channel(249): set group clock failed[0m
[0;31mE (401) am2302.rmt: am2302_new_sensor_rmt(194): create rmt rx channel failed[0m
ESP_ERROR_CHECK failed: esp_err_t 0x102 (ESP_ERR_INVALID_ARG) at 0x400d6076
file: "./main/am2320.c" line 13
func: config_am2320
expression: am2302_new_sensor_rmt(&am2302_config, &rmt_config, &sensor)

abort() was called at PC 0x40087dbb on core 0


Backtrace: 0x4008180a:0x3ffb22e0 0x40087dc5:0x3ffb2300 0x4008de29:0x3ffb2320 0x40087dbb:0x3ffb2390 0x400d6076:0x3ffb23c0 0x400d6331:0x3ffb2410 0x400eefec:0x3ffb2430 0x400888ad:0x3ffb2460




ELF file SHA256: 156ce5ce6

Rebooting...
ets Jun  8 2016 00:22:57

rst:0xc (SW_CPU_RESET),boot:0x13 (SPI_FAST_FLASH_BOOT)
configsip: 0, SPIWP:0xee
clk_drv:0x00,q_drv:0x00,d_drv:0x00,cs0_drv:0x00,hd_drv:0x00,wp_drv:0x00
mode:DIO, clock div:2
load:0x3fff0030,len:7140
load:0x40078000,len:15500
load:0x40080400,len:4
load:0x40080404,len:3904
entry 0x40080640
[0;32mI (29) boot: ESP-IDF v5.3-dev-262-g294c2bd70d 2nd stage bootloader[0m
[0;32mI (29) boot: compile time Dec 14 2023 19:21:26[0m
[0;32mI (31) boot: Multicore bootloader[0m
[0;32mI (35) boot: chip revision: v1.0[0m
[0;32mI (39) boot.esp32: SPI Speed      : 40MHz[0m
[0;32mI (43) boot.esp32: SPI Mode       : DIO[0m
[0;32mI (48) boot.esp32: SPI Flash Size : 4MB[0m
[0;32mI (52) boot: Enabling RNG early entropy source...[0m
[0;32mI (58) boot: Partition Table:[0m
[0;32mI (61) boot: ## Label            Usage          Type ST Offset   Length[0m
[0;32mI (69) boot:  0 nvs              WiFi data        01 02 00009000 00006000[0m
[0;32mI (76) boot:  1 phy_init         RF data          01 01 0000f000 00001000[0m
[0;32mI (84) boot:  2 factory          factory app      00 00 00010000 00200000[0m
[0;32mI (91) boot: End of partition table[0m
[0;32mI (95) esp_image: segment 0: paddr=00010020 vaddr=3f400020 size=0f498h ( 62616) map[0m
[0;32mI (117) esp_image: segment 1: paddr=0001f4c0 vaddr=3ffbdb60 size=00b58h (  2904) load[0m
[0;32mI (118) esp_image: segment 2: paddr=00020020 vaddr=400d0020 size=1f964h (129380) map[0m
[0;32mI (150) esp_image: segment 3: paddr=0003f98c vaddr=3ffbe6b8 size=02aa8h ( 10920) load[0m
[0;32mI (152) esp_image: segment 4: paddr=0004243c vaddr=40080000 size=0f4ach ( 62636) load[0m
[0;32mI (179) boot: Loaded app from partition at offset 0x10000[0m
[0;32mI (179) boot: Disabling RNG early entropy source...[0m
[0;32mI (191) cpu_start: Multicore app[0m
[0;32mI (199) cpu_start: Pro cpu start user code[0m
[0;32mI (199) cpu_start: cpu freq: 160000000 Hz[0m
[0;32mI (200) cpu_start: Application information:[0m
[0;32mI (203) cpu_start: Project name:     InteligentStationForGrowingPlan[0m
[0;32mI (210) cpu_start: App version:      821bba1-dirty[0m
[0;32mI (215) cpu_start: Compile time:     Jan 24 2024 23:21:30[0m
[0;32mI (221) cpu_start: ELF file SHA256:  156ce5ce6...[0m
[0;32mI (226) cpu_start: ESP-IDF:          v5.3-dev-262-g294c2bd70d[0m
