ets Jun  8 2016 00:22:57

rst:0x1 (POWERON_RESET),boot:0x13 (SPI_FAST_FLASH_BOOT)
configsip: 0, SPIWP:0xee
clk_drv:0x00,q_drv:0x00,d_drv:0x00,cs0_drv:0x00,hd_drv:0x00,wp_drv:0x00
mode:DIO, clock div:2
load:0x3fff0030,len:7140
load:0x40078000,len:15500
load:0x40080400,len:4
load:0x40080404,len:3904
entry 0x40080640
[0;32mI (28) boot: ESP-IDF v5.3-dev-262-g294c2bd70d 2nd stage bootloader[0m
[0;32mI (28) boot: compile time Dec  5 2023 21:13:00[0m
[0;32mI (30) boot: Multicore bootloader[0m
[0;32mI (34) boot: chip revision: v1.0[0m
[0;32mI (38) boot.esp32: SPI Speed      : 40MHz[0m
[0;32mI (43) boot.esp32: SPI Mode       : DIO[0m
[0;32mI (47) boot.esp32: SPI Flash Size : 4MB[0m
[0;32mI (52) boot: Enabling RNG early entropy source...[0m
[0;32mI (57) boot: Partition Table:[0m
[0;32mI (61) boot: ## Label            Usage          Type ST Offset   Length[0m
[0;32mI (68) boot:  0 nvs              WiFi data        01 02 00009000 00006000[0m
[0;32mI (75) boot:  1 phy_init         RF data          01 01 0000f000 00001000[0m
[0;32mI (83) boot:  2 factory          factory app      00 00 00010000 00200000[0m
[0;32mI (90) boot: End of partition table[0m
[0;32mI (95) esp_image: segment 0: paddr=00010020 vaddr=3f400020 size=26b90h (158608) map[0m
[0;32mI (136) esp_image: segment 1: paddr=00036bb8 vaddr=3ffbdb60 size=05444h ( 21572) load[0m
[0;32mI (141) esp_image: segment 2: paddr=0003c004 vaddr=40080000 size=04014h ( 16404) load[0m
[0;32mI (146) esp_image: segment 3: paddr=00040020 vaddr=400d0020 size=8fa24h (588324) map[0m
[0;32mI (271) esp_image: segment 4: paddr=000cfa4c vaddr=40084014 size=133ach ( 78764) load[0m
[0;32mI (303) boot: Loaded app from partition at offset 0x10000[0m
[0;32mI (303) boot: Disabling RNG early entropy source...[0m
[0;32mI (315) cpu_start: Multicore app[0m
[0;32mI (324) cpu_start: Pro cpu start user code[0m
[0;32mI (324) cpu_start: cpu freq: 160000000 Hz[0m
[0;32mI (324) cpu_start: Application information:[0m
[0;32mI (327) cpu_start: Project name:     InteligentStationForGrowingPlan[0m
[0;32mI (334) cpu_start: App version:      1[0m
[0;32mI (338) cpu_start: Compile time:     Dec  6 2023 12:32:34[0m
[0;32mI (344) cpu_start: ELF file SHA256:  0500c639a...[0m
[0;32mI (350) cpu_start: ESP-IDF:          v5.3-dev-262-g294c2bd70d[0m
[0;32mI (356) cpu_start: Min chip rev:     v0.0[0m
[0;32mI (361) cpu_start: Max chip rev:     v3.99 [0m
[0;32mI (366) cpu_start: Chip rev:         v1.0[0m
[0;32mI (371) heap_init: Initializing. RAM available for dynamic allocation:[0m
[0;32mI (378) heap_init: At 3FFAFF10 len 000000F0 (0 KiB): DRAM[0m
[0;32mI (384) heap_init: At 3FFB6388 len 00001C78 (7 KiB): DRAM[0m
[0;32mI (390) heap_init: At 3FFB9A20 len 00004108 (16 KiB): DRAM[0m
[0;32mI (396) heap_init: At 3FFC7680 len 00018980 (98 KiB): DRAM[0m
[0;32mI (402) heap_init: At 3FFE0440 len 00003AE0 (14 KiB): D/IRAM[0m
[0;32mI (408) heap_init: At 3FFE4350 len 0001BCB0 (111 KiB): D/IRAM[0m
[0;32mI (415) heap_init: At 400973C0 len 00008C40 (35 KiB): IRAM[0m
[0;32mI (423) spi_flash: detected chip: winbond[0m
[0;32mI (426) spi_flash: flash io: dio[0m
[0;32mI (431) coexist: coex firmware version: b6d5e8c[0m
[0;32mI (436) main_task: Started on CPU0[0m
[0;32mI (446) main_task: Calling app_main()[0m
I (486) wifi:wifi driver task: 3ffcbbe0, prio:23, stack:6656, core=0
I (506) wifi:wifi firmware version: a194738
I (506) wifi:wifi certification version: v7.0
I (506) wifi:config NVS flash: enabled
I (506) wifi:config nano formating: disabled
I (506) wifi:Init data frame dynamic rx buffer num: 32
I (516) wifi:Init static rx mgmt buffer num: 5
I (516) wifi:Init management short buffer num: 32
I (516) wifi:Init dynamic tx buffer num: 32
I (526) wifi:Init static rx buffer size: 1600
I (526) wifi:Init static rx buffer num: 10
I (536) wifi:Init dynamic rx buffer num: 32
[0;32mI (536) wifi_init: rx ba win: 6[0m
[0;32mI (536) wifi_init: tcpip mbox: 32[0m
[0;32mI (546) wifi_init: udp mbox: 6[0m
[0;32mI (546) wifi_init: tcp mbox: 6[0m
[0;32mI (546) wifi_init: tcp tx win: 5760[0m
[0;32mI (556) wifi_init: tcp rx win: 5760[0m
[0;32mI (556) wifi_init: tcp mss: 1440[0m
[0;32mI (566) wifi_init: WiFi IRAM OP enabled[0m
[0;32mI (566) wifi_init: WiFi RX IRAM OP enabled[0m
[0;32mI (576) phy_init: phy_version 4780,16b31a7,Sep 22 2023,20:42:16[0m
I (666) wifi:mode : sta (b4:e6:2d:ea:62:f5)
I (666) wifi:enable tsf
[0;32mI (666) WI-FI STATION: wifi_init_sta finished.[0m
I (686) wifi:new:<7,0>, old:<1,0>, ap:<255,255>, sta:<7,0>, prof:1
I (696) wifi:state: init -> auth (b0)
I (726) wifi:state: auth -> init (1c0)
I (726) wifi:new:<7,0>, old:<7,0>, ap:<255,255>, sta:<7,0>, prof:1
[0;32mI (1726) WI-FI STATION: Ponowna prÃ³ba poÅ‚Ä…czenia do sieci ...[0m
[0;32mI (1726) WI-FI STATION: Nie poÅ‚Ä…czono z sieciÄ…[0m
[0;32mI (5136) WI-FI STATION: Ponowna prÃ³ba poÅ‚Ä…czenia do sieci ...[0m
[0;32mI (5136) WI-FI STATION: Nie poÅ‚Ä…czono z sieciÄ…[0m
I (5146) wifi:new:<7,0>, old:<7,0>, ap:<255,255>, sta:<7,0>, prof:1
I (5146) wifi:state: init -> auth (b0)
I (5176) wifi:state: auth -> assoc (0)
I (5186) wifi:state: assoc -> run (10)
I (5216) wifi:connected with supertajnasiec, aid = 6, channel 7, BW20, bssid = 32:b7:6f:cf:c3:24
I (5216) wifi:security: WPA2-PSK, phy: bgn, rssi: -41
I (5216) wifi:pm start, type: 1

I (5226) wifi:dp: 1, bi: 102400, li: 3, scale listen interval from 307200 us to 307200 us
I (5236) wifi:dp: 2, bi: 102400, li: 4, scale listen interval from 307200 us to 409600 us
I (5236) wifi:AP's beacon interval = 102400 us, DTIM period = 2
[0;32mI (6226) esp_netif_handlers: sta ip: 192.168.103.8, mask: 255.255.255.0, gw: 192.168.103.246[0m
[0;32mI (6226) WI-FI STATION: GOT IP: 192.168.103.8[0m
[0;32mI (6226) WI-FI STATION: CONNECTED[0m

PoÅ‚Ä…czono z sieciÄ…:
=====
SSID: supertajnasiec
Password: supertajnehaslo

[0;32mI (6236) MQTT: Other event id: 7[0m
[0;32mI (6246) main_task: Returned from app_main()[0m
I (6776) wifi:<ba-add>idx:0 (ifx:0, 32:b7:6f:cf:c3:24), tid:0, ssn:3, winSize:64
[0;32mI (7186) MQTT: EVENT_CONNECTED[0m
[0;32mI (7196) MQTT: Sent publish successful, msg_id: 36211[0m
[0;32mI (7396) MQTT: EVENT_PUBLISHED, msg_id: 36211[0m
