pu_start: Pro cpu start user code[0m
[0;32mI (410) cpu_start: cpu freq: 16Jï¿½ï¿½}ï¿½ï¿½ï¿½ï¿½ï¿½ï¿½ Project name:     InteligentStationForGrowingPlan[0m
[0;32mI (420) cpu_start: App version:      821bba1-dirty[0m
[0;32mI (425) cpu_start: Compile time:     Dec 14 2023 19:21:16[0m
[0;32ï¿½ets Jul 29 2019 12:21:46

rst:0x1 (POWERON_RESET),boot:0x13 (SPI_FAST_FLASH_BOOT)
configsip: 0, SPIWP:0xee
clk_drv:0x00,q_drv:0x00,d_drv:0x00,cs0_drv:0x00,hd_drv:0x00,wp_drv:0x00
mode:DIO, clock div:2
load:0x3fff0030,len:7140
load:0x40078000,len:15500
load:0x40080400,len:4
load:0x40080404,len:3904
entry 0x40080640
[0;32mI (29) boot: ESP-IDF v5.3-dev-262-g294c2bd70d 2nd stage bootloader[0m
[0;32mI (29) boot: compile time Dec 14 2023 19:21:26[0m
[0;32mI (31) boot: Multicore bootloader[0m
[0;32mI (35) boot: chip revision: v3.0[0m
[0;32mI (39) boot.esp32: SPI Speed      : 40MHz[0m
[0;32mI (44) boot.esp32: SPI Mode       : DIO[0m
[0;32mI (48) boot.esp32: SPI Flash Size : 4MB[0m
[0;32mI (53) boot: Enabling RNG early entropy source...[0m
[0;32mI (58) boot: Partition Table:[0m
[0;32mI (62) boot: ## Label            Usage          Type ST Offset   Length[0m
[0;32mI (69) boot:  0 nvs              WiFi data        01 02 00009000 00006000[0m
[0;32mI (76) boot:  1 phy_init         RF data          01 01 0000f000 00001000[0m
[0;32mI (84) boot:  2 factory          factory app      00 00 00010000 00200000[0m
[0;32mI (91) boot: End of partition table[0m
[0;32mI (96) esp_image: segment 0: paddr=00010020 vaddr=3f400020 size=37208h (225800) map[0m
[0;32mI (151) esp_image: segment 1: paddr=00047230 vaddr=3ffbdb60 size=058e8h ( 22760) load[0m
[0;32mI (156) esp_image: segment 2: paddr=0004cb20 vaddr=40080000 size=034f8h ( 13560) load[0m
[0;32mI (160) esp_image: segment 3: paddr=00050020 vaddr=400d0020 size=d4ab8h (871096) map[0m
[0;32mI (344) esp_image: segment 4: paddr=00124ae0 vaddr=400834f8 size=1be70h (114288) load[0m
[0;32mI (389) boot: Loaded app from partition at offset 0x10000[0m
[0;32mI (389) boot: Disabling RNG early entropy source...[0m
[0;32mI (401) cpu_start: Multicore app[0m
[0;32mI (410) cpu_start: Pro cpu start user code[0m
[0;32mI (410) cpu_start: cpu freq: 160000000 Hz[0m
[0;32mI (410) cpu_start: Application information:[0m
[0;32mI (413) cpu_start: Project name:     InteligentStationForGrowingPlan[0m
[0;32mI (420) cpu_start: App version:      821bba1-dirty[0m
[0;32mI (425) cpu_start: Compile time:     Dec 14 2023 19:21:16[0m
[0;32mI (431) cpu_start: ELF file SHA256:  556e9c810...[0m
[0;32mI (437) cpu_start: ESP-IDF:          v5.3-dev-262-g294c2bd70d[0m
[0;32mI (443) cpu_start: Min chip rev:     v0.0[0m
[0;32mI (448) cpu_start: Max chip rev:     v3.99 [0m
[0;32mI (453) cpu_start: Chip rev:         v3.0[0m
[0;32mI (458) heap_init: Initializing. RAM available for dynamic allocation:[0m
[0;32mI (465) heap_init: At 3FFAFF10 len 000000F0 (0 KiB): DRAM[0m
[0;32mI (471) heap_init: At 3FFB6388 len 00001C78 (7 KiB): DRAM[0m
[0;32mI (477) heap_init: At 3FFB9A20 len 00004108 (16 KiB): DRAM[0m
[0;32mI (483) heap_init: At 3FFCB500 len 00014B00 (82 KiB): DRAM[0m
[0;32mI (489) heap_init: At 3FFE0440 len 00003AE0 (14 KiB): D/IRAM[0m
[0;32mI (495) heap_init: At 3FFE4350 len 0001BCB0 (111 KiB): D/IRAM[0m
[0;32mI (502) heap_init: At 4009F368 len 00000C98 (3 KiB): IRAM[0m
[0;32mI (509) spi_flash: detected chip: generic[0m
[0;32mI (513) spi_flash: flash io: dio[0m
[0;32mI (517) coexist: coex firmware version: b6d5e8c[0m
[0;32mI (522) main_task: Started on CPU0[0m
[0;32mI (532) main_task: Calling app_main()[0m
I (582) wifi:wifi driver task: 3ffcfa94, prio:23, stack:6656, core=0
I (602) wifi:wifi firmware version: a194738
I (602) wifi:wifi certification version: v7.0
I (602) wifi:config NVS flash: enabled
I (602) wifi:config nano formating: disabled
I (612) wifi:Init data frame dynamic rx buffer num: 32
I (612) wifi:Init static rx mgmt buffer num: 5
I (622) wifi:Init management short buffer num: 32
I (622) wifi:Init dynamic tx buffer num: 32
I (622) wifi:Init static rx buffer size: 1600
I (632) wifi:Init static rx buffer num: 10
I (632) wifi:Init dynamic rx buffer num: 32
[0;32mI (642) wifi_init: rx ba win: 6[0m
[0;32mI (642) wifi_init: tcpip mbox: 32[0m
[0;32mI (642) wifi_init: udp mbox: 6[0m
[0;32mI (652) wifi_init: tcp mbox: 6[0m
[0;32mI (652) wifi_init: tcp tx win: 5760[0m
[0;32mI (652) wifi_init: tcp rx win: 5760[0m
[0;32mI (662) wifi_init: tcp mss: 1440[0m
[0;32mI (662) wifi_init: WiFi IRAM OP enabled[0m
[0;32mI (672) wifi_init: WiFi RX IRAM OP enabled[0m
[0;32mI (682) phy_init: phy_version 4780,16b31a7,Sep 22 2023,20:42:16[0m
I (762) wifi:mode : sta (7c:87:ce:2f:58:60)
I (762) wifi:enable tsf
[0;32mI (762) WI-FI STATION: wifi_init_sta finished.[0m
I (782) wifi:new:<7,0>, old:<1,0>, ap:<255,255>, sta:<7,0>, prof:1
I (782) wifi:state: init -> auth (b0)
I (812) wifi:state: auth -> assoc (0)
I (832) wifi:state: assoc -> run (10)
I (842) wifi:connected with supertajnasiec, aid = 8, channel 7, BW20, bssid = 9e:5d:b7:cd:98:a6
I (842) wifi:security: WPA2-PSK, phy: bgn, rssi: -40
I (852) wifi:pm start, type: 1

I (852) wifi:dp: 1, bi: 102400, li: 3, scale listen interval from 307200 us to 307200 us
I (932) wifi:dp: 2, bi: 102400, li: 4, scale listen interval from 307200 us to 409600 us
I (932) wifi:AP's beacon interval = 102400 us, DTIM period = 2
[0;32mI (1862) esp_netif_handlers: sta ip: 192.168.148.184, mask: 255.255.255.0, gw: 192.168.148.6[0m
[0;32mI (1862) WI-FI STATION: GOT IP: 192.168.148.184[0m
[0;32mI (1862) WI-FI STATION: CONNECTED[0m

PoÅ‚Ä…czono z sieciÄ…:
=====
SSID: supertajnasiec
Password: supertajnehaslo

[0;32mI (1872) BTDM_INIT: BT controller compile version [6458728][0m
[0;32mI (1882) BTDM_INIT: Bluetooth MAC: 7c:87:ce:2f:58:62[0m
[0;32mI (2202) GATTC_CLIENT: REG_EVT[0m
[0;32mI (2202) main_task: Returned from app_main()[0m
[0;32mI (2212) GATTC_CLIENT: scan start success[0m
[0;32mI (2272) GATTC_CLIENT: 4c 3e 77 e0 bb 9c [0m
[0;32mI (2272) GATTC_CLIENT: searched Adv Data Len 17, Scan Response Len 0[0m
[0;32mI (2272) GATTC_CLIENT: searched Device Name Len 0[0m
[0;32mI (2282) GATTC_CLIENT:  [0m
[0;32mI (2282) GATTC_CLIENT: 66 27 54 e3 6e df [0m
[0;32mI (2292) GATTC_CLIENT: searched Adv Data Len 17, Scan Response Len 0[0m
[0;32mI (2292) GATTC_CLIENT: searched Device Name Len 0[0m
[0;32mI (2302) GATTC_CLIENT:  [0m
[0;32mI (2302) GATTC_CLIENT: 36 b4 2f f8 46 26 [0m
[0;32mI (2312) GATTC_CLIENT: searched Adv Data Len 31, Scan Response Len 0[0m
[0;32mI (2322) GATTC_CLIENT: searched Device Name Len 0[0m
[0;32mI (2322) GATTC_CLIENT:  [0m
[0;32mI (2322) GATTC_CLIENT: 72 ae b9 df c1 e4 [0m
[0;32mI (2332) GATTC_CLIENT: searched Adv Data Len 31, Scan Response Len 0[0m
[0;32mI (2342) GATTC_CLIENT: searched Device Name Len 0[0m
[0;32mI (2342) GATTC_CLIENT:  [0m
[0;32mI (2342) GATTC_CLIENT: b4 e6 2d ea 62 f7 [0m
[0;32mI (2352) GATTC_CLIENT:  [0m
[0;32mI (2352) GATTC_CLIENT: searched device ISfGP[0m
[0;32mI (2362) GATTC_CLIENT: connect to the remote device.[0m
[0;32mI (2362) GATTC_CLIENT: 00 89 c5 fd bd 82 [0m
[0;32mI (2372) GATTC_CLIENT: searched Adv Data Len 31, Scan Response Len 0[0m
[0;32mI (2372) GATTC_CLIENT: searched Device Name Len 0[0m
[0;32mI (2382) GATTC_CLIENT:  [0m
[0;32mI (2382) GATTC_CLIENT: 53 21 90 95 7f e9 [0m
[0;32mI (2392) GATTC_CLIENT: searched Adv Data Len 18, Scan Response Len 0[0m
[0;32mI (2392) GATTC_CLIENT: searched Device Name Len 0[0m
[0;32mI (2402) GATTC_CLIENT:  [0m
[0;32mI (2402) GATTC_CLIENT: 45 e4 d7 44 87 11 [0m
[0;32mI (2412) GATTC_CLIENT: searched Adv Data Len 17, Scan Response Len 0[0m
[0;32mI (2412) GATTC_CLIENT: searched Device Name Len 0[0m
[0;32mI (2422) GATTC_CLIENT:  [0m
[0;32mI (2422) GATTC_CLIENT: 41 9e eb 84 b7 aa [0m
[0;32mI (2432) GATTC_CLIENT: searched Adv Data Len 18, Scan Response Len 0[0m
[0;32mI (2442) GATTC_CLIENT: searched Device Name Len 0[0m
[0;32mI (2442) GATTC_CLIENT:  [0m
