 160000000 Hz[0m
[0;32mI (342) cpu_start: Application information:[0m
[0;32mI (345) cpu_start: Project name:     InteligentStationForGrowingPlan[0m
[0;32mI (352) cpu_start: Appï¿½ets Jun  8 2016 00:22:57

rst:0x1 (POWERON_RESET),boot:0x13 (SPI_FAST_FLASH_BOOT)
configsip: 0, SPIWP:0xee
clk_drv:0x00,q_drv:0x00,d_drv:0x00,cs0_drv:0x00,hd_drv:0x00,wp_drv:0x00
mode:DIO, clock div:2
load:0x3fff0030,len:7140
load:0x40078000,len:15500
load:0x40080400,len:4
load:0x40080404,len:3904
entry 0x40080640
[0;32mI (28) boot: ESP-IDF v5.3-dev-262-g294c2bd70d 2nd stage bootloader[0m
[0;32mI (28) boot: compile time Dec 14 2023 19:21:26[0m
[0;32mI (30) boot: Multicore bootloader[0m
[0;32mI (34) boot: chip revision: v1.0[0m
[0;32mI (38) boot.esp32: SPI Speed      : 40MHz[0m
[0;32mI (43) boot.esp32: SPI Mode       : DIO[0m
[0;32mI (47) boot.esp32: SPI Flash Size : 4MB[0m
[0;32mI (52) boot: Enabling RNG early entropy source...[0m
[0;32mI (57) boot: Partition Table:[0m
[0;32mI (61) boot: ## Label            Usage          Type ST Offset   Length[0m
[0;32mI (68) boot:  0 nvs              WiFi data        01 02 00009000 00006000[0m
[0;32mI (75) boot:  1 phy_init         RF data          01 01 0000f000 00001000[0m
[0;32mI (83) boot:  2 factory          factory app      00 00 00010000 00200000[0m
[0;32mI (90) boot: End of partition table[0m
[0;32mI (95) esp_image: segment 0: paddr=00010020 vaddr=3f400020 size=295ach (169388) map[0m
[0;32mI (138) esp_image: segment 1: paddr=000395d4 vaddr=3ffbdb60 size=05474h ( 21620) load[0m
[0;32mI (143) esp_image: segment 2: paddr=0003ea50 vaddr=40080000 size=015c8h (  5576) load[0m
[0;32mI (145) esp_image: segment 3: paddr=00040020 vaddr=400d0020 size=9cca4h (642212) map[0m
[0;32mI (284) esp_image: segment 4: paddr=000dcccc vaddr=400815c8 size=173d4h ( 95188) load[0m
[0;32mI (321) boot: Loaded app from partition at offset 0x10000[0m
[0;32mI (322) boot: Disabling RNG early entropy source...[0m
[0;32mI (333) cpu_start: Multicore app[0m
[0;32mI (342) cpu_start: Pro cpu start user code[0m
[0;32mI (342) cpu_start: cpu freq: 160000000 Hz[0m
[0;32mI (342) cpu_start: Application information:[0m
[0;32mI (345) cpu_start: Project name:     InteligentStationForGrowingPlan[0m
[0;32mI (352) cpu_start: App version:      821bba1-dirty[0m
[0;32mI (357) cpu_start: Compile time:     Jan 24 2024 23:21:30[0m
[0;32mI (364) cpu_start: ELF file SHA256:  d926fbf3b...[0m
[0;32mI (369) cpu_start: ESP-IDF:          v5.3-dev-262-g294c2bd70d[0m
[0;32mI (375) cpu_start: Min chip rev:     v0.0[0m
[0;32mI (380) cpu_start: Max chip rev:     v3.99 [0m
[0;32mI (385) cpu_start: Chip rev:         v1.0[0m
[0;32mI (390) heap_init: Initializing. RAM available for dynamic allocation:[0m
[0;32mI (397) heap_init: At 3FFAE6E0 len 0000F480 (61 KiB): DRAM[0m
[0;32mI (403) heap_init: At 3FFC7738 len 000188C8 (98 KiB): DRAM[0m
[0;32mI (409) heap_init: At 3FFE0440 len 00003AE0 (14 KiB): D/IRAM[0m
[0;32mI (415) heap_init: At 3FFE4350 len 0001BCB0 (111 KiB): D/IRAM[0m
[0;32mI (422) heap_init: At 4009899C len 00007664 (29 KiB): IRAM[0m
[0;32mI (430) spi_flash: detected chip: winbond[0m
[0;32mI (433) spi_flash: flash io: dio[0m
[0;33mW (437) i2c: This driver is an old driver, please migrate your application code to adapt `driver/i2c_master.h`[0m
[0;32mI (448) coexist: coex firmware version: b6d5e8c[0m
[0;32mI (453) main_task: Started on CPU0[0m
[0;32mI (463) main_task: Calling app_main()[0m
[0;32mI (493) [I2C]: Module configuration successful![0m
[0;32mI (493) gpio: GPIO[25]| InputEn: 1| OutputEn: 0| OpenDrain: 0| Pullup: 0| Pulldown: 0| Intr:3 [0m
[0;32mI (493) gpio: GPIO[19]| InputEn: 1| OutputEn: 0| OpenDrain: 0| Pullup: 0| Pulldown: 0| Intr:3 [0m
[0;32mI (503) [SWITCH]: Configuration successful![0m
[0;32mI (24513) gpio: GPIO[33]| InputEn: 0| OutputEn: 1| OpenDrain: 0| Pullup: 0| Pulldown: 0| Intr:0 [0m
[0;32mI (24513) gpio: GPIO[32]| InputEn: 0| OutputEn: 1| OpenDrain: 0| Pullup: 0| Pulldown: 0| Intr:0 [0m
[0;32mI (24513) [LED]: LEDs configured![0m
I (24533) wifi:wifi driver task: 3ffb8ac4, prio:23, stack:6656, core=0
I (24543) wifi:wifi firmware version: a194738
I (24553) wifi:wifi certification version: v7.0
I (24553) wifi:config NVS flash: enabled
I (24553) wifi:config nano formating: disabled
I (24553) wifi:Init data frame dynamic rx buffer num: 32
I (24563) wifi:Init static rx mgmt buffer num: 5
I (24563) wifi:Init management short buffer num: 32
I (24563) wifi:Init dynamic tx buffer num: 32
I (24573) wifi:Init static rx buffer size: 1600
I (24573) wifi:Init static rx buffer num: 10
I (24583) wifi:Init dynamic rx buffer num: 32
[0;32mI (24583) wifi_init: rx ba win: 6[0m
[0;32mI (24583) wifi_init: tcpip mbox: 32[0m
[0;32mI (24593) wifi_init: udp mbox: 6[0m
[0;32mI (24593) wifi_init: tcp mbox: 6[0m
[0;32mI (24603) wifi_init: tcp tx win: 5760[0m
[0;32mI (24603) wifi_init: tcp rx win: 5760[0m
[0;32mI (24613) wifi_init: tcp mss: 1440[0m
[0;32mI (24613) wifi_init: WiFi IRAM OP enabled[0m
[0;32mI (24613) wifi_init: WiFi RX IRAM OP enabled[0m
[0;32mI (24623) phy_init: phy_version 4780,16b31a7,Sep 22 2023,20:42:16[0m
I (24713) wifi:mode : sta (b4:e6:2d:ea:62:f5)
I (24713) wifi:enable tsf
Gpio pin: 33
Greeting user
[0;32mI (24713) [WI-FI]: Wifi started![0m
[0;32mI (27133) [WI-FI]: Reconnecting to wifi ...[0m
[0;32mI (29543) [WI-FI]: Reconnecting to wifi ...[0m
[0;32mI (31963) [WI-FI]: Reconnecting to wifi ...[0m
[0;32mI (34383) [WI-FI]: Reconnecting to wifi ...[0m
[0;32mI (36793) [WI-FI]: Reconnecting to wifi ...[0m
[0;32mI (39213) [WI-FI]: Reconnecting to wifi ...[0m
[0;32mI (41623) [WI-FI]: Reconnecting to wifi ...[0m
[0;32mI (44043) [WI-FI]: Reconnecting to wifi ...[0m
[0;32mI (46453) [WI-FI]: Reconnecting to wifi ...[0m
[0;32mI (48873) [WI-FI]: Reconnecting to wifi ...[0m
[0;32mI (51293) [WI-FI]: Reconnecting to wifi ...[0m
[0;32mI (53703) [WI-FI]: Reconnecting to wifi ...[0m
[0;32mI (56123) [WI-FI]: Reconnecting to wifi ...[0m
[0;32mI (58533) [WI-FI]: Reconnecting to wifi ...[0m
