ets Jun  8 2016 00:22:57

rst:0x1 (POWERON_RESET),boot:0x13 (SPI_FAST_FLASH_BOOT)
configsip: 0, SPIWP:0xee
clk_drv:0x00,q_drv:0x00,d_drv:0x00,cs0_drv:0x00,hd_drv:0x00,wp_drv:0x00
mode:DIO, clock div:2
load:0x3fff0030,len:7140
load:0x40078000,len:15500
load:0x40080400,len:4
load:0x40080404,len:3904
entry 0x40080640
[0;32mI (28) boot: ESP-IDF v5.3-dev-262-g294c2bd70d 2nd stage bootloader[0m
[0;32mI (29) boot: compile time Feb  6 2024 14:09:42[0m
[0;32mI (30) boot: Multicore bootloader[0m
[0;32mI (34) boot: chip revision: v1.0[0m
[0;32mI (38) boot.esp32: SPI Speed      : 40MHz[0m
[0;32mI (43) boot.esp32: SPI Mode       : DIO[0m
[0;32mI (47) boot.esp32: SPI Flash Size : 4MB[0m
[0;32mI (52) boot: Enabling RNG early entropy source...[0m
[0;32mI (57) boot: Partition Table:[0m
[0;32mI (61) boot: ## Label            Usage          Type ST Offset   Length[0m
[0;32mI (68) boot:  0 nvs              WiFi data        01 02 00009000 00006000[0m
[0;32mI (75) boot:  1 phy_init         RF data          01 01 0000f000 00001000[0m
[0;32mI (83) boot:  2 factory          factory app      00 00 00010000 00200000[0m
[0;32mI (90) boot: End of partition table[0m
[0;32mI (95) esp_image: segment 0: paddr=00010020 vaddr=3f400020 size=36f44h (225092) map[0m
[0;32mI (149) esp_image: segment 1: paddr=00046f6c vaddr=3ffbdb60 size=04a00h ( 18944) load[0m
[0;32mI (154) esp_image: segment 2: paddr=0004b974 vaddr=40080000 size=046a4h ( 18084) load[0m
[0;32mI (160) esp_image: segment 3: paddr=00050020 vaddr=400d0020 size=aea94h (715412) map[0m
[0;32mI (311) esp_image: segment 4: paddr=000feabc vaddr=400846a4 size=14010h ( 81936) load[0m
[0;32mI (344) boot: Loaded app from partition at offset 0x10000[0m
[0;32mI (345) boot: Disabling RNG early entropy source...[0m
[0;32mI (356) cpu_start: Multicore app[0m
[0;32mI (365) cpu_start: Pro cpu start user code[0m
[0;32mI (365) cpu_start: cpu freq: 160000000 Hz[0m
[0;32mI (365) cpu_start: Application information:[0m
[0;32mI (368) cpu_start: Project name:     InteligentStationForGrowingPlan[0m
[0;32mI (375) cpu_start: App version:      c0c6b71-dirty[0m
[0;32mI (380) cpu_start: Compile time:     Feb  6 2024 16:55:54[0m
[0;32mI (386) cpu_start: ELF file SHA256:  517492586...[0m
[0;32mI (392) cpu_start: ESP-IDF:          v5.3-dev-262-g294c2bd70d[0m
[0;32mI (398) cpu_start: Min chip rev:     v0.0[0m
[0;32mI (403) cpu_start: Max chip rev:     v3.99 [0m
[0;32mI (408) cpu_start: Chip rev:         v1.0[0m
[0;32mI (413) heap_init: Initializing. RAM available for dynamic allocation:[0m
[0;32mI (420) heap_init: At 3FFAFF10 len 000000F0 (0 KiB): DRAM[0m
[0;32mI (426) heap_init: At 3FFB6388 len 00001C78 (7 KiB): DRAM[0m
[0;32mI (432) heap_init: At 3FFB9A20 len 00004108 (16 KiB): DRAM[0m
[0;32mI (438) heap_init: At 3FFC8578 len 00017A88 (94 KiB): DRAM[0m
[0;32mI (444) heap_init: At 3FFE0440 len 00003AE0 (14 KiB): D/IRAM[0m
[0;32mI (450) heap_init: At 3FFE4350 len 0001BCB0 (111 KiB): D/IRAM[0m
[0;32mI (457) heap_init: At 400986B4 len 0000794C (30 KiB): IRAM[0m
[0;32mI (465) spi_flash: detected chip: winbond[0m
[0;32mI (468) spi_flash: flash io: dio[0m
[0;33mW (472) i2c: This driver is an old driver, please migrate your application code to adapt `driver/i2c_master.h`[0m
[0;33mW (482) ADC: legacy driver is deprecated, please migrate to `esp_adc/adc_oneshot.h`[0m
[0;32mI (491) coexist: coex firmware version: b6d5e8c[0m
[0;32mI (497) main_task: Started on CPU0[0m
[0;32mI (507) main_task: Calling app_main()[0m
[0;32mI (507) [WI-FI]: [APP] Startup..[0m
[0;32mI (507) [WI-FI]: [APP] Free memory: 227064 bytes[0m
[0;32mI (507) [WI-FI]: [APP] IDF version: v5.3-dev-262-g294c2bd70d[0m
[0;32mI (547) [I2C]: Module configuration successful![0m
[0;32mI (547) gpio: GPIO[19]| InputEn: 1| OutputEn: 0| OpenDrain: 0| Pullup: 1| Pulldown: 0| Intr:0 [0m
[0;32mI (547) gpio: GPIO[25]| InputEn: 1| OutputEn: 0| OpenDrain: 0| Pullup: 1| Pulldown: 0| Intr:0 [0m
[0;32mI (557) [SWITCH]: Configuration successful![0m
[0;32mI (24567) gpio: GPIO[33]| InputEn: 0| OutputEn: 1| OpenDrain: 0| Pullup: 0| Pulldown: 0| Intr:0 [0m
[0;32mI (24567) gpio: GPIO[32]| InputEn: 0| OutputEn: 1| OpenDrain: 0| Pullup: 0| Pulldown: 0| Intr:0 [0m
[0;32mI (24567) [LED]: LEDs configured![0m
[0;32mI (24577) BTDM_INIT: BT controller compile version [6458728][0m
[0;32mI (24587) BTDM_INIT: Bluetooth MAC: b4:e6:2d:ea:62:f7[0m
[0;32mI (24587) phy_init: phy_version 4780,16b31a7,Sep 22 2023,20:42:16[0m
[0;32mI (24987) GATTS_SERVER: REGISTER_APP_EVT_A, status 0, app_id 0
[0m
Booting ...
[0;33mW (24997) BT_BTM: BTM_BleWriteScanRsp, Partial data write into ADV[0m
[0;32mI (24997) GATTS_SERVER: CREATE_SERVICE_EVT, status 0,  service_handle 40
[0m
[0;32mI (24997) GATTS_SERVER: REGISTER_APP_EVT_B, status 0, app_id 1[0m
[0;31mE (25027) GATTS_SERVER: Advertisign started successfully![0m
[0;32mI (25027) GATTS_SERVER: SERVICE_START_EVT, status 0, service_handle 40
[0m
[0;32mI (25027) GATTS_SERVER: ADD_CHAR_EVT, status 0,  attr_handle 42, service_handle 40
[0m
[0;32mI (25037) GATTS_SERVER: the gatts demo char length = 3
[0m
[0;32mI (25037) GATTS_SERVER: prf_char[0] =11
[0m
[0;32mI (25047) GATTS_SERVER: prf_char[1] =22
[0m
[0;32mI (25047) GATTS_SERVER: prf_char[2] =33
[0m
[0;32mI (25057) GATTS_SERVER: CREATE_SERVICE_EVT, status 0,  service_handle 44[0m
[0;32mI (25067) GATTS_SERVER: ADD_DESCR_EVT, status 0, attr_handle 43, service_handle 40
[0m
[0;32mI (25067) GATTS_SERVER: SERVICE_START_EVT, status 0, service_handle 44[0m
[0;32mI (25077) GATTS_SERVER: ADD_CHAR_EVT, status 0,  attr_handle 46, service_handle 44[0m
[0;32mI (25087) GATTS_SERVER: ADD_DESCR_EVT, status 0, attr_handle 47, service_handle 44[0m
Hello there!
Gpio pin: 33

assert failed: xEventGroupWaitBits event_groups.c:344 (xEventGroup)


Backtrace: 0x400817ea:0x3ffbbf50 0x40091759:0x3ffbbf70 0x40096aa1:0x3ffbbf90 0x40092793:0x3ffbc0b0 0x400d8d27:0x3ffbc0e0 0x4017ccf3:0x3ffbc1f0




ELF file SHA256: 517492586

Rebooting...
ets Jun  8 2016 00:22:57

rst:0xc (SW_CPU_RESET),boot:0x13 (SPI_FAST_FLASH_BOOT)
configsip: 0, SPIWP:0xee
clk_drv:0x00,q_drv:0x00,d_drv:0x00,cs0_drv:0x00,hd_drv:0x00,wp_drv:0x00
mode:DIO, clock div:2
load:0x3fff0030,len:7140
load:0x40078000,len:15500
load:0x40080400,len:4
load:0x40080404,len:3904
entry 0x40080640
[0;32mI (29) boot: ESP-IDF v5.3-dev-262-g294c2bd70d 2nd stage bootloader[0m
[0;32mI (29) boot: compile time Feb  6 2024 14:09:42[0m
[0;32mI (31) boot: Multicore bootloader[0m
[0;32mI (35) boot: chip revision: v1.0[0m
[0;32mI (39) boot.esp32: SPI Speed      : 40MHz[0m
[0;32mI (43) boot.esp32: SPI Mode       : DIO[0m
[0;32mI (48) boot.esp32: SPI Flash Size : 4MB[0m
[0;32mI (52) boot: Enabling RNG early entropy source...[0m
[0;32mI (58) boot: Partition Table:[0m
[0;32mI (61) boot: ## Label            Usage          Type ST Offset   Length[0m
[0;32mI (69) boot:  0 nvs              WiFi data        01 02 00009000 00006000[0m
[0;32mI (76) boot:  1 phy_init         RF data          01 01 0000f000 00001000[0m
[0;32mI (84) boot:  2 factory          factory app      00 00 00010000 00200000[0m
[0;32mI (91) boot: End of partition table[0m
[0;32mI (95) esp_image: segment 0: paddr=00010020 vaddr=3f400020 size=36f44h (225092) map[0m
[0;32mI (150) esp_image: segment 1: paddr=00046f6c vaddr=3ffbdb60 size=04a00h ( 18944) load[0m
[0;32mI (155) esp_image: segment 2: paddr=0004b974 vaddr=40080000 size=046a4h ( 18084) load[0m
[0;32mI (161) esp_image: segment 3: paddr=00050020 vaddr=400d0020 size=aea94h (715412) map[0m
[0;32mI (312) esp_image: segment 4: paddr=000feabc vaddr=400846a4 size=14010h ( 81936) load[0m
[0;32mI (345) boot: Loaded app from partition at offset 0x10000[0m
[0;32mI (345) boot: Disabling RNG early entropy source...[0m
[0;32mI (357) cpu_start: Multicore app[0m
[0;32mI (365) cpu_start: Pro cpu start user code[0m
[0;32mI (366) cpu_start: cpu freq: 160000000 Hz[0m
[0;32mI (366) cpu_start: Application information:[0m
[0;32mI (369) cpu_start: Project name:     InteligentStationForGrowingPlan[0m
[0;32mI (376) cpu_start: App version:      c0c6b71-dirty[0m
[0;32mI (381) cpu_start: Compile time:     Feb  6 2024 16:55:54[0m
[0;32mI (387) cpu_start: ELF file SHA256:  517492586...[0m
[0;32mI (393) cpu_start: ESP-IDF:          v5.3-dev-262-g294c2bd70d[0m
[0;32mI (399) cpu_start: Min chip rev:     v0.0[0m
[0;32mI (404) cpu_start: Max chip rev:     v3.99 [0m
[0;32mI (408) cpu_start: Chip rev:         v1.0[0m
[0;32mI (414) heap_init: Initializing. RAM available for dynamic allocation:[0m
[0;32mI (421) heap_init: At 3FFAFF10 len 000000F0 (0 KiB): DRAM[0m
[0;32mI (426) heap_init: At 3FFB6388 len 00001C78 (7 KiB): DRAM[0m
[0;32mI (433) heap_init: At 3FFB9A20 len 00004108 (16 KiB): DRAM[0m
[0;32mI (439) heap_init: At 3FFC8578 len 00017A88 (94 KiB): DRAM[0m
[0;32mI (445) heap_init: At 3FFE0440 len 00003AE0 (14 KiB): D/IRAM[0m
[0;32mI (451) heap_init: At 3FFE4350 len 0001BCB0 (111 KiB): D/IRAM[0m
[0;32mI (458) heap_init: At 400986B4 len 0000794C (30 KiB): IRAM[0m
[0;32mI (465) spi_flash: detected chip: winbond[0m
[0;32mI (469) spi_flash: flash io: dio[0m
[0;33mW (473) i2c: This driver is an old driver, please migrate your application code to adapt `driver/i2c_master.h`[0m
[0;33mW (483) ADC: legacy driver is deprecated, please migrate to `esp_adc/adc_oneshot.h`[0m
[0;32mI (492) coexist: coex firmware version: b6d5e8c[0m
[0;32mI (497) main_task: Started on CPU0[0m
[0;32mI (507) main_task: Calling app_main()[0m
[0;32mI (507) [WI-FI]: [APP] Startup..[0m
[0;32mI (507) [WI-FI]: [APP] Free memory: 227064 bytes[0m
[0;32mI (507) [WI-FI]: [APP] IDF version: v5.3-dev-262-g294c2bd70d[0m
[0;32mI (547) [I2C]: Module configuration successful![0m
[0;32mI (547) gpio: GPIO[19]| InputEn: 1| OutputEn: 0| OpenDrain: 0| Pullup: 1| Pulldown: 0| Intr:0 [0m
[0;32mI (547) gpio: GPIO[25]| InputEn: 1| OutputEn: 0| OpenDrain: 0| Pullup: 1| Pulldown: 0| Intr:0 [0m
[0;32mI (557) [SWITCH]: Configuration successful![0m
[0;32mI (24567) gpio: GPIO[33]| InputEn: 0| OutputEn: 1| OpenDrain: 0| Pullup: 0| Pulldown: 0| Intr:0 [0m
[0;32mI (24567) gpio: GPIO[32]| InputEn: 0| OutputEn: 1| OpenDrain: 0| Pullup: 0| Pulldown: 0| Intr:0 [0m
[0;32mI (24567) [LED]: LEDs configured![0m
[0;32mI (24577) BTDM_INIT: BT controller compile version [6458728][0m
[0;32mI (24587) BTDM_INIT: Bluetooth MAC: b4:e6:2d:ea:62:f7[0m
[0;32mI (24587) phy_init: phy_version 4780,16b31a7,Sep 22 2023,20:42:16[0m
[0;32mI (24987) GATTS_SERVER: REGISTER_APP_EVT_A, status 0, app_id 0
[0m
Booting ...
[0;33mW (24987) BT_BTM: BTM_BleWriteScanRsp, Partial data write into ADV[0m
[0;32mI (24997) GATTS_SERVER: CREATE_SERVICE_EVT, status 0,  service_handle 40
[0m
[0;32mI (24997) GATTS_SERVER: REGISTER_APP_EVT_B, status 0, app_id 1[0m
[0;31mE (25017) GATTS_SERVER: Advertisign started successfully![0m
[0;32mI (25017) GATTS_SERVER: SERVICE_START_EVT, status 0, service_handle 40
[0m
[0;32mI (25027) GATTS_SERVER: ADD_CHAR_EVT, status 0,  attr_handle 42, service_handle 40
[0m
[0;32mI (25027) GATTS_SERVER: the gatts demo char length = 3
[0m
[0;32mI (25037) GATTS_SERVER: prf_char[0] =11
[0m
[0;32mI (25037) GATTS_SERVER: prf_char[1] =22
[0m
[0;32mI (25047) GATTS_SERVER: prf_char[2] =33
[0m
[0;32mI (25047) GATTS_SERVER: CREATE_SERVICE_EVT, status 0,  service_handle 44[0m
[0;32mI (25057) GATTS_SERVER: ADD_DESCR_EVT, status 0, attr_handle 43, service_handle 40
[0m
[0;32mI (25067) GATTS_SERVER: SERVICE_START_EVT, status 0, service_handle 44[0m
[0;32mI (25077) GATTS_SERVER: ADD_CHAR_EVT, status 0,  attr_handle 46, service_handle 44[0m
[0;32mI (25087) GATTS_SERVER: ADD_DESCR_EVT, status 0, attr_handle 47, service_handle 44[0m
Hello there!
Gpio pin: 33

assert failed: xEventGroupWaitBits event_groups.c:344 (xEventGroup)


Backtrace: 0x400817ea:0x3ffbbf50 0x40091759:0x3ffbbf70 0x40096aa1:0x3ffbbf90 0x40092793:0x3ffbc0b0 0x400d8d27:0x3ffbc0e0 0x4017ccf3:0x3ffbc1f0




ELF file SHA256: 517492586

Rebooting...
ets Jun  8 2016 00:22:57

rst:0xc (SW_CPU_RESET),boot:0x13 (SPI_FAST_FLASH_BOOT)
configsip: 0, SPIWP:0xee
clk_drv:0x00,q_drv:0x00,d_drv:0x00,cs0_drv:0x00,hd_drv:0x00,wp_drv:0x00
mode:DIO, clock div:2
load:0x3fff0030,len:7140
load:0x40078000,len:15500
load:0x40080400,len:4
load:0x40080404,len:3904
entry 0x40080640
[0;32mI (29) boot: ESP-IDF v5.3-dev-262-g294c2bd70d 2nd stage bootloader[0m
[0;32mI (29) boot: compile time Feb  6 2024 14:09:42[0m
[0;32mI (31) boot: Multicore bootloader[0m
[0;32mI (35) boot: chip revision: v1.0[0m
[0;32mI (39) boot.esp32: SPI Speed      : 40MHz[0m
[0;32mI (43) boot.esp32: SPI Mode       : DIO[0m
[0;32mI (48) boot.esp32: SPI Flash Size : 4MB[0m
[0;32mI (52) boot: Enabling RNG early entropy source...[0m
[0;32mI (58) boot: Partition Table:[0m
[0;32mI (61) boot: ## Label            Usage          Type ST Offset   Length[0m
[0;32mI (69) boot:  0 nvs              WiFi data        01 02 00009000 00006000[0m
[0;32mI (76) boot:  1 phy_init         RF data          01 01 0000f000 00001000[0m
[0;32mI (84) boot:  2 factory          factory app      00 00 00010000 00200000[0m
[0;32mI (91) boot: End of partition table[0m
[0;32mI (95) esp_image: segment 0: paddr=00010020 vaddr=3f400020 size=36f44h (225092) map[0m
[0;32mI (150) esp_image: segment 1: paddr=00046f6c vaddr=3ffbdb60 size=04a00h ( 18944) load[0m
[0;32mI (155) esp_image: segment 2: paddr=0004b974 vaddr=40080000 size=046a4h ( 18084) load[0m
[0;32mI (161) esp_image: segment 3: paddr=00050020 vaddr=400d0020 size=aea94h (715412) map[0m
[0;32mI (312) esp_image: segment 4: paddr=000feabc vaddr=400846a4 size=14010h ( 81936) load[0m
[0;32mI (345) boot: Loaded app from partition at offset 0x10000[0m
[0;32mI (345) boot: Disabling RNG early entropy source...[0m
[0;32mI (357) cpu_start: Multicore app[0m
[0;32mI (365) cpu_start: Pro cpu start user code[0m
[0;32mI (366) cpu_start: cpu freq: 160000000 Hz[0m
[0;32mI (366) cpu_start: Application information:[0m
[0;32mI (369) cpu_start: Project name:     InteligentStationForGrowingPlan[0m
[0;32mI (376) cpu_start: App version:      c0c6b71-dirty[0m
[0;32mI (381) cpu_start: Compile time:     Feb  6 2024 16:55:54[0m
[0;32mI (387) cpu_start: ELF file SHA256:  517492586...[0m
[0;32mI (393) cpu_start: ESP-IDF:          v5.3-dev-262-g294c2bd70d[0m
[0;32mI (399) cpu_start: Min chip rev:     v0.0[0m
[0;32mI (404) cpu_start: Max chip rev:     v3.99 [0m
[0;32mI (409) cpu_start: Chip rev:         v1.0[0m
[0;32mI (414) heap_init: Initializing. RAM available for dynamic allocation:[0m
[0;32mI (421) heap_init: At 3FFAFF10 len 000000F0 (0 KiB): DRAM[0m
[0;32mI (426) heap_init: At 3FFB6388 len 00001C78 (7 KiB): DRAM[0m
[0;32mI (433) heap_init: At 3FFB9A20 len 00004108 (16 KiB): DRAM[0m
[0;32mI (439) heap_init: At 3FFC8578 len 00017A88 (94 KiB): DRAM[0m
[0;32mI (445) heap_init: At 3FFE0440 len 00003AE0 (14 KiB): D/IRAM[0m
[0;32mI (451) heap_init: At 3FFE4350 len 0001BCB0 (111 KiB): D/IRAM[0m
[0;32mI (458) heap_init: At 400986B4 len 0000794C (30 KiB): IRAM[0m
[0;32mI (465) spi_flash: detected chip: winbond[0m
[0;32mI (469) spi_flash: flash io: dio[0m
[0;33mW (473) i2c: This driver is an old driver, please migrate your application code to adapt `driver/i2c_master.h`[0m
[0;33mW (483) ADC: legacy driver is deprecated, please migrate to `esp_adc/adc_oneshot.h`[0m
[0;32mI (492) coexist: coex firmware version: b6d5e8c[0m
[0;32mI (497) main_task: Started on CPU0[0m
[0;32mI (507) main_task: Calling app_main()[0m
[0;32mI (507) [WI-FI]: [APP] Startup..[0m
[0;32mI (507) [WI-FI]: [APP] Free memory: 227064 bytes[0m
[0;32mI (507) [WI-FI]: [APP] IDF version: v5.3-dev-262-g294c2bd70d[0m
[0;32mI (547) [I2C]: Module configuration successful![0m
[0;32mI (547) gpio: GPIO[19]| InputEn: 1| OutputEn: 0| OpenDrain: 0| Pullup: 1| Pulldown: 0| Intr:0 [0m
[0;32mI (547) gpio: GPIO[25]| InputEn: 1| OutputEn: 0| OpenDrain: 0| Pullup: 1| Pulldown: 0| Intr:0 [0m
[0;32mI (557) [SWITCH]: Configuration successful![0m
[0;32mI (24567) gpio: GPIO[33]| InputEn: 0| OutputEn: 1| OpenDrain: 0| Pullup: 0| Pulldown: 0| Intr:0 [0m
[0;32mI (24567) gpio: GPIO[32]| InputEn: 0| OutputEn: 1| OpenDrain: 0| Pullup: 0| Pulldown: 0| Intr:0 [0m
[0;32mI (24567) [LED]: LEDs configured![0m
[0;32mI (24577) BTDM_INIT: BT controller compile version [6458728][0m
[0;32mI (24587) BTDM_INIT: Bluetooth MAC: b4:e6:2d:ea:62:f7[0m
[0;32mI (24587) phy_init: phy_version 4780,16b31a7,Sep 22 2023,20:42:16[0m
[0;32mI (24977) GATTS_SERVER: REGISTER_APP_EVT_A, status 0, app_id 0
[0m
Booting ...
[0;33mW (24987) BT_BTM: BTM_BleWriteScanRsp, Partial data write into ADV[0m
[0;32mI (24987) GATTS_SERVER: CREATE_SERVICE_EVT, status 0,  service_handle 40
[0m
[0;32mI (24997) GATTS_SERVER: REGISTER_APP_EVT_B, status 0, app_id 1[0m
[0;31mE (25017) GATTS_SERVER: Advertisign started successfully![0m
[0;32mI (25017) GATTS_SERVER: SERVICE_START_EVT, status 0, service_handle 40
[0m
[0;32mI (25017) GATTS_SERVER: ADD_CHAR_EVT, status 0,  attr_handle 42, service_handle 40
[0m
[0;32mI (25027) GATTS_SERVER: the gatts demo char length = 3
[0m
[0;32mI (25037) GATTS_SERVER: prf_char[0] =11
[0m
[0;32mI (25037) GATTS_SERVER: prf_char[1] =22
[0m
[0;32mI (25037) GATTS_SERVER: prf_char[2] =33
[0m
[0;32mI (25047) GATTS_SERVER: CREATE_SERVICE_EVT, status 0,  service_handle 44[0m
[0;32mI (25057) GATTS_SERVER: ADD_DESCR_EVT, status 0, attr_handle 43, service_handle 40
[0m
[0;32mI (25067) GATTS_SERVER: SERVICE_START_EVT, status 0, service_handle 44[0m
[0;32mI (25067) GATTS_SERVER: ADD_CHAR_EVT, status 0,  attr_handle 46, service_handle 44[0m
[0;32mI (25077) GATTS_SERVER: ADD_DESCR_EVT, status 0, attr_handle 47, service_handle 44[0m
Hello there!
Gpio pin: 33

assert failed: xEventGroupWaitBits event_groups.c:344 (xEventGroup)


Backtrace: 0x400817ea:0x3ffbbf50 0x40091759:0x3ffbbf70 0x40096aa1:0x3ffbbf90 0x40092793:0x3ffbc0b0 0x400d8d27:0x3ffbc0e0 0x4017ccf3:0x3ffbc1f0




ELF file SHA256: 517492586

Rebooting...
ets Jun  8 2016 00:22:57

rst:0xc (SW_CPU_RESET),boot:0x13 (SPI_FAST_FLASH_BOOT)
configsip: 0, SPIWP:0xee
clk_drv:0x00,q_drv:0x00,d_drv:0x00,cs0_drv:0x00,hd_drv:0x00,wp_drv:0x00
mode:DIO, clock div:2
load:0x3fff0030,len:7140
load:0x40078000,len:15500
load:0x40080400,len:4
load:0x40080404,len:3904
entry 0x40080640
[0;32mI (29) boot: ESP-IDF v5.3-dev-262-g294c2bd70d 2nd stage bootloader[0m
[0;32mI (29) boot: compile time Feb  6 2024 14:09:42[0m
[0;32mI (31) boot: Multicore bootloader[0m
[0;32mI (35) boot: chip revision: v1.0[0m
[0;32mI (39) boot.esp32: SPI Speed      : 40MHz[0m
[0;32mI (43) boot.esp32: SPI Mode       : DIO[0m
[0;32mI (48) boot.esp32: SPI Flash Size : 4MB[0m
[0;32mI (52) boot: Enabling RNG early entropy source...[0m
[0;32mI (58) boot: Partition Table:[0m
[0;32mI (61) boot: ## Label            Usage          Type ST Offset   Length[0m
[0;32mI (69) boot:  0 nvs              WiFi data        01 02 00009000 00006000[0m
[0;32mI (76) boot:  1 phy_init         RF data          01 01 0000f000 00001000[0m
[0;32mI (84) boot:  2 factory          factory app      00 00 00010000 00200000[0m
[0;32mI (91) boot: End of partition table[0m
[0;32mI (95) esp_image: segment 0: paddr=00010020 vaddr=3f400020 size=36f44h (225092) map[0m
[0;32mI (150) esp_image: segment 1: paddr=00046f6c vaddr=3ffbdb60 size=04a00h ( 18944) load[0m
[0;32mI (155) esp_image: segment 2: paddr=0004b974 vaddr=40080000 size=046a4h ( 18084) load[0m
[0;32mI (161) esp_image: segment 3: paddr=00050020 vaddr=400d0020 size=aea94h (715412) map[0m
[0;32mI (312) esp_image: segment 4: paddr=000feabc vaddr=400846a4 size=14010h ( 81936) load[0m
[0;32mI (345) boot: Loaded app from partition at offset 0x10000[0m
[0;32mI (345) boot: Disabling RNG early entropy source...[0m
[0;32mI (357) cpu_start: Multicore app[0m
[0;32mI (365) cpu_start: Pro cpu start user code[0m
[0;32mI (366) cpu_start: cpu freq: 160000000 Hz[0m
[0;32mI (366) cpu_start: Application information:[0m
[0;32mI (369) cpu_start: Project name:     InteligentStationForGrowingPlan[0m
[0;32mI (376) cpu_start: App version:      c0c6b71-dirty[0m
[0;32mI (381) cpu_start: Compile time:     Feb  6 2024 16:55:54[0m
[0;32mI (387) cpu_start: ELF file SHA256:  517492586...[0m
[0;32mI (393) cpu_start: ESP-IDF:          v5.3-dev-262-g294c2bd70d[0m
[0;32mI (399) cpu_start: Min chip rev:     v0.0[0m
[0;32mI (404) cpu_start: Max chip rev:     v3.99 [0m
[0;32mI (408) cpu_start: Chip rev:         v1.0[0m
[0;32mI (414) heap_init: Initializing. RAM available for dynamic allocation:[0m
[0;32mI (421) heap_init: At 3FFAFF10 len 000000F0 (0 KiB): DRAM[0m
[0;32mI (426) heap_init: At 3FFB6388 len 00001C78 (7 KiB): DRAM[0m
[0;32mI (433) heap_init: At 3FFB9A20 len 00004108 (16 KiB): DRAM[0m
[0;32mI (439) heap_init: At 3FFC8578 len 00017A88 (94 KiB): DRAM[0m
[0;32mI (445) heap_init: At 3FFE0440 len 00003AE0 (14 KiB): D/IRAM[0m
[0;32mI (451) heap_init: At 3FFE4350 len 0001BCB0 (111 KiB): D/IRAM[0m
[0;32mI (458) heap_init: At 400986B4 len 0000794C (30 KiB): IRAM[0m
[0;32mI (465) spi_flash: detected chip: winbond[0m
[0;32mI (469) spi_flash: flash io: dio[0m
[0;33mW (473) i2c: This driver is an old driver, please migrate your application code to adapt `driver/i2c_master.h`[0m
[0;33mW (483) ADC: legacy driver is deprecated, please migrate to `esp_adc/adc_oneshot.h`[0m
[0;32mI (492) coexist: coex firmware version: b6d5e8c[0m
[0;32mI (497) main_task: Started on CPU0[0m
[0;32mI (507) main_task: Calling app_main()[0m
[0;32mI (507) [WI-FI]: [APP] Startup..[0m
[0;32mI (507) [WI-FI]: [APP] Free memory: 227064 bytes[0m
[0;32mI (507) [WI-FI]: [APP] IDF version: v5.3-dev-262-g294c2bd70d[0m
[0;32mI (547) [I2C]: Module configuration successful![0m
[0;32mI (547) gpio: GPIO[19]| InputEn: 1| OutputEn: 0| OpenDrain: 0| Pullup: 1| Pulldown: 0| Intr:0 [0m
[0;32mI (547) gpio: GPIO[25]| InputEn: 1| OutputEn: 0| OpenDrain: 0| Pullup: 1| Pulldown: 0| Intr:0 [0m
[0;32mI (557) [SWITCH]: Configuration successful![0m
[0;32mI (24567) gpio: GPIO[33]| InputEn: 0| OutputEn: 1| OpenDrain: 0| Pullup: 0| Pulldown: 0| Intr:0 [0m
[0;32mI (24567) gpio: GPIO[32]| InputEn: 0| OutputEn: 1| OpenDrain: 0| Pullup: 0| Pulldown: 0| Intr:0 [0m
[0;32mI (24567) [LED]: LEDs configured![0m
[0;32mI (24577) BTDM_INIT: BT controller compile version [6458728][0m
[0;32mI (24587) BTDM_INIT: Bluetooth MAC: b4:e6:2d:ea:62:f7[0m
[0;32mI (24587) phy_init: phy_version 4780,16b31a7,Sep 22 2023,20:42:16[0m
[0;32mI (24987) GATTS_SERVER: REGISTER_APP_EVT_A, status 0, app_id 0
[0m
Booting ...
[0;33mW (24997) BT_BTM: BTM_BleWriteScanRsp, Partial data write into ADV[0m
[0;32mI (24997) GATTS_SERVER: CREATE_SERVICE_EVT, status 0,  service_handle 40
[0m
[0;32mI (24997) GATTS_SERVER: REGISTER_APP_EVT_B, status 0, app_id 1[0m
[0;31mE (25027) GATTS_SERVER: Advertisign started successfully![0m
[0;32mI (25027) GATTS_SERVER: SERVICE_START_EVT, status 0, service_handle 40
[0m
[0;32mI (25027) GATTS_SERVER: ADD_CHAR_EVT, status 0,  attr_handle 42, service_handle 40
[0m
[0;32mI (25037) GATTS_SERVER: the gatts demo char length = 3
[0m
[0;32mI (25037) GATTS_SERVER: prf_char[0] =11
[0m
[0;32mI (25047) GATTS_SERVER: prf_char[1] =22
[0m
[0;32mI (25047) GATTS_SERVER: prf_char[2] =33
[0m
[0;32mI (25057) GATTS_SERVER: CREATE_SERVICE_EVT, status 0,  service_handle 44[0m
[0;32mI (25067) GATTS_SERVER: ADD_DESCR_EVT, status 0, attr_handle 43, service_handle 40
[0m
[0;32mI (25067) GATTS_SERVER: SERVICE_START_EVT, status 0, service_handle 44[0m
[0;32mI (25077) GATTS_SERVER: ADD_CHAR_EVT, status 0,  attr_handle 46, service_handle 44[0m
[0;32mI (25087) GATTS_SERVER: ADD_DESCR_EVT, status 0, attr_handle 47, service_handle 44[0m
Hello there!
Gpio pin: 33

assert failed: xEventGroupWaitBits event_groups.c:344 (xEventGroup)


Backtrace: 0x400817ea:0x3ffbbf50 0x40091759:0x3ffbbf70 0x40096aa1:0x3ffbbf90 0x40092793:0x3ffbc0b0 0x400d8d27:0x3ffbc0e0 0x4017ccf3:0x3ffbc1f0




ELF file SHA256: 517492586

Rebooting...
ets Jun  8 2016 00:22:57

rst:0xc (SW_CPU_RESET),boot:0x13 (SPI_FAST_FLASH_BOOT)
configsip: 0, SPIWP:0xee
clk_drv:0x00,q_drv:0x00,d_drv:0x00,cs0_drv:0x00,hd_drv:0x00,wp_drv:0x00
mode:DIO, clock div:2
load:0x3fff0030,len:7140
load:0x40078000,len:15500
load:0x40080400,len:4
load:0x40080404,len:3904
entry 0x40080640
[0;32mI (29) boot: ESP-IDF v5.3-dev-262-g294c2bd70d 2nd stage bootloader[0m
[0;32mI (29) boot: compile time Feb  6 2024 14:09:42[0m
[0;32mI (31) boot: Multicore bootloader[0m
[0;32mI (35) boot: chip revision: v1.0[0m
[0;32mI (39) boot.esp32: SPI Speed      : 40MHz[0m
[0;32mI (43) boot.esp32: SPI Mode       : DIO[0m
[0;32mI (48) boot.esp32: SPI Flash Size : 4MB[0m
[0;32mI (52) boot: Enabling RNG early entropy source...[0m
[0;32mI (58) boot: Partition Table:[0m
[0;32mI (61) boot: ## Label            Usage          Type ST Offset   Length[0m
[0;32mI (69) boot:  0 nvs              WiFi data        01 02 00009000 00006000[0m
[0;32mI (76) boot:  1 phy_init         RF data          01 01 0000f000 00001000[0m
[0;32mI (84) boot:  2 factory          factory app      00 00 00010000 00200000[0m
[0;32mI (91) boot: End of partition table[0m
[0;32mI (95) esp_image: segment 0: paddr=00010020 vaddr=3f400020 size=36f44h (225092) map[0m
[0;32mI (150) esp_image: segment 1: paddr=00046f6c vaddr=3ffbdb60 size=04a00h ( 18944) load[0m
[0;32mI (155) esp_image: segment 2: paddr=0004b974 vaddr=40080000 size=046a4h ( 18084) load[0m
[0;32mI (161) esp_image: segment 3: paddr=00050020 vaddr=400d0020 size=aea94h (715412) map[0m
[0;32mI (312) esp_image: segment 4: paddr=000feabc vaddr=400846a4 size=14010h ( 81936) load[0m
[0;32mI (345) boot: Loaded app from partition at offset 0x10000[0m
[0;32mI (345) boot: Disabling RNG early entropy source...[0m
[0;32mI (357) cpu_start: Multicore app[0m
[0;32mI (365) cpu_start: Pro cpu start user code[0m
[0;32mI (366) cpu_start: cpu freq: 160000000 Hz[0m
[0;32mI (366) cpu_start: Application information:[0m
[0;32mI (369) cpu_start: Project name:     InteligentStationForGrowingPlan[0m
[0;32mI (376) cpu_start: App version:      c0c6b71-dirty[0m
[0;32mI (381) cpu_start: Compile time:     Feb  6 2024 16:55:54[0m
[0;32mI (387) cpu_start: ELF file SHA256:  517492586...[0m
[0;32mI (393) cpu_start: ESP-IDF:          v5.3-dev-262-g294c2bd70d[0m
[0;32mI (399) cpu_start: Min chip rev:     v0.0[0m
[0;32mI (404) cpu_start: Max chip rev:     v3.99 [0m
[0;32mI (408) cpu_start: Chip rev:         v1.0[0m
[0;32mI (414) heap_init: Initializing. RAM available for dynamic allocation:[0m
[0;32mI (421) heap_init: At 3FFAFF10 len 000000F0 (0 KiB): DRAM[0m
[0;32mI (426) heap_init: At 3FFB6388 len 00001C78 (7 KiB): DRAM[0m
[0;32mI (433) heap_init: At 3FFB9A20 len 00004108 (16 KiB): DRAM[0m
[0;32mI (439) heap_init: At 3FFC8578 len 00017A88 (94 KiB): DRAM[0m
[0;32mI (445) heap_init: At 3FFE0440 len 00003AE0 (14 KiB): D/IRAM[0m
[0;32mI (451) heap_init: At 3FFE4350 len 0001BCB0 (111 KiB): D/IRAM[0m
[0;32mI (458) heap_init: At 400986B4 len 0000794C (30 KiB): IRAM[0m
[0;32mI (465) spi_flash: detected chip: winbond[0m
[0;32mI (469) spi_flash: flash io: dio[0m
[0;33mW (473) i2c: This driver is an old driver, please migrate your application code to adapt `driver/i2c_master.h`[0m
[0;33mW (483) ADC: legacy driver is deprecated, please migrate to `esp_adc/adc_oneshot.h`[0m
[0;32mI (492) coexist: coex firmware version: b6d5e8c[0m
[0;32mI (497) main_task: Started on CPU0[0m
[0;32mI (507) main_task: Calling app_main()[0m
[0;32mI (507) [WI-FI]: [APP] Startup..[0m
[0;32mI (507) [WI-FI]: [APP] Free memory: 227064 bytes[0m
[0;32mI (507) [WI-FI]: [APP] IDF version: v5.3-dev-262-g294c2bd70d[0m
[0;32mI (547) [I2C]: Module configuration successful![0m
[0;32mI (547) gpio: GPIO[19]| InputEn: 1| OutputEn: 0| OpenDrain: 0| Pullup: 1| Pulldown: 0| Intr:0 [0m
[0;32mI (547) gpio: GPIO[25]| InputEn: 1| OutputEn: 0| OpenDrain: 0| Pullup: 1| Pulldown: 0| Intr:0 [0m
[0;32mI (557) [SWITCH]: Configuration successful![0m
[0;32mI (24567) gpio: GPIO[33]| InputEn: 0| OutputEn: 1| OpenDrain: 0| Pullup: 0| Pulldown: 0| Intr:0 [0m
[0;32mI (24567) gpio: GPIO[32]| InputEn: 0| OutputEn: 1| OpenDrain: 0| Pullup: 0| Pulldown: 0| Intr:0 [0m
[0;32mI (24567) [LED]: LEDs configured![0m
[0;32mI (24577) BTDM_INIT: BT controller compile version [6458728][0m
[0;32mI (24587) BTDM_INIT: Bluetooth MAC: b4:e6:2d:ea:62:f7[0m
[0;32mI (24587) phy_init: phy_version 4780,16b31a7,Sep 22 2023,20:42:16[0m
[0;32mI (24987) GATTS_SERVER: REGISTER_APP_EVT_A, status 0, app_id 0
[0m
Booting ...
[0;33mW (24987) BT_BTM: BTM_BleWriteScanRsp, Partial data write into ADV[0m
[0;32mI (24997) GATTS_SERVER: CREATE_SERVICE_EVT, status 0,  service_handle 40
[0m
[0;32mI (24997) GATTS_SERVER: REGISTER_APP_EVT_B, status 0, app_id 1[0m
[0;31mE (25017) GATTS_SERVER: Advertisign started successfully![0m
[0;32mI (25017) GATTS_SERVER: SERVICE_START_EVT, status 0, service_handle 40
[0m
[0;32mI (25017) GATTS_SERVER: ADD_CHAR_EVT, status 0,  attr_handle 42, service_handle 40
[0m
[0;32mI (25027) GATTS_SERVER: the gatts demo char length = 3
[0m
[0;32mI (25037) GATTS_SERVER: prf_char[0] =11
[0m
[0;32mI (25037) GATTS_SERVER: prf_char[1] =22
[0m
[0;32mI (25047) GATTS_SERVER: prf_char[2] =33
[0m
[0;32mI (25047) GATTS_SERVER: CREATE_SERVICE_EVT, status 0,  service_handle 44[0m
[0;32mI (25057) GATTS_SERVER: ADD_DESCR_EVT, status 0, attr_handle 43, service_handle 40
[0m
[0;32mI (25067) GATTS_SERVER: SERVICE_START_EVT, status 0, service_handle 44[0m
[0;32mI (25077) GATTS_SERVER: ADD_CHAR_EVT, status 0,  attr_handle 46, service_handle 44[0m
[0;32mI (25077) GATTS_SERVER: ADD_DESCR_EVT, status 0, attr_handle 47, service_handle 44[0m
Hello there!
Gpio pin: 33

assert failed: xEventGroupWaitBits event_groups.c:344 (xEventGroup)


Backtrace: 0x400817ea:0x3ffbbf50 0x40091759:0x3ffbbf70 0x40096aa1:0x3ffbbf90 0x40092793:0x3ffbc0b0 0x400d8d27:0x3ffbc0e0 0x4017ccf3:0x3ffbc1f0




ELF file SHA256: 517492586

Rebooting...
ets Jun  8 2016 00:22:57

rst:0xc (SW_CPU_RESET),boot:0x13 (SPI_FAST_FLASH_BOOT)
configsip: 0, SPIWP:0xee
clk_drv:0x00,q_drv:0x00,d_drv:0x00,cs0_drv:0x00,hd_drv:0x00,wp_drv:0x00
mode:DIO, clock div:2
load:0x3fff0030,len:7140
load:0x40078000,len:15500
load:0x40080400,len:4
load:0x40080404,len:3904
entry 0x40080640
[0;32mI (29) boot: ESP-IDF v5.3-dev-262-g294c2bd70d 2nd stage bootloader[0m
[0;32mI (29) boot: compile time Feb  6 2024 14:09:42[0m
[0;32mI (31) boot: Multicore bootloader[0m
[0;32mI (35) boot: chip revision: v1.0[0m
[0;32mI (39) boot.esp32: SPI Speed      : 40MHz[0m
[0;32mI (43) boot.esp32: SPI Mode       : DIO[0m
[0;32mI (48) boot.esp32: SPI Flash Size : 4MB[0m
[0;32mI (52) boot: Enabling RNG early entropy source...[0m
[0;32mI (58) boot: Partition Table:[0m
[0;32mI (61) boot: ## Label            Usage          Type ST Offset   Length[0m
[0;32mI (69) boot:  0 nvs              WiFi data        01 02 00009000 00006000[0m
[0;32mI (76) boot:  1 phy_init         RF data          01 01 0000f000 00001000[0m
[0;32mI (84) boot:  2 factory          factory app      00 00 00010000 00200000[0m
[0;32mI (91) boot: End of partition table[0m
[0;32mI (95) esp_image: segment 0: paddr=00010020 vaddr=3f400020 size=36f44h (225092) map[0m
[0;32mI (150) esp_image: segment 1: paddr=00046f6c vaddr=3ffbdb60 size=04a00h ( 18944) load[0m
[0;32mI (155) esp_image: segment 2: paddr=0004b974 vaddr=40080000 size=046a4h ( 18084) load[0m
[0;32mI (161) esp_image: segment 3: paddr=00050020 vaddr=400d0020 size=aea94h (715412) map[0m
[0;32mI (312) esp_image: segment 4: paddr=000feabc vaddr=400846a4 size=14010h ( 81936) load[0m
[0;32mI (345) boot: Loaded app from partition at offset 0x10000[0m
[0;32mI (345) boot: Disabling RNG early entropy source...[0m
[0;32mI (357) cpu_start: Multicore app[0m
[0;32mI (365) cpu_start: Pro cpu start user code[0m
[0;32mI (366) cpu_start: cpu freq: 160000000 Hz[0m
[0;32mI (366) cpu_start: Application information:[0m
[0;32mI (369) cpu_start: Project name:     InteligentStationForGrowingPlan[0m
[0;32mI (376) cpu_start: App version:      c0c6b71-dirty[0m
[0;32mI (381) cpu_start: Compile time:     Feb  6 2024 16:55:54[0m
[0;32mI (387) cpu_start: ELF file SHA256:  517492586...[0m
[0;32mI (393) cpu_start: ESP-IDF:          v5.3-dev-262-g294c2bd70d[0m
[0;32mI (399) cpu_start: Min chip rev:     v0.0[0m
[0;32mI (404) cpu_start: Max chip rev:     v3.99 [0m
[0;32mI (408) cpu_start: Chip rev:         v1.0[0m
[0;32mI (414) heap_init: Initializing. RAM available for dynamic allocation:[0m
[0;32mI (421) heap_init: At 3FFAFF10 len 000000F0 (0 KiB): DRAM[0m
[0;32mI (426) heap_init: At 3FFB6388 len 00001C78 (7 KiB): DRAM[0m
[0;32mI (433) heap_init: At 3FFB9A20 len 00004108 (16 KiB): DRAM[0m
[0;32mI (439) heap_init: At 3FFC8578 len 00017A88 (94 KiB): DRAM[0m
[0;32mI (445) heap_init: At 3FFE0440 len 00003AE0 (14 KiB): D/IRAM[0m
[0;32mI (451) heap_init: At 3FFE4350 len 0001BCB0 (111 KiB): D/IRAM[0m
[0;32mI (458) heap_init: At 400986B4 len 0000794C (30 KiB): IRAM[0m
[0;32mI (465) spi_flash: detected chip: winbond[0m
[0;32mI (469) spi_flash: flash io: dio[0m
[0;33mW (473) i2c: This driver is an old driver, please migrate your application code to adapt `driver/i2c_master.h`[0m
[0;33mW (483) ADC: legacy driver is deprecated, please migrate to `esp_adc/adc_oneshot.h`[0m
[0;32mI (492) coexist: coex firmware version: b6d5e8c[0m
[0;32mI (497) main_task: Started on CPU0[0m
[0;32mI (507) main_task: Calling app_main()[0m
[0;32mI (507) [WI-FI]: [APP] Startup..[0m
[0;32mI (507) [WI-FI]: [APP] Free memory: 227064 bytes[0m
[0;32mI (507) [WI-FI]: [APP] IDF version: v5.3-dev-262-g294c2bd70d[0m
[0;32mI (547) [I2C]: Module configuration successful![0m
[0;32mI (547) gpio: GPIO[19]| InputEn: 1| OutputEn: 0| OpenDrain: 0| Pullup: 1| Pulldown: 0| Intr:0 [0m
[0;32mI (547) gpio: GPIO[25]| InputEn: 1| OutputEn: 0| OpenDrain: 0| Pullup: 1| Pulldown: 0| Intr:0 [0m
[0;32mI (557) [SWITCH]: Configuration successful![0m
[0;32mI (24567) gpio: GPIO[33]| InputEn: 0| OutputEn: 1| OpenDrain: 0| Pullup: 0| Pulldown: 0| Intr:0 [0m
[0;32mI (24567) gpio: GPIO[32]| InputEn: 0| OutputEn: 1| OpenDrain: 0| Pullup: 0| Pulldown: 0| Intr:0 [0m
[0;32mI (24567) [LED]: LEDs configured![0m
[0;32mI (24577) BTDM_INIT: BT controller compile version [6458728][0m
[0;32mI (24587) BTDM_INIT: Bluetooth MAC: b4:e6:2d:ea:62:f7[0m
[0;32mI (24587) phy_init: phy_version 4780,16b31a7,Sep 22 2023,20:42:16[0m
[0;32mI (24987) GATTS_SERVER: REGISTER_APP_EVT_A, status 0, app_id 0
[0m
Booting ...
[0;33mW (24997) BT_BTM: BTM_BleWriteScanRsp, Partial data write into ADV[0m
[0;32mI (24997) GATTS_SERVER: CREATE_SERVICE_EVT, status 0,  service_handle 40
[0m
[0;32mI (24997) GATTS_SERVER: REGISTER_APP_EVT_B, status 0, app_id 1[0m
[0;31mE (25027) GATTS_SERVER: Advertisign started successfully![0m
[0;32mI (25027) GATTS_SERVER: SERVICE_START_EVT, status 0, service_handle 40
[0m
[0;32mI (25027) GATTS_SERVER: ADD_CHAR_EVT, status 0,  attr_handle 42, service_handle 40
[0m
[0;32mI (25037) GATTS_SERVER: the gatts demo char length = 3
[0m
[0;32mI (25037) GATTS_SERVER: prf_char[0] =11
[0m
[0;32mI (25047) GATTS_SERVER: prf_char[1] =22
[0m
[0;32mI (25047) GATTS_SERVER: prf_char[2] =33
[0m
[0;32mI (25057) GATTS_SERVER: CREATE_SERVICE_EVT, status 0,  service_handle 44[0m
[0;32mI (25067) GATTS_SERVER: ADD_DESCR_EVT, status 0, attr_handle 43, service_handle 40
[0m
[0;32mI (25067) GATTS_SERVER: SERVICE_START_EVT, status 0, service_handle 44[0m
[0;32mI (25077) GATTS_SERVER: ADD_CHAR_EVT, status 0,  attr_handle 46, service_handle 44[0m
[0;32mI (25087) GATTS_SERVER: ADD_DESCR_EVT, status 0, attr_handle 47, service_handle 44[0m
Hello there!
Gpio pin: 33

assert failed: xEventGroupWaitBits event_groups.c:344 (xEventGroup)


Backtrace: 0x400817ea:0x3ffbbf50 0x40091759:0x3ffbbf70 0x40096aa1:0x3ffbbf90 0x40092793:0x3ffbc0b0 0x400d8d27:0x3ffbc0e0 0x4017ccf3:0x3ffbc1f0




ELF file SHA256: 517492586

Rebooting...
ets Jun  8 2016 00:22:57

rst:0xc (SW_CPU_RESET),boot:0x13 (SPI_FAST_FLASH_BOOT)
configsip: 0, SPIWP:0xee
clk_drv:0x00,q_drv:0x00,d_drv:0x00,cs0_drv:0x00,hd_drv:0x00,wp_drv:0x00
mode:DIO, clock div:2
load:0x3fff0030,len:7140
load:0x40078000,len:15500
load:0x40080400,len:4
load:0x40080404,len:3904
entry 0x40080640
[0;32mI (29) boot: ESP-IDF v5.3-dev-262-g294c2bd70d 2nd stage bootloader[0m
[0;32mI (29) boot: compile time Feb  6 2024 14:09:42[0m
[0;32mI (31) boot: Multicore bootloader[0m
[0;32mI (35) boot: chip revision: v1.0[0m
[0;32mI (39) boot.esp32: SPI Speed      : 40MHz[0m
[0;32mI (43) boot.esp32: SPI Mode       : DIO[0m
[0;32mI (48) boot.esp32: SPI Flash Size : 4MB[0m
[0;32mI (52) boot: Enabling RNG early entropy source...[0m
[0;32mI (58) boot: Partition Table:[0m
[0;32mI (61) boot: ## Label            Usage          Type ST Offset   Length[0m
[0;32mI (69) boot:  0 nvs              WiFi data        01 02 00009000 00006000[0m
[0;32mI (76) boot:  1 phy_init         RF data          01 01 0000f000 00001000[0m
[0;32mI (84) boot:  2 factory          factory app      00 00 00010000 00200000[0m
[0;32mI (91) boot: End of partition table[0m
[0;32mI (95) esp_image: segment 0: paddr=00010020 vaddr=3f400020 size=36f44h (225092) map[0m
[0;32mI (150) esp_image: segment 1: paddr=00046f6c vaddr=3ffbdb60 size=04a00h ( 18944) load[0m
[0;32mI (155) esp_image: segment 2: paddr=0004b974 vaddr=40080000 size=046a4h ( 18084) load[0m
[0;32mI (161) esp_image: segment 3: paddr=00050020 vaddr=400d0020 size=aea94h (715412) map[0m
[0;32mI (312) esp_image: segment 4: paddr=000feabc vaddr=400846a4 size=14010h ( 81936) load[0m
[0;32mI (345) boot: Loaded app from partition at offset 0x10000[0m
[0;32mI (345) boot: Disabling RNG early entropy source...[0m
[0;32mI (357) cpu_start: Multicore app[0m
[0;32mI (365) cpu_start: Pro cpu start user code[0m
[0;32mI (366) cpu_start: cpu freq: 160000000 Hz[0m
[0;32mI (366) cpu_start: Application information:[0m
[0;32mI (369) cpu_start: Project name:     InteligentStationForGrowingPlan[0m
[0;32mI (376) cpu_start: App version:      c0c6b71-dirty[0m
[0;32mI (381) cpu_start: Compile time:     Feb  6 2024 16:55:54[0m
[0;32mI (387) cpu_start: ELF file SHA256:  517492586...[0m
[0;32mI (393) cpu_start: ESP-IDF:          v5.3-dev-262-g294c2bd70d[0m
[0;32mI (399) cpu_start: Min chip rev:     v0.0[0m
[0;32mI (404) cpu_start: Max chip rev:     v3.99 [0m
[0;32mI (408) cpu_start: Chip rev:         v1.0[0m
[0;32mI (414) heap_init: Initializing. RAM available for dynamic allocation:[0m
[0;32mI (421) heap_init: At 3FFAFF10 len 000000F0 (0 KiB): DRAM[0m
[0;32mI (426) heap_init: At 3FFB6388 len 00001C78 (7 KiB): DRAM[0m
[0;32mI (433) heap_init: At 3FFB9A20 len 00004108 (16 KiB): DRAM[0m
[0;32mI (439) heap_init: At 3FFC8578 len 00017A88 (94 KiB): DRAM[0m
[0;32mI (445) heap_init: At 3FFE0440 len 00003AE0 (14 KiB): D/IRAM[0m
[0;32mI (451) heap_init: At 3FFE4350 len 0001BCB0 (111 KiB): D/IRAM[0m
[0;32mI (458) heap_init: At 400986B4 len 0000794C (30 KiB): IRAM[0m
[0;32mI (465) spi_flash: detected chip: winbond[0m
[0;32mI (468) spi_flash: flash io: dio[0m
[0;33mW (473) i2c: This driver is an old driver, please migrate your application code to adapt `driver/i2c_master.h`[0m
[0;33mW (483) ADC: legacy driver is deprecated, please migrate to `esp_adc/adc_oneshot.h`[0m
[0;32mI (492) coexist: coex firmware version: b6d5e8c[0m
[0;32mI (497) main_task: Started on CPU0[0m
[0;32mI (507) main_task: Calling app_main()[0m
[0;32mI (507) [WI-FI]: [APP] Startup..[0m
[0;32mI (507) [WI-FI]: [APP] Free memory: 227064 bytes[0m
[0;32mI (507) [WI-FI]: [APP] IDF version: v5.3-dev-262-g294c2bd70d[0m
[0;32mI (547) [I2C]: Module configuration successful![0m
[0;32mI (547) gpio: GPIO[19]| InputEn: 1| OutputEn: 0| OpenDrain: 0| Pullup: 1| Pulldown: 0| Intr:0 [0m
[0;32mI (547) gpio: GPIO[25]| InputEn: 1| OutputEn: 0| OpenDrain: 0| Pullup: 1| Pulldown: 0| Intr:0 [0m
[0;32mI (557) [SWITCH]: Configuration successful![0m
[0;32mI (24567) gpio: GPIO[33]| InputEn: 0| OutputEn: 1| OpenDrain: 0| Pullup: 0| Pulldown: 0| Intr:0 [0m
[0;32mI (24567) gpio: GPIO[32]| InputEn: 0| OutputEn: 1| OpenDrain: 0| Pullup: 0| Pulldown: 0| Intr:0 [0m
[0;32mI (24567) [LED]: LEDs configured![0m
[0;32mI (24577) BTDM_INIT: BT controller compile version [6458728][0m
[0;32mI (24587) BTDM_INIT: Bluetooth MAC: b4:e6:2d:ea:62:f7[0m
[0;32mI (24587) phy_init: phy_version 4780,16b31a7,Sep 22 2023,20:42:16[0m
[0;32mI (24987) GATTS_SERVER: REGISTER_APP_EVT_A, status 0, app_id 0
[0m
Booting ...
[0;33mW (24987) BT_BTM: BTM_BleWriteScanRsp, Partial data write into ADV[0m
[0;32mI (24997) GATTS_SERVER: CREATE_SERVICE_EVT, status 0,  service_handle 40
[0m
[0;32mI (24997) GATTS_SERVER: REGISTER_APP_EVT_B, status 0, app_id 1[0m
[0;31mE (25017) GATTS_SERVER: Advertisign started successfully![0m
[0;32mI (25017) GATTS_SERVER: SERVICE_START_EVT, status 0, service_handle 40
[0m
[0;32mI (25027) GATTS_SERVER: ADD_CHAR_EVT, status 0,  attr_handle 42, service_handle 40
[0m
[0;32mI (25027) GATTS_SERVER: the gatts demo char length = 3
[0m
[0;32mI (25037) GATTS_SERVER: prf_char[0] =11
[0m
[0;32mI (25037) GATTS_SERVER: prf_char[1] =22
[0m
[0;32mI (25047) GATTS_SERVER: prf_char[2] =33
[0m
[0;32mI (25047) GATTS_SERVER: CREATE_SERVICE_EVT, status 0,  service_handle 44[0m
[0;32mI (25057) GATTS_SERVER: ADD_DESCR_EVT, status 0, attr_handle 43, service_handle 40
[0m
[0;32mI (25067) GATTS_SERVER: SERVICE_START_EVT, status 0, service_handle 44[0m
[0;32mI (25077) GATTS_SERVER: ADD_CHAR_EVT, status 0,  attr_handle 46, service_handle 44[0m
[0;32mI (25077) GATTS_SERVER: ADD_DESCR_EVT, status 0, attr_handle 47, service_handle 44[0m
Hello there!
Gpio pin: 33

assert failed: xEventGroupWaitBits event_groups.c:344 (xEventGroup)


Backtrace: 0x400817ea:0x3ffbbf50 0x40091759:0x3ffbbf70 0x40096aa1:0x3ffbbf90 0x40092793:0x3ffbc0b0 0x400d8d27:0x3ffbc0e0 0x4017ccf3:0x3ffbc1f0




ELF file SHA256: 517492586

Rebooting...
ets Jun  8 2016 00:22:57

rst:0xc (SW_CPU_RESET),boot:0x13 (SPI_FAST_FLASH_BOOT)
configsip: 0, SPIWP:0xee
clk_drv:0x00,q_drv:0x00,d_drv:0x00,cs0_drv:0x00,hd_drv:0x00,wp_drv:0x00
mode:DIO, clock div:2
load:0x3fff0030,len:7140
load:0x40078000,len:15500
load:0x40080400,len:4
load:0x40080404,len:3904
entry 0x40080640
[0;32mI (29) boot: ESP-IDF v5.3-dev-262-g294c2bd70d 2nd stage bootloader[0m
[0;32mI (29) boot: compile time Feb  6 2024 14:09:42[0m
[0;32mI (31) boot: Multicore bootloader[0m
[0;32mI (35) boot: chip revision: v1.0[0m
[0;32mI (39) boot.esp32: SPI Speed      : 40MHz[0m
[0;32mI (43) boot.esp32: SPI Mode       : DIO[0m
[0;32mI (48) boot.esp32: SPI Flash Size : 4MB[0m
[0;32mI (52) boot: Enabling RNG early entropy source...[0m
[0;32mI (58) boot: Partition Table:[0m
[0;32mI (61) boot: ## Label            Usage          Type ST Offset   Length[0m
[0;32mI (69) boot:  0 nvs              WiFi data        01 02 00009000 00006000[0m
[0;32mI (76) boot:  1 phy_init         RF data          01 01 0000f000 00001000[0m
[0;32mI (84) boot:  2 factory          factory app      00 00 00010000 00200000[0m
[0;32mI (91) boot: End of partition table[0m
[0;32mI (95) esp_image: segment 0: paddr=00010020 vaddr=3f400020 size=36f44h (225092) map[0m
[0;32mI (150) esp_image: segment 1: paddr=00046f6c vaddr=3ffbdb60 size=04a00h ( 18944) load[0m
[0;32mI (155) esp_image: segment 2: paddr=0004b974 vaddr=40080000 size=046a4h ( 18084) load[0m
[0;32mI (161) esp_image: segment 3: paddr=00050020 vaddr=400d0020 size=aea94h (715412) map[0m
[0;32mI (312) esp_image: segment 4: paddr=000feabc vaddr=400846a4 size=14010h ( 81936) load[0m
[0;32mI (345) boot: Loaded app from partition at offset 0x10000[0m
[0;32mI (345) boot: Disabling RNG early entropy source...[0m
[0;32mI (357) cpu_start: Multicore app[0m
[0;32mI (365) cpu_start: Pro cpu start user code[0m
[0;32mI (366) cpu_start: cpu freq: 160000000 Hz[0m
[0;32mI (366) cpu_start: Application information:[0m
[0;32mI (369) cpu_start: Project name:     InteligentStationForGrowingPlan[0m
[0;32mI (376) cpu_start: App version:      c0c6b71-dirty[0m
[0;32mI (381) cpu_start: Compile time:     Feb  6 2024 16:55:54[0m
[0;32mI (387) cpu_start: ELF file SHA256:  517492586...[0m
[0;32mI (393) cpu_start: ESP-IDF:          v5.3-dev-262-g294c2bd70d[0m
[0;32mI (399) cpu_start: Min chip rev:     v0.0[0m
[0;32mI (404) cpu_start: Max chip rev:     v3.99 [0m
[0;32mI (408) cpu_start: Chip rev:         v1.0[0m
[0;32mI (414) heap_init: Initializing. RAM available for dynamic allocation:[0m
[0;32mI (421) heap_init: At 3FFAFF10 len 000000F0 (0 KiB): DRAM[0m
[0;32mI (426) heap_init: At 3FFB6388 len 00001C78 (7 KiB): DRAM[0m
[0;32mI (433) heap_init: At 3FFB9A20 len 00004108 (16 KiB): DRAM[0m
[0;32mI (439) heap_init: At 3FFC8578 len 00017A88 (94 KiB): DRAM[0m
[0;32mI (445) heap_init: At 3FFE0440 len 00003AE0 (14 KiB): D/IRAM[0m
[0;32mI (451) heap_init: At 3FFE4350 len 0001BCB0 (111 KiB): D/IRAM[0m
[0;32mI (458) heap_init: At 400986B4 len 0000794C (30 KiB): IRAM[0m
[0;32mI (465) spi_flash: detected chip: winbond[0m
[0;32mI (469) spi_flash: flash io: dio[0m
[0;33mW (473) i2c: This driver is an old driver, please migrate your application code to adapt `driver/i2c_master.h`[0m
[0;33mW (483) ADC: legacy driver is deprecated, please migrate to `esp_adc/adc_oneshot.h`[0m
[0;32mI (492) coexist: coex firmware version: b6d5e8c[0m
[0;32mI (497) main_task: Started on CPU0[0m
[0;32mI (507) main_task: Calling app_main()[0m
[0;32mI (507) [WI-FI]: [APP] Startup..[0m
[0;32mI (507) [WI-FI]: [APP] Free memory: 227064 bytes[0m
[0;32mI (507) [WI-FI]: [APP] IDF version: v5.3-dev-262-g294c2bd70d[0m
[0;32mI (547) [I2C]: Module configuration successful![0m
[0;32mI (547) gpio: GPIO[19]| InputEn: 1| OutputEn: 0| OpenDrain: 0| Pullup: 1| Pulldown: 0| Intr:0 [0m
[0;32mI (547) gpio: GPIO[25]| InputEn: 1| OutputEn: 0| OpenDrain: 0| Pullup: 1| Pulldown: 0| Intr:0 [0m
[0;32mI (557) [SWITCH]: Configuration successful![0m
[0;32mI (24567) gpio: GPIO[33]| InputEn: 0| OutputEn: 1| OpenDrain: 0| Pullup: 0| Pulldown: 0| Intr:0 [0m
[0;32mI (24567) gpio: GPIO[32]| InputEn: 0| OutputEn: 1| OpenDrain: 0| Pullup: 0| Pulldown: 0| Intr:0 [0m
[0;32mI (24567) [LED]: LEDs configured![0m
[0;32mI (24577) BTDM_INIT: BT controller compile version [6458728][0m
[0;32mI (24587) BTDM_INIT: Bluetooth MAC: b4:e6:2d:ea:62:f7[0m
[0;32mI (24587) phy_init: phy_version 4780,16b31a7,Sep 22 2023,20:42:16[0m
[0;32mI (24987) GATTS_SERVER: REGISTER_APP_EVT_A, status 0, app_id 0
[0m
Booting ...
[0;33mW (24987) BT_BTM: BTM_BleWriteScanRsp, Partial data write into ADV[0m
[0;32mI (24997) GATTS_SERVER: CREATE_SERVICE_EVT, status 0,  service_handle 40
[0m
[0;32mI (24997) GATTS_SERVER: REGISTER_APP_EVT_B, status 0, app_id 1[0m
[0;31mE (25017) GATTS_SERVER: Advertisign started successfully![0m
[0;32mI (25017) GATTS_SERVER: SERVICE_START_EVT, status 0, service_handle 40
[0m
[0;32mI (25017) GATTS_SERVER: ADD_CHAR_EVT, status 0,  attr_handle 42, service_handle 40
[0m
[0;32mI (25027) GATTS_SERVER: the gatts demo char length = 3
[0m
[0;32mI (25037) GATTS_SERVER: prf_char[0] =11
[0m
[0;32mI (25037) GATTS_SERVER: prf_char[1] =22
[0m
[0;32mI (25047) GATTS_SERVER: prf_char[2] =33
[0m
[0;32mI (25047) GATTS_SERVER: CREATE_SERVICE_EVT, status 0,  service_handle 44[0m
[0;32mI (25057) GATTS_SERVER: ADD_DESCR_EVT, status 0, attr_handle 43, service_handle 40
[0m
[0;32mI (25067) GATTS_SERVER: SERVICE_START_EVT, status 0, service_handle 44[0m
[0;32mI (25077) GATTS_SERVER: ADD_CHAR_EVT, status 0,  attr_handle 46, service_handle 44[0m
[0;32mI (25077) GATTS_SERVER: ADD_DESCR_EVT, status 0, attr_handle 47, service_handle 44[0m
Hello there!
Gpio pin: 33

assert failed: xEventGroupWaitBits event_groups.c:344 (xEventGroup)


Backtrace: 0x400817ea:0x3ffbbf50 0x40091759:0x3ffbbf70 0x40096aa1:0x3ffbbf90 0x40092793:0x3ffbc0b0 0x400d8d27:0x3ffbc0e0 0x4017ccf3:0x3ffbc1f0




ELF file SHA256: 517492586

Rebooting...
ets Jun  8 2016 00:22:57

rst:0xc (SW_CPU_RESET),boot:0x13 (SPI_FAST_FLASH_BOOT)
configsip: 0, SPIWP:0xee
clk_drv:0x00,q_drv:0x00,d_drv:0x00,cs0_drv:0x00,hd_drv:0x00,wp_drv:0x00
mode:DIO, clock div:2
load:0x3fff0030,len:7140
load:0x40078000,len:15500
load:0x40080400,len:4
load:0x40080404,len:3904
entry 0x40080640
[0;32mI (29) boot: ESP-IDF v5.3-dev-262-g294c2bd70d 2nd stage bootloader[0m
[0;32mI (29) boot: compile time Feb  6 2024 14:09:42[0m
[0;32mI (31) boot: Multicore bootloader[0m
[0;32mI (35) boot: chip revision: v1.0[0m
[0;32mI (39) boot.esp32: SPI Speed      : 40MHz[0m
[0;32mI (43) boot.esp32: SPI Mode       : DIO[0m
[0;32mI (48) boot.esp32: SPI Flash Size : 4MB[0m
[0;32mI (52) boot: Enabling RNG early entropy source...[0m
[0;32mI (58) boot: Partition Table:[0m
[0;32mI (61) boot: ## Label            Usage          Type ST Offset   Length[0m
[0;32mI (69) boot:  0 nvs              WiFi data        01 02 00009000 00006000[0m
[0;32mI (76) boot:  1 phy_init         RF data          01 01 0000f000 00001000[0m
[0;32mI (84) boot:  2 factory          factory app      00 00 00010000 00200000[0m
[0;32mI (91) boot: End of partition table[0m
[0;32mI (95) esp_image: segment 0: paddr=00010020 vaddr=3f400020 size=36f44h (225092) map[0m
[0;32mI (150) esp_image: segment 1: paddr=00046f6c vaddr=3ffbdb60 size=04a00h ( 18944) load[0m
[0;32mI (155) esp_image: segment 2: paddr=0004b974 vaddr=40080000 size=046a4h ( 18084) load[0m
[0;32mI (161) esp_image: segment 3: paddr=00050020 vaddr=400d0020 size=aea94h (715412) map[0m
[0;32mI (312) esp_image: segment 4: paddr=000feabc vaddr=400846a4 size=14010h ( 81936) load[0m
[0;32mI (345) boot: Loaded app from partition at offset 0x10000[0m
[0;32mI (345) boot: Disabling RNG early entropy source...[0m
[0;32mI (357) cpu_start: Multicore app[0m
[0;32mI (365) cpu_start: Pro cpu start user code[0m
[0;32mI (366) cpu_start: cpu freq: 160000000 Hz[0m
[0;32mI (366) cpu_start: Application information:[0m
[0;32mI (369) cpu_start: Project name:     InteligentStationForGrowingPlan[0m
[0;32mI (376) cpu_start: App version:      c0c6b71-dirty[0m
[0;32mI (381) cpu_start: Compile time:     Feb  6 2024 16:55:54[0m
[0;32mI (387) cpu_start: ELF file SHA256:  517492586...[0m
[0;32mI (393) cpu_start: ESP-IDF:          v5.3-dev-262-g294c2bd70d[0m
[0;32mI (399) cpu_start: Min chip rev:     v0.0[0m
[0;32mI (404) cpu_start: Max chip rev:     v3.99 [0m
[0;32mI (408) cpu_start: Chip rev:         v1.0[0m
[0;32mI (414) heap_init: Initializing. RAM available for dynamic allocation:[0m
[0;32mI (421) heap_init: At 3FFAFF10 len 000000F0 (0 KiB): DRAM[0m
[0;32mI (426) heap_init: At 3FFB6388 len 00001C78 (7 KiB): DRAM[0m
[0;32mI (433) heap_init: At 3FFB9A20 len 00004108 (16 KiB): DRAM[0m
[0;32mI (439) heap_init: At 3FFC8578 len 00017A88 (94 KiB): DRAM[0m
[0;32mI (445) heap_init: At 3FFE0440 len 00003AE0 (14 KiB): D/IRAM[0m
[0;32mI (451) heap_init: At 3FFE4350 len 0001BCB0 (111 KiB): D/IRAM[0m
[0;32mI (458) heap_init: At 400986B4 len 0000794C (30 KiB): IRAM[0m
[0;32mI (465) spi_flash: detected chip: winbond[0m
[0;32mI (469) spi_flash: flash io: dio[0m
[0;33mW (473) i2c: This driver is an old driver, please migrate your application code to adapt `driver/i2c_master.h`[0m
[0;33mW (483) ADC: legacy driver is deprecated, please migrate to `esp_adc/adc_oneshot.h`[0m
[0;32mI (492) coexist: coex firmware version: b6d5e8c[0m
[0;32mI (497) main_task: Started on CPU0[0m
[0;32mI (507) main_task: Calling app_main()[0m
[0;32mI (507) [WI-FI]: [APP] Startup..[0m
[0;32mI (507) [WI-FI]: [APP] Free memory: 227064 bytes[0m
[0;32mI (507) [WI-FI]: [APP] IDF version: v5.3-dev-262-g294c2bd70d[0m
[0;32mI (547) [I2C]: Module configuration successful![0m
[0;32mI (547) gpio: GPIO[19]| InputEn: 1| OutputEn: 0| OpenDrain: 0| Pullup: 1| Pulldown: 0| Intr:0 [0m
[0;32mI (547) gpio: GPIO[25]| InputEn: 1| OutputEn: 0| OpenDrain: 0| Pullup: 1| Pulldown: 0| Intr:0 [0m
[0;32mI (557) [SWITCH]: Configuration successful![0m
[0;32mI (24567) gpio: GPIO[33]| InputEn: 0| OutputEn: 1| OpenDrain: 0| Pullup: 0| Pulldown: 0| Intr:0 [0m
[0;32mI (24567) gpio: GPIO[32]| InputEn: 0| OutputEn: 1| OpenDrain: 0| Pullup: 0| Pulldown: 0| Intr:0 [0m
[0;32mI (24567) [LED]: LEDs configured![0m
[0;32mI (24577) BTDM_INIT: BT controller compile version [6458728][0m
[0;32mI (24587) BTDM_INIT: Bluetooth MAC: b4:e6:2d:ea:62:f7[0m
[0;32mI (24587) phy_init: phy_version 4780,16b31a7,Sep 22 2023,20:42:16[0m
[0;32mI (24977) GATTS_SERVER: REGISTER_APP_EVT_A, status 0, app_id 0
[0m
Booting ...
[0;33mW (24987) BT_BTM: BTM_BleWriteScanRsp, Partial data write into ADV[0m
[0;32mI (24987) GATTS_SERVER: CREATE_SERVICE_EVT, status 0,  service_handle 40
[0m
[0;32mI (24987) GATTS_SERVER: REGISTER_APP_EVT_B, status 0, app_id 1[0m
[0;31mE (25017) GATTS_SERVER: Advertisign started successfully![0m
[0;32mI (25017) GATTS_SERVER: SERVICE_START_EVT, status 0, service_handle 40
[0m
[0;32mI (25017) GATTS_SERVER: ADD_CHAR_EVT, status 0,  attr_handle 42, service_handle 40
[0m
[0;32mI (25027) GATTS_SERVER: the gatts demo char length = 3
[0m
[0;32mI (25027) GATTS_SERVER: prf_char[0] =11
[0m
[0;32mI (25037) GATTS_SERVER: prf_char[1] =22
[0m
[0;32mI (25037) GATTS_SERVER: prf_char[2] =33
[0m
[0;32mI (25047) GATTS_SERVER: CREATE_SERVICE_EVT, status 0,  service_handle 44[0m
[0;32mI (25057) GATTS_SERVER: ADD_DESCR_EVT, status 0, attr_handle 43, service_handle 40
[0m
[0;32mI (25057) GATTS_SERVER: SERVICE_START_EVT, status 0, service_handle 44[0m
[0;32mI (25067) GATTS_SERVER: ADD_CHAR_EVT, status 0,  attr_handle 46, service_handle 44[0m
[0;32mI (25077) GATTS_SERVER: ADD_DESCR_EVT, status 0, attr_handle 47, service_handle 44[0m
Hello there!
Gpio pin: 33

assert failed: xEventGroupWaitBits event_groups.c:344 (xEventGroup)


Backtrace: 0x400817ea:0x3ffbbf50 0x40091759:0x3ffbbf70 0x40096aa1:0x3ffbbf90 0x40092793:0x3ffbc0b0 0x400d8d27:0x3ffbc0e0 0x4017ccf3:0x3ffbc1f0




ELF file SHA256: 517492586

Rebooting...
ets Jun  8 2016 00:22:57

rst:0xc (SW_CPU_RESET),boot:0x13 (SPI_FAST_FLASH_BOOT)
configsip: 0, SPIWP:0xee
clk_drv:0x00,q_drv:0x00,d_drv:0x00,cs0_drv:0x00,hd_drv:0x00,wp_drv:0x00
mode:DIO, clock div:2
load:0x3fff0030,len:7140
load:0x40078000,len:15500
load:0x40080400,len:4
load:0x40080404,len:3904
entry 0x40080640
[0;32mI (29) boot: ESP-IDF v5.3-dev-262-g294c2bd70d 2nd stage bootloader[0m
[0;32mI (29) boot: compile time Feb  6 2024 14:09:42[0m
[0;32mI (31) boot: Multicore bootloader[0m
[0;32mI (35) boot: chip revision: v1.0[0m
[0;32mI (39) boot.esp32: SPI Speed      : 40MHz[0m
[0;32mI (43) boot.esp32: SPI Mode       : DIO[0m
[0;32mI (48) boot.esp32: SPI Flash Size : 4MB[0m
[0;32mI (52) boot: Enabling RNG early entropy source...[0m
[0;32mI (58) boot: Partition Table:[0m
[0;32mI (61) boot: ## Label            Usage          Type ST Offset   Length[0m
[0;32mI (69) boot:  0 nvs              WiFi data        01 02 00009000 00006000[0m
[0;32mI (76) boot:  1 phy_init         RF data          01 01 0000f000 00001000[0m
[0;32mI (84) boot:  2 factory          factory app      00 00 00010000 00200000[0m
[0;32mI (91) boot: End of partition table[0m
[0;32mI (95) esp_image: segment 0: paddr=00010020 vaddr=3f400020 size=36f44h (225092) map[0m
[0;32mI (150) esp_image: segment 1: paddr=00046f6c vaddr=3ffbdb60 size=04a00h ( 18944) load[0m
[0;32mI (155) esp_image: segment 2: paddr=0004b974 vaddr=40080000 size=046a4h ( 18084) load[0m
[0;32mI (161) esp_image: segment 3: paddr=00050020 vaddr=400d0020 size=aea94h (715412) map[0m
[0;32mI (312) esp_image: segment 4: paddr=000feabc vaddr=400846a4 size=14010h ( 81936) load[0m
[0;32mI (345) boot: Loaded app from partition at offset 0x10000[0m
[0;32mI (345) boot: Disabling RNG early entropy source...[0m
[0;32mI (357) cpu_start: Multicore app[0m
[0;32mI (365) cpu_start: Pro cpu start user code[0m
[0;32mI (366) cpu_start: cpu freq: 160000000 Hz[0m
[0;32mI (366) cpu_start: Application information:[0m
[0;32mI (369) cpu_start: Project name:     InteligentStationForGrowingPlan[0m
[0;32mI (376) cpu_start: App version:      c0c6b71-dirty[0m
[0;32mI (381) cpu_start: Compile time:     Feb  6 2024 16:55:54[0m
[0;32mI (387) cpu_start: ELF file SHA256:  517492586...[0m
[0;32mI (393) cpu_start: ESP-IDF:          v5.3-dev-262-g294c2bd70d[0m
[0;32mI (399) cpu_start: Min chip rev:     v0.0[0m
[0;32mI (404) cpu_start: Max chip rev:     v3.99 [0m
[0;32mI (409) cpu_start: Chip rev:         v1.0[0m
[0;32mI (414) heap_init: Initializing. RAM available for dynamic allocation:[0m
[0;32mI (421) heap_init: At 3FFAFF10 len 000000F0 (0 KiB): DRAM[0m
[0;32mI (426) heap_init: At 3FFB6388 len 00001C78 (7 KiB): DRAM[0m
[0;32mI (433) heap_init: At 3FFB9A20 len 00004108 (16 KiB): DRAM[0m
[0;32mI (439) heap_init: At 3FFC8578 len 00017A88 (94 KiB): DRAM[0m
[0;32mI (445) heap_init: At 3FFE0440 len 00003AE0 (14 KiB): D/IRAM[0m
[0;32mI (451) heap_init: At 3FFE4350 len 0001BCB0 (111 KiB): D/IRAM[0m
[0;32mI (458) heap_init: At 400986B4 len 0000794C (30 KiB): IRAM[0m
[0;32mI (465) spi_flash: detected chip: winbond[0m
[0;32mI (469) spi_flash: flash io: dio[0m
[0;33mW (473) i2c: This driver is an old driver, please migrate your application code to adapt `driver/i2c_master.h`[0m
[0;33mW (483) ADC: legacy driver is deprecated, please migrate to `esp_adc/adc_oneshot.h`[0m
[0;32mI (492) coexist: coex firmware version: b6d5e8c[0m
[0;32mI (497) main_task: Started on CPU0[0m
[0;32mI (507) main_task: Calling app_main()[0m
[0;32mI (507) [WI-FI]: [APP] Startup..[0m
[0;32mI (507) [WI-FI]: [APP] Free memory: 227064 bytes[0m
[0;32mI (507) [WI-FI]: [APP] IDF version: v5.3-dev-262-g294c2bd70d[0m
[0;32mI (547) [I2C]: Module configuration successful![0m
[0;32mI (547) gpio: GPIO[19]| InputEn: 1| OutputEn: 0| OpenDrain: 0| Pullup: 1| Pulldown: 0| Intr:0 [0m
[0;32mI (547) gpio: GPIO[25]| InputEn: 1| OutputEn: 0| OpenDrain: 0| Pullup: 1| Pulldown: 0| Intr:0 [0m
[0;32mI (557) [SWITCH]: Configuration successful![0m
[0;32mI (24567) gpio: GPIO[33]| InputEn: 0| OutputEn: 1| OpenDrain: 0| Pullup: 0| Pulldown: 0| Intr:0 [0m
[0;32mI (24567) gpio: GPIO[32]| InputEn: 0| OutputEn: 1| OpenDrain: 0| Pullup: 0| Pulldown: 0| Intr:0 [0m
[0;32mI (24567) [LED]: LEDs configured![0m
[0;32mI (24577) BTDM_INIT: BT controller compile version [6458728][0m
[0;32mI (24587) BTDM_INIT: Bluetooth MAC: b4:e6:2d:ea:62:f7[0m
[0;32mI (24587) phy_init: phy_version 4780,16b31a7,Sep 22 2023,20:42:16[0m
[0;32mI (24987) GATTS_SERVER: REGISTER_APP_EVT_A, status 0, app_id 0
[0m
Booting ...
[0;33mW (24987) BT_BTM: BTM_BleWriteScanRsp, Partial data write into ADV[0m
[0;32mI (24997) GATTS_SERVER: CREATE_SERVICE_EVT, status 0,  service_handle 40
[0m
[0;32mI (24997) GATTS_SERVER: REGISTER_APP_EVT_B, status 0, app_id 1[0m
[0;31mE (25017) GATTS_SERVER: Advertisign started successfully![0m
[0;32mI (25017) GATTS_SERVER: SERVICE_START_EVT, status 0, service_handle 40
[0m
[0;32mI (25017) GATTS_SERVER: ADD_CHAR_EVT, status 0,  attr_handle 42, service_handle 40
[0m
[0;32mI (25027) GATTS_SERVER: the gatts demo char length = 3
[0m
[0;32mI (25037) GATTS_SERVER: prf_char[0] =11
[0m
[0;32mI (25037) GATTS_SERVER: prf_char[1] =22
[0m
[0;32mI (25047) GATTS_SERVER: prf_char[2] =33
[0m
[0;32mI (25047) GATTS_SERVER: CREATE_SERVICE_EVT, status 0,  service_handle 44[0m
[0;32mI (25057) GATTS_SERVER: ADD_DESCR_EVT, status 0, attr_handle 43, service_handle 40
[0m
[0;32mI (25067) GATTS_SERVER: SERVICE_START_EVT, status 0, service_handle 44[0m
[0;32mI (25067) GATTS_SERVER: ADD_CHAR_EVT, status 0,  attr_handle 46, service_handle 44[0m
[0;32mI (25077) GATTS_SERVER: ADD_DESCR_EVT, status 0, attr_handle 47, service_handle 44[0m
Hello there!
Gpio pin: 33

assert failed: xEventGroupWaitBits event_groups.c:344 (xEventGroup)


Backtrace: 0x400817ea:0x3ffbbf50 0x40091759:0x3ffbbf70 0x40096aa1:0x3ffbbf90 0x40092793:0x3ffbc0b0 0x400d8d27:0x3ffbc0e0 0x4017ccf3:0x3ffbc1f0




ELF file SHA256: 517492586

Rebooting...
ets Jun  8 2016 00:22:57

rst:0xc (SW_CPU_RESET),boot:0x13 (SPI_FAST_FLASH_BOOT)
configsip: 0, SPIWP:0xee
clk_drv:0x00,q_drv:0x00,d_drv:0x00,cs0_drv:0x00,hd_drv:0x00,wp_drv:0x00
mode:DIO, clock div:2
load:0x3fff0030,len:7140
load:0x40078000,len:15500
load:0x40080400,len:4
load:0x40080404,len:3904
entry 0x40080640
[0;32mI (29) boot: ESP-IDF v5.3-dev-262-g294c2bd70d 2nd stage bootloader[0m
[0;32mI (29) boot: compile time Feb  6 2024 14:09:42[0m
[0;32mI (31) boot: Multicore bootloader[0m
[0;32mI (35) boot: chip revision: v1.0[0m
[0;32mI (39) boot.esp32: SPI Speed      : 40MHz[0m
[0;32mI (43) boot.esp32: SPI Mode       : DIO[0m
[0;32mI (48) boot.esp32: SPI Flash Size : 4MB[0m
[0;32mI (52) boot: Enabling RNG early entropy source...[0m
[0;32mI (58) boot: Partition Table:[0m
[0;32mI (61) boot: ## Label            Usage          Type ST Offset   Length[0m
[0;32mI (69) boot:  0 nvs              WiFi data        01 02 00009000 00006000[0m
[0;32mI (76) boot:  1 phy_init         RF data          01 01 0000f000 00001000[0m
[0;32mI (84) boot:  2 factory          factory app      00 00 00010000 00200000[0m
[0;32mI (91) boot: End of partition table[0m
[0;32mI (95) esp_image: segment 0: paddr=00010020 vaddr=3f400020 size=36f44h (225092) map[0m
[0;32mI (150) esp_image: segment 1: paddr=00046f6c vaddr=3ffbdb60 size=04a00h ( 18944) load[0m
[0;32mI (155) esp_image: segment 2: paddr=0004b974 vaddr=40080000 size=046a4h ( 18084) load[0m
[0;32mI (161) esp_image: segment 3: paddr=00050020 vaddr=400d0020 size=aea94h (715412) map[0m
[0;32mI (312) esp_image: segment 4: paddr=000feabc vaddr=400846a4 size=14010h ( 81936) load[0m
[0;32mI (345) boot: Loaded app from partition at offset 0x10000[0m
[0;32mI (345) boot: Disabling RNG early entropy source...[0m
[0;32mI (357) cpu_start: Multicore app[0m
[0;32mI (365) cpu_start: Pro cpu start user code[0m
[0;32mI (366) cpu_start: cpu freq: 160000000 Hz[0m
[0;32mI (366) cpu_start: Application information:[0m
[0;32mI (369) cpu_start: Project name:     InteligentStationForGrowingPlan[0m
[0;32mI (376) cpu_start: App version:      c0c6b71-dirty[0m
[0;32mI (381) cpu_start: Compile time:     Feb  6 2024 16:55:54[0m
[0;32mI (387) cpu_start: ELF file SHA256:  517492586...[0m
[0;32mI (393) cpu_start: ESP-IDF:          v5.3-dev-262-g294c2bd70d[0m
[0;32mI (399) cpu_start: Min chip rev:     v0.0[0m
[0;32mI (404) cpu_start: Max chip rev:     v3.99 [0m
[0;32mI (408) cpu_start: Chip rev:         v1.0[0m
[0;32mI (414) heap_init: Initializing. RAM available for dynamic allocation:[0m
[0;32mI (421) heap_init: At 3FFAFF10 len 000000F0 (0 KiB): DRAM[0m
[0;32mI (426) heap_init: At 3FFB6388 len 00001C78 (7 KiB): DRAM[0m
[0;32mI (433) heap_init: At 3FFB9A20 len 00004108 (16 KiB): DRAM[0m
[0;32mI (439) heap_init: At 3FFC8578 len 00017A88 (94 KiB): DRAM[0m
[0;32mI (445) heap_init: At 3FFE0440 len 00003AE0 (14 KiB): D/IRAM[0m
[0;32mI (451) heap_init: At 3FFE4350 len 0001BCB0 (111 KiB): D/IRAM[0m
[0;32mI (458) heap_init: At 400986B4 len 0000794C (30 KiB): IRAM[0m
[0;32mI (465) spi_flash: detected chip: winbond[0m
[0;32mI (469) spi_flash: flash io: dio[0m
[0;33mW (473) i2c: This driver is an old driver, please migrate your application code to adapt `driver/i2c_master.h`[0m
[0;33mW (483) ADC: legacy driver is deprecated, please migrate to `esp_adc/adc_oneshot.h`[0m
[0;32mI (492) coexist: coex firmware version: b6d5e8c[0m
[0;32mI (497) main_task: Started on CPU0[0m
[0;32mI (507) main_task: Calling app_main()[0m
[0;32mI (507) [WI-FI]: [APP] Startup..[0m
[0;32mI (507) [WI-FI]: [APP] Free memory: 227064 bytes[0m
[0;32mI (507) [WI-FI]: [APP] IDF version: v5.3-dev-262-g294c2bd70d[0m
[0;32mI (547) [I2C]: Module configuration successful![0m
[0;32mI (547) gpio: GPIO[19]| InputEn: 1| OutputEn: 0| OpenDrain: 0| Pullup: 1| Pulldown: 0| Intr:0 [0m
[0;32mI (547) gpio: GPIO[25]| InputEn: 1| OutputEn: 0| OpenDrain: 0| Pullup: 1| Pulldown: 0| Intr:0 [0m
[0;32mI (557) [SWITCH]: Configuration successful![0m
[0;32mI (24567) gpio: GPIO[33]| InputEn: 0| OutputEn: 1| OpenDrain: 0| Pullup: 0| Pulldown: 0| Intr:0 [0m
[0;32mI (24567) gpio: GPIO[32]| InputEn: 0| OutputEn: 1| OpenDrain: 0| Pullup: 0| Pulldown: 0| Intr:0 [0m
[0;32mI (24567) [LED]: LEDs configured![0m
[0;32mI (24577) BTDM_INIT: BT controller compile version [6458728][0m
[0;32mI (24587) BTDM_INIT: Bluetooth MAC: b4:e6:2d:ea:62:f7[0m
[0;32mI (24587) phy_init: phy_version 4780,16b31a7,Sep 22 2023,20:42:16[0m
[0;32mI (24977) GATTS_SERVER: REGISTER_APP_EVT_A, status 0, app_id 0
[0m
Booting ...
[0;33mW (24987) BT_BTM: BTM_BleWriteScanRsp, Partial data write into ADV[0m
[0;32mI (24997) GATTS_SERVER: CREATE_SERVICE_EVT, status 0,  service_handle 40
[0m
[0;32mI (24997) GATTS_SERVER: REGISTER_APP_EVT_B, status 0, app_id 1[0m
[0;31mE (25017) GATTS_SERVER: Advertisign started successfully![0m
[0;32mI (25017) GATTS_SERVER: SERVICE_START_EVT, status 0, service_handle 40
[0m
[0;32mI (25017) GATTS_SERVER: ADD_CHAR_EVT, status 0,  attr_handle 42, service_handle 40
[0m
[0;32mI (25027) GATTS_SERVER: the gatts demo char length = 3
[0m
[0;32mI (25037) GATTS_SERVER: prf_char[0] =11
[0m
[0;32mI (25037) GATTS_SERVER: prf_char[1] =22
[0m
[0;32mI (25047) GATTS_SERVER: prf_char[2] =33
[0m
[0;32mI (25047) GATTS_SERVER: CREATE_SERVICE_EVT, status 0,  service_handle 44[0m
[0;32mI (25057) GATTS_SERVER: ADD_DESCR_EVT, status 0, attr_handle 43, service_handle 40
[0m
[0;32mI (25067) GATTS_SERVER: SERVICE_START_EVT, status 0, service_handle 44[0m
[0;32mI (25067) GATTS_SERVER: ADD_CHAR_EVT, status 0,  attr_handle 46, service_handle 44[0m
[0;32mI (25077) GATTS_SERVER: ADD_DESCR_EVT, status 0, attr_handle 47, service_handle 44[0m
Hello there!
Gpio pin: 33

assert failed: xEventGroupWaitBits event_groups.c:344 (xEventGroup)


Backtrace: 0x400817ea:0x3ffbbf50 0x40091759:0x3ffbbf70 0x40096aa1:0x3ffbbf90 0x40092793:0x3ffbc0b0 0x400d8d27:0x3ffbc0e0 0x4017ccf3:0x3ffbc1f0




ELF file SHA256: 517492586

Rebooting...
ets Jun  8 2016 00:22:57

rst:0xc (SW_CPU_RESET),boot:0x13 (SPI_FAST_FLASH_BOOT)
configsip: 0, SPIWP:0xee
clk_drv:0x00,q_drv:0x00,d_drv:0x00,cs0_drv:0x00,hd_drv:0x00,wp_drv:0x00
mode:DIO, clock div:2
load:0x3fff0030,len:7140
load:0x40078000,len:15500
load:0x40080400,len:4
load:0x40080404,len:3904
entry 0x40080640
[0;32mI (29) boot: ESP-IDF v5.3-dev-262-g294c2bd70d 2nd stage bootloader[0m
[0;32mI (29) boot: compile time Feb  6 2024 14:09:42[0m
[0;32mI (31) boot: Multicore bootloader[0m
[0;32mI (35) boot: chip revision: v1.0[0m
[0;32mI (39) boot.esp32: SPI Speed      : 40MHz[0m
[0;32mI (43) boot.esp32: SPI Mode       : DIO[0m
[0;32mI (48) boot.esp32: SPI Flash Size : 4MB[0m
[0;32mI (52) boot: Enabling RNG early entropy source...[0m
[0;32mI (58) boot: Partition Table:[0m
[0;32mI (61) boot: ## Label            Usage          Type ST Offset   Length[0m
[0;32mI (69) boot:  0 nvs              WiFi data        01 02 00009000 00006000[0m
[0;32mI (76) boot:  1 phy_init         RF data          01 01 0000f000 00001000[0m
[0;32mI (84) boot:  2 factory          factory app      00 00 00010000 00200000[0m
[0;32mI (91) boot: End of partition table[0m
[0;32mI (95) esp_image: segment 0: paddr=00010020 vaddr=3f400020 size=36f44h (225092) map[0m
[0;32mI (150) esp_image: segment 1: paddr=00046f6c vaddr=3ffbdb60 size=04a00h ( 18944) load[0m
[0;32mI (155) esp_image: segment 2: paddr=0004b974 vaddr=40080000 size=046a4h ( 18084) load[0m
[0;32mI (161) esp_image: segment 3: paddr=00050020 vaddr=400d0020 size=aea94h (715412) map[0m
[0;32mI (312) esp_image: segment 4: paddr=000feabc vaddr=400846a4 size=14010h ( 81936) load[0m
[0;32mI (345) boot: Loaded app from partition at offset 0x10000[0m
[0;32mI (345) boot: Disabling RNG early entropy source...[0m
[0;32mI (357) cpu_start: Multicore app[0m
[0;32mI (365) cpu_start: Pro cpu start user code[0m
[0;32mI (366) cpu_start: cpu freq: 160000000 Hz[0m
[0;32mI (366) cpu_start: Application information:[0m
[0;32mI (369) cpu_start: Project name:     InteligentStationForGrowingPlan[0m
[0;32mI (376) cpu_start: App version:      c0c6b71-dirty[0m
[0;32mI (381) cpu_start: Compile time:     Feb  6 2024 16:55:54[0m
[0;32mI (387) cpu_start: ELF file SHA256:  517492586...[0m
[0;32mI (393) cpu_start: ESP-IDF:          v5.3-dev-262-g294c2bd70d[0m
[0;32mI (399) cpu_start: Min chip rev:     v0.0[0m
[0;32mI (404) cpu_start: Max chip rev:     v3.99 [0m
[0;32mI (409) cpu_start: Chip rev:         v1.0[0m
[0;32mI (414) heap_init: Initializing. RAM available for dynamic allocation:[0m
[0;32mI (421) heap_init: At 3FFAFF10 len 000000F0 (0 KiB): DRAM[0m
[0;32mI (426) heap_init: At 3FFB6388 len 00001C78 (7 KiB): DRAM[0m
[0;32mI (433) heap_init: At 3FFB9A20 len 00004108 (16 KiB): DRAM[0m
[0;32mI (439) heap_init: At 3FFC8578 len 00017A88 (94 KiB): DRAM[0m
[0;32mI (445) heap_init: At 3FFE0440 len 00003AE0 (14 KiB): D/IRAM[0m
[0;32mI (451) heap_init: At 3FFE4350 len 0001BCB0 (111 KiB): D/IRAM[0m
[0;32mI (458) heap_init: At 400986B4 len 0000794C (30 KiB): IRAM[0m
[0;32mI (465) spi_flash: detected chip: winbond[0m
[0;32mI (469) spi_flash: flash io: dio[0m
[0;33mW (473) i2c: This driver is an old driver, please migrate your application code to adapt `driver/i2c_master.h`[0m
[0;33mW (483) ADC: legacy driver is deprecated, please migrate to `esp_adc/adc_oneshot.h`[0m
[0;32mI (492) coexist: coex firmware version: b6d5e8c[0m
[0;32mI (497) main_task: Started on CPU0[0m
[0;32mI (507) main_task: Calling app_main()[0m
[0;32mI (507) [WI-FI]: [APP] Startup..[0m
[0;32mI (507) [WI-FI]: [APP] Free memory: 227064 bytes[0m
[0;32mI (507) [WI-FI]: [APP] IDF version: v5.3-dev-262-g294c2bd70d[0m
[0;32mI (547) [I2C]: Module configuration successful![0m
[0;32mI (547) gpio: GPIO[19]| InputEn: 1| OutputEn: 0| OpenDrain: 0| Pullup: 1| Pulldown: 0| Intr:0 [0m
[0;32mI (547) gpio: GPIO[25]| InputEn: 1| OutputEn: 0| OpenDrain: 0| Pullup: 1| Pulldown: 0| Intr:0 [0m
[0;32mI (557) [SWITCH]: Configuration successful![0m
[0;32mI (24567) gpio: GPIO[33]| InputEn: 0| OutputEn: 1| OpenDrain: 0| Pullup: 0| Pulldown: 0| Intr:0 [0m
[0;32mI (24567) gpio: GPIO[32]| InputEn: 0| OutputEn: 1| OpenDrain: 0| Pullup: 0| Pulldown: 0| Intr:0 [0m
[0;32mI (24567) [LED]: LEDs configured![0m
[0;32mI (24577) BTDM_INIT: BT controller compile version [6458728][0m
[0;32mI (24587) BTDM_INIT: Bluetooth MAC: b4:e6:2d:ea:62:f7[0m
[0;32mI (24587) phy_init: phy_version 4780,16b31a7,Sep 22 2023,20:42:16[0m
[0;32mI (24977) GATTS_SERVER: REGISTER_APP_EVT_A, status 0, app_id 0
[0m
Booting ...
[0;33mW (24987) BT_BTM: BTM_BleWriteScanRsp, Partial data write into ADV[0m
[0;32mI (24987) GATTS_SERVER: CREATE_SERVICE_EVT, status 0,  service_handle 40
[0m
[0;32mI (24987) GATTS_SERVER: REGISTER_APP_EVT_B, status 0, app_id 1[0m
[0;31mE (25007) GATTS_SERVER: Advertisign started successfully![0m
[0;32mI (25017) GATTS_SERVER: SERVICE_START_EVT, status 0, service_handle 40
[0m
[0;32mI (25017) GATTS_SERVER: ADD_CHAR_EVT, status 0,  attr_handle 42, service_handle 40
[0m
[0;32mI (25027) GATTS_SERVER: the gatts demo char length = 3
[0m
[0;32mI (25027) GATTS_SERVER: prf_char[0] =11
[0m
[0;32mI (25037) GATTS_SERVER: prf_char[1] =22
[0m
[0;32mI (25037) GATTS_SERVER: prf_char[2] =33
[0m
[0;32mI (25047) GATTS_SERVER: CREATE_SERVICE_EVT, status 0,  service_handle 44[0m
[0;32mI (25057) GATTS_SERVER: ADD_DESCR_EVT, status 0, attr_handle 43, service_handle 40
[0m
[0;32mI (25057) GATTS_SERVER: SERVICE_START_EVT, status 0, service_handle 44[0m
[0;32mI (25067) GATTS_SERVER: ADD_CHAR_EVT, status 0,  attr_handle 46, service_handle 44[0m
[0;32mI (25077) GATTS_SERVER: ADD_DESCR_EVT, status 0, attr_handle 47, service_handle 44[0m
Hello there!
Gpio pin: 33

assert failed: xEventGroupWaitBits event_groups.c:344 (xEventGroup)


Backtrace: 0x400817ea:0x3ffbbf50 0x40091759:0x3ffbbf70 0x40096aa1:0x3ffbbf90 0x40092793:0x3ffbc0b0 0x400d8d27:0x3ffbc0e0 0x4017ccf3:0x3ffbc1f0




ELF file SHA256: 517492586

Rebooting...
ets Jun  8 2016 00:22:57

rst:0xc (SW_CPU_RESET),boot:0x13 (SPI_FAST_FLASH_BOOT)
configsip: 0, SPIWP:0xee
clk_drv:0x00,q_drv:0x00,d_drv:0x00,cs0_drv:0x00,hd_drv:0x00,wp_drv:0x00
mode:DIO, clock div:2
load:0x3fff0030,len:7140
load:0x40078000,len:15500
load:0x40080400,len:4
load:0x40080404,len:3904
entry 0x40080640
[0;32mI (29) boot: ESP-IDF v5.3-dev-262-g294c2bd70d 2nd stage bootloader[0m
[0;32mI (29) boot: compile time Feb  6 2024 14:09:42[0m
[0;32mI (31) boot: Multicore bootloader[0m
[0;32mI (35) boot: chip revision: v1.0[0m
[0;32mI (39) boot.esp32: SPI Speed      : 40MHz[0m
[0;32mI (43) boot.esp32: SPI Mode       : DIO[0m
[0;32mI (48) boot.esp32: SPI Flash Size : 4MB[0m
[0;32mI (52) boot: Enabling RNG early entropy source...[0m
[0;32mI (58) boot: Partition Table:[0m
[0;32mI (61) boot: ## Label            Usage          Type ST Offset   Length[0m
[0;32mI (69) boot:  0 nvs              WiFi data        01 02 00009000 00006000[0m
[0;32mI (76) boot:  1 phy_init         RF data          01 01 0000f000 00001000[0m
[0;32mI (84) boot:  2 factory          factory app      00 00 00010000 00200000[0m
[0;32mI (91) boot: End of partition table[0m
[0;32mI (95) esp_image: segment 0: paddr=00010020 vaddr=3f400020 size=36f44h (225092) map[0m
[0;32mI (150) esp_image: segment 1: paddr=00046f6c vaddr=3ffbdb60 size=04a00h ( 18944) load[0m
[0;32mI (155) esp_image: segment 2: paddr=0004b974 vaddr=40080000 size=046a4h ( 18084) load[0m
[0;32mI (161) esp_image: segment 3: paddr=00050020 vaddr=400d0020 size=aea94h (715412) map[0m
[0;32mI (312) esp_image: segment 4: paddr=000feabc vaddr=400846a4 size=14010h ( 81936) load[0m
[0;32mI (345) boot: Loaded app from partition at offset 0x10000[0m
[0;32mI (345) boot: Disabling RNG early entropy source...[0m
[0;32mI (357) cpu_start: Multicore app[0m
[0;32mI (365) cpu_start: Pro cpu start user code[0m
[0;32mI (366) cpu_start: cpu freq: 160000000 Hz[0m
[0;32mI (366) cpu_start: Application information:[0m
[0;32mI (369) cpu_start: Project name:     InteligentStationForGrowingPlan[0m
[0;32mI (376) cpu_start: App version:      c0c6b71-dirty[0m
[0;32mI (381) cpu_start: Compile time:     Feb  6 2024 16:55:54[0m
[0;32mI (387) cpu_start: ELF file SHA256:  517492586...[0m
[0;32mI (393) cpu_start: ESP-IDF:          v5.3-dev-262-g294c2bd70d[0m
[0;32mI (399) cpu_start: Min chip rev:     v0.0[0m
[0;32mI (404) cpu_start: Max chip rev:     v3.99 [0m
[0;32mI (409) cpu_start: Chip rev:         v1.0[0m
[0;32mI (414) heap_init: Initializing. RAM available for dynamic allocation:[0m
[0;32mI (421) heap_init: At 3FFAFF10 len 000000F0 (0 KiB): DRAM[0m
[0;32mI (426) heap_init: At 3FFB6388 len 00001C78 (7 KiB): DRAM[0m
[0;32mI (433) heap_init: At 3FFB9A20 len 00004108 (16 KiB): DRAM[0m
[0;32mI (439) heap_init: At 3FFC8578 len 00017A88 (94 KiB): DRAM[0m
[0;32mI (445) heap_init: At 3FFE0440 len 00003AE0 (14 KiB): D/IRAM[0m
[0;32mI (451) heap_init: At 3FFE4350 len 0001BCB0 (111 KiB): D/IRAM[0m
[0;32mI (458) heap_init: At 400986B4 len 0000794C (30 KiB): IRAM[0m
[0;32mI (465) spi_flash: detected chip: winbond[0m
[0;32mI (469) spi_flash: flash io: dio[0m
[0;33mW (473) i2c: This driver is an old driver, please migrate your application code to adapt `driver/i2c_master.h`[0m
[0;33mW (483) ADC: legacy driver is deprecated, please migrate to `esp_adc/adc_oneshot.h`[0m
[0;32mI (492) coexist: coex firmware version: b6d5e8c[0m
[0;32mI (497) main_task: Started on CPU0[0m
[0;32mI (507) main_task: Calling app_main()[0m
[0;32mI (507) [WI-FI]: [APP] Startup..[0m
[0;32mI (507) [WI-FI]: [APP] Free memory: 227064 bytes[0m
[0;32mI (507) [WI-FI]: [APP] IDF version: v5.3-dev-262-g294c2bd70d[0m
[0;32mI (547) [I2C]: Module configuration successful![0m
[0;32mI (547) gpio: GPIO[19]| InputEn: 1| OutputEn: 0| OpenDrain: 0| Pullup: 1| Pulldown: 0| Intr:0 [0m
[0;32mI (547) gpio: GPIO[25]| InputEn: 1| OutputEn: 0| OpenDrain: 0| Pullup: 1| Pulldown: 0| Intr:0 [0m
[0;32mI (557) [SWITCH]: Configuration successful![0m
[0;32mI (24567) gpio: GPIO[33]| InputEn: 0| OutputEn: 1| OpenDrain: 0| Pullup: 0| Pulldown: 0| Intr:0 [0m
[0;32mI (24567) gpio: GPIO[32]| InputEn: 0| OutputEn: 1| OpenDrain: 0| Pullup: 0| Pulldown: 0| Intr:0 [0m
[0;32mI (24567) [LED]: LEDs configured![0m
[0;32mI (24577) BTDM_INIT: BT controller compile version [6458728][0m
[0;32mI (24587) BTDM_INIT: Bluetooth MAC: b4:e6:2d:ea:62:f7[0m
[0;32mI (24587) phy_init: phy_version 4780,16b31a7,Sep 22 2023,20:42:16[0m
[0;32mI (24977) GATTS_SERVER: REGISTER_APP_EVT_A, status 0, app_id 0
[0m
Booting ...
[0;33mW (24987) BT_BTM: BTM_BleWriteScanRsp, Partial data write into ADV[0m
[0;32mI (24987) GATTS_SERVER: CREATE_SERVICE_EVT, status 0,  service_handle 40
[0m
[0;32mI (24987) GATTS_SERVER: REGISTER_APP_EVT_B, status 0, app_id 1[0m
[0;31mE (25017) GATTS_SERVER: Advertisign started successfully![0m
[0;32mI (25017) GATTS_SERVER: SERVICE_START_EVT, status 0, service_handle 40
[0m
[0;32mI (25017) GATTS_SERVER: ADD_CHAR_EVT, status 0,  attr_handle 42, service_handle 40
[0m
[0;32mI (25027) GATTS_SERVER: the gatts demo char length = 3
[0m
[0;32mI (25027) GATTS_SERVER: prf_char[0] =11
[0m
[0;32mI (25037) GATTS_SERVER: prf_char[1] =22
[0m
[0;32mI (25037) GATTS_SERVER: prf_char[2] =33
[0m
[0;32mI (25047) GATTS_SERVER: CREATE_SERVICE_EVT, status 0,  service_handle 44[0m
[0;32mI (25057) GATTS_SERVER: ADD_DESCR_EVT, status 0, attr_handle 43, service_handle 40
[0m
[0;32mI (25057) GATTS_SERVER: SERVICE_START_EVT, status 0, service_handle 44[0m
[0;32mI (25067) GATTS_SERVER: ADD_CHAR_EVT, status 0,  attr_handle 46, service_handle 44[0m
[0;32mI (25077) GATTS_SERVER: ADD_DESCR_EVT, status 0, attr_handle 47, service_handle 44[0m
Hello there!
Gpio pin: 33

assert failed: xEventGroupWaitBits event_groups.c:344 (xEventGroup)


Backtrace: 0x400817ea:0x3ffbbf50 0x40091759:0x3ffbbf70 0x40096aa1:0x3ffbbf90 0x40092793:0x3ffbc0b0 0x400d8d27:0x3ffbc0e0 0x4017ccf3:0x3ffbc1f0




ELF file SHA256: 517492586

Rebooting...
ets Jun  8 2016 00:22:57

rst:0xc (SW_CPU_RESET),boot:0x13 (SPI_FAST_FLASH_BOOT)
configsip: 0, SPIWP:0xee
clk_drv:0x00,q_drv:0x00,d_drv:0x00,cs0_drv:0x00,hd_drv:0x00,wp_drv:0x00
mode:DIO, clock div:2
load:0x3fff0030,len:7140
load:0x40078000,len:15500
load:0x40080400,len:4
load:0x40080404,len:3904
entry 0x40080640
[0;32mI (29) boot: ESP-IDF v5.3-dev-262-g294c2bd70d 2nd stage bootloader[0m
[0;32mI (29) boot: compile time Feb  6 2024 14:09:42[0m
[0;32mI (31) boot: Multicore bootloader[0m
[0;32mI (35) boot: chip revision: v1.0[0m
[0;32mI (39) boot.esp32: SPI Speed      : 40MHz[0m
[0;32mI (43) boot.esp32: SPI Mode       : DIO[0m
[0;32mI (48) boot.esp32: SPI Flash Size : 4MB[0m
[0;32mI (52) boot: Enabling RNG early entropy source...[0m
[0;32mI (58) boot: Partition Table:[0m
[0;32mI (61) boot: ## Label            Usage          Type ST Offset   Length[0m
[0;32mI (69) boot:  0 nvs              WiFi data        01 02 00009000 00006000[0m
[0;32mI (76) boot:  1 phy_init         RF data          01 01 0000f000 00001000[0m
[0;32mI (84) boot:  2 factory          factory app      00 00 00010000 00200000[0m
[0;32mI (91) boot: End of partition table[0m
[0;32mI (95) esp_image: segment 0: paddr=00010020 vaddr=3f400020 size=36f44h (225092) map[0m
[0;32mI (150) esp_image: segment 1: paddr=00046f6c vaddr=3ffbdb60 size=04a00h ( 18944) load[0m
[0;32mI (155) esp_image: segment 2: paddr=0004b974 vaddr=40080000 size=046a4h ( 18084) load[0m
[0;32mI (161) esp_image: segment 3: paddr=00050020 vaddr=400d0020 size=aea94h (715412) map[0m
[0;32mI (312) esp_image: segment 4: paddr=000feabc vaddr=400846a4 size=14010h ( 81936) load[0m
[0;32mI (345) boot: Loaded app from partition at offset 0x10000[0m
[0;32mI (345) boot: Disabling RNG early entropy source...[0m
[0;32mI (357) cpu_start: Multicore app[0m
[0;32mI (365) cpu_start: Pro cpu start user code[0m
[0;32mI (366) cpu_start: cpu freq: 160000000 Hz[0m
[0;32mI (366) cpu_start: Application information:[0m
[0;32mI (369) cpu_start: Project name:     InteligentStationForGrowingPlan[0m
[0;32mI (376) cpu_start: App version:      c0c6b71-dirty[0m
[0;32mI (381) cpu_start: Compile time:     Feb  6 2024 16:55:54[0m
[0;32mI (387) cpu_start: ELF file SHA256:  517492586...[0m
[0;32mI (393) cpu_start: ESP-IDF:          v5.3-dev-262-g294c2bd70d[0m
[0;32mI (399) cpu_start: Min chip rev:     v0.0[0m
[0;32mI (404) cpu_start: Max chip rev:     v3.99 [0m
[0;32mI (408) cpu_start: Chip rev:         v1.0[0m
[0;32mI (414) heap_init: Initializing. RAM available for dynamic allocation:[0m
[0;32mI (421) heap_init: At 3FFAFF10 len 000000F0 (0 KiB): DRAM[0m
[0;32mI (426) heap_init: At 3FFB6388 len 00001C78 (7 KiB): DRAM[0m
[0;32mI (433) heap_init: At 3FFB9A20 len 00004108 (16 KiB): DRAM[0m
[0;32mI (439) heap_init: At 3FFC8578 len 00017A88 (94 KiB): DRAM[0m
[0;32mI (445) heap_init: At 3FFE0440 len 00003AE0 (14 KiB): D/IRAM[0m
[0;32mI (451) heap_init: At 3FFE4350 len 0001BCB0 (111 KiB): D/IRAM[0m
[0;32mI (458) heap_init: At 400986B4 len 0000794C (30 KiB): IRAM[0m
[0;32mI (465) spi_flash: detected chip: winbond[0m
[0;32mI (468) spi_flash: flash io: dio[0m
[0;33mW (473) i2c: This driver is an old driver, please migrate your application code to adapt `driver/i2c_master.h`[0m
[0;33mW (483) ADC: legacy driver is deprecated, please migrate to `esp_adc/adc_oneshot.h`[0m
[0;32mI (492) coexist: coex firmware version: b6d5e8c[0m
[0;32mI (497) main_task: Started on CPU0[0m
[0;32mI (507) main_task: Calling app_main()[0m
[0;32mI (507) [WI-FI]: [APP] Startup..[0m
[0;32mI (507) [WI-FI]: [APP] Free memory: 227064 bytes[0m
[0;32mI (507) [WI-FI]: [APP] IDF version: v5.3-dev-262-g294c2bd70d[0m
[0;32mI (547) [I2C]: Module configuration successful![0m
[0;32mI (547) gpio: GPIO[19]| InputEn: 1| OutputEn: 0| OpenDrain: 0| Pullup: 1| Pulldown: 0| Intr:0 [0m
[0;32mI (547) gpio: GPIO[25]| InputEn: 1| OutputEn: 0| OpenDrain: 0| Pullup: 1| Pulldown: 0| Intr:0 [0m
[0;32mI (557) [SWITCH]: Configuration successful![0m
[0;32mI (24567) gpio: GPIO[33]| InputEn: 0| OutputEn: 1| OpenDrain: 0| Pullup: 0| Pulldown: 0| Intr:0 [0m
[0;32mI (24567) gpio: GPIO[32]| InputEn: 0| OutputEn: 1| OpenDrain: 0| Pullup: 0| Pulldown: 0| Intr:0 [0m
[0;32mI (24567) [LED]: LEDs configured![0m
[0;32mI (24577) BTDM_INIT: BT controller compile version [6458728][0m
[0;32mI (24587) BTDM_INIT: Bluetooth MAC: b4:e6:2d:ea:62:f7[0m
[0;32mI (24587) phy_init: phy_version 4780,16b31a7,Sep 22 2023,20:42:16[0m
[0;32mI (24987) GATTS_SERVER: REGISTER_APP_EVT_A, status 0, app_id 0
[0m
Booting ...
[0;33mW (24987) BT_BTM: BTM_BleWriteScanRsp, Partial data write into ADV[0m
[0;32mI (24997) GATTS_SERVER: CREATE_SERVICE_EVT, status 0,  service_handle 40
[0m
[0;32mI (24997) GATTS_SERVER: REGISTER_APP_EVT_B, status 0, app_id 1[0m
[0;31mE (25017) GATTS_SERVER: Advertisign started successfully![0m
[0;32mI (25017) GATTS_SERVER: SERVICE_START_EVT, status 0, service_handle 40
[0m
[0;32mI (25017) GATTS_SERVER: ADD_CHAR_EVT, status 0,  attr_handle 42, service_handle 40
[0m
[0;32mI (25027) GATTS_SERVER: the gatts demo char length = 3
[0m
[0;32mI (25037) GATTS_SERVER: prf_char[0] =11
[0m
[0;32mI (25037) GATTS_SERVER: prf_char[1] =22
[0m
[0;32mI (25047) GATTS_SERVER: prf_char[2] =33
[0m
[0;32mI (25047) GATTS_SERVER: CREATE_SERVICE_EVT, status 0,  service_handle 44[0m
[0;32mI (25057) GATTS_SERVER: ADD_DESCR_EVT, status 0, attr_handle 43, service_handle 40
[0m
[0;32mI (25067) GATTS_SERVER: SERVICE_START_EVT, status 0, service_handle 44[0m
[0;32mI (25067) GATTS_SERVER: ADD_CHAR_EVT, status 0,  attr_handle 46, service_handle 44[0m
[0;32mI (25077) GATTS_SERVER: ADD_DESCR_EVT, status 0, attr_handle 47, service_handle 44[0m
Hello there!
Gpio pin: 33

assert failed: xEventGroupWaitBits event_groups.c:344 (xEventGroup)


Backtrace: 0x400817ea:0x3ffbbf50 0x40091759:0x3ffbbf70 0x40096aa1:0x3ffbbf90 0x40092793:0x3ffbc0b0 0x400d8d27:0x3ffbc0e0 0x4017ccf3:0x3ffbc1f0




ELF file SHA256: 517492586

Rebooting...
ets Jun  8 2016 00:22:57

rst:0xc (SW_CPU_RESET),boot:0x13 (SPI_FAST_FLASH_BOOT)
configsip: 0, SPIWP:0xee
clk_drv:0x00,q_drv:0x00,d_drv:0x00,cs0_drv:0x00,hd_drv:0x00,wp_drv:0x00
mode:DIO, clock div:2
load:0x3fff0030,len:7140
load:0x40078000,len:15500
load:0x40080400,len:4
load:0x40080404,len:3904
entry 0x40080640
[0;32mI (29) boot: ESP-IDF v5.3-dev-262-g294c2bd70d 2nd stage bootloader[0m
[0;32mI (29) boot: compile time Feb  6 2024 14:09:42[0m
[0;32mI (31) boot: Multicore bootloader[0m
[0;32mI (35) boot: chip revision: v1.0[0m
[0;32mI (39) boot.esp32: SPI Speed      : 40MHz[0m
[0;32mI (43) boot.esp32: SPI Mode       : DIO[0m
[0;32mI (48) boot.esp32: SPI Flash Size : 4MB[0m
[0;32mI (52) boot: Enabling RNG early entropy source...[0m
[0;32mI (58) boot: Partition Table:[0m
[0;32mI (61) boot: ## Label            Usage          Type ST Offset   Length[0m
[0;32mI (69) boot:  0 nvs              WiFi data        01 02 00009000 00006000[0m
[0;32mI (76) boot:  1 phy_init         RF data          01 01 0000f000 00001000[0m
[0;32mI (84) boot:  2 factory          factory app      00 00 00010000 00200000[0m
[0;32mI (91) boot: End of partition table[0m
[0;32mI (95) esp_image: segment 0: paddr=00010020 vaddr=3f400020 size=36f44h (225092) map[0m
[0;32mI (150) esp_image: segment 1: paddr=00046f6c vaddr=3ffbdb60 size=04a00h ( 18944) load[0m
[0;32mI (155) esp_image: segment 2: paddr=0004b974 vaddr=40080000 size=046a4h ( 18084) load[0m
[0;32mI (161) esp_image: segment 3: paddr=00050020 vaddr=400d0020 size=aea94h (715412) map[0m
[0;32mI (312) esp_image: segment 4: paddr=000feabc vaddr=400846a4 size=14010h ( 81936) load[0m
[0;32mI (345) boot: Loaded app from partition at offset 0x10000[0m
[0;32mI (345) boot: Disabling RNG early entropy source...[0m
[0;32mI (357) cpu_start: Multicore app[0m
[0;32mI (365) cpu_start: Pro cpu start user code[0m
[0;32mI (366) cpu_start: cpu freq: 160000000 Hz[0m
[0;32mI (366) cpu_start: Application information:[0m
[0;32mI (369) cpu_start: Project name:     InteligentStationForGrowingPlan[0m
[0;32mI (376) cpu_start: App version:      c0c6b71-dirty[0m
[0;32mI (381) cpu_start: Compile time:     Feb  6 2024 16:55:54[0m
[0;32mI (387) cpu_start: ELF file SHA256:  517492586...[0m
[0;32mI (393) cpu_start: ESP-IDF:          v5.3-dev-262-g294c2bd70d[0m
[0;32mI (399) cpu_start: Min chip rev:     v0.0[0m
[0;32mI (404) cpu_start: Max chip rev:     v3.99 [0m
[0;32mI (408) cpu_start: Chip rev:         v1.0[0m
[0;32mI (414) heap_init: Initializing. RAM available for dynamic allocation:[0m
[0;32mI (421) heap_init: At 3FFAFF10 len 000000F0 (0 KiB): DRAM[0m
[0;32mI (426) heap_init: At 3FFB6388 len 00001C78 (7 KiB): DRAM[0m
[0;32mI (433) heap_init: At 3FFB9A20 len 00004108 (16 KiB): DRAM[0m
[0;32mI (439) heap_init: At 3FFC8578 len 00017A88 (94 KiB): DRAM[0m
[0;32mI (445) heap_init: At 3FFE0440 len 00003AE0 (14 KiB): D/IRAM[0m
[0;32mI (451) heap_init: At 3FFE4350 len 0001BCB0 (111 KiB): D/IRAM[0m
[0;32mI (458) heap_init: At 400986B4 len 0000794C (30 KiB): IRAM[0m
[0;32mI (465) spi_flash: detected chip: winbond[0m
[0;32mI (469) spi_flash: flash io: dio[0m
[0;33mW (473) i2c: This driver is an old driver, please migrate your application code to adapt `driver/i2c_master.h`[0m
[0;33mW (483) ADC: legacy driver is deprecated, please migrate to `esp_adc/adc_oneshot.h`[0m
[0;32mI (492) coexist: coex firmware version: b6d5e8c[0m
[0;32mI (497) main_task: Started on CPU0[0m
[0;32mI (507) main_task: Calling app_main()[0m
[0;32mI (507) [WI-FI]: [APP] Startup..[0m
[0;32mI (507) [WI-FI]: [APP] Free memory: 227064 bytes[0m
[0;32mI (507) [WI-FI]: [APP] IDF version: v5.3-dev-262-g294c2bd70d[0m
[0;32mI (547) [I2C]: Module configuration successful![0m
[0;32mI (547) gpio: GPIO[19]| InputEn: 1| OutputEn: 0| OpenDrain: 0| Pullup: 1| Pulldown: 0| Intr:0 [0m
[0;32mI (547) gpio: GPIO[25]| InputEn: 1| OutputEn: 0| OpenDrain: 0| Pullup: 1| Pulldown: 0| Intr:0 [0m
[0;32mI (557) [SWITCH]: Configuration successful![0m
[0;32mI (24567) gpio: GPIO[33]| InputEn: 0| OutputEn: 1| OpenDrain: 0| Pullup: 0| Pulldown: 0| Intr:0 [0m
[0;32mI (24567) gpio: GPIO[32]| InputEn: 0| OutputEn: 1| OpenDrain: 0| Pullup: 0| Pulldown: 0| Intr:0 [0m
[0;32mI (24567) [LED]: LEDs configured![0m
[0;32mI (24577) BTDM_INIT: BT controller compile version [6458728][0m
[0;32mI (24587) BTDM_INIT: Bluetooth MAC: b4:e6:2d:ea:62:f7[0m
[0;32mI (24587) phy_init: phy_version 4780,16b31a7,Sep 22 2023,20:42:16[0m
[0;32mI (24987) GATTS_SERVER: REGISTER_APP_EVT_A, status 0, app_id 0
[0m
Booting ...
[0;33mW (24997) BT_BTM: BTM_BleWriteScanRsp, Partial data write into ADV[0m
[0;32mI (24997) GATTS_SERVER: CREATE_SERVICE_EVT, status 0,  service_handle 40
[0m
[0;32mI (24997) GATTS_SERVER: REGISTER_APP_EVT_B, status 0, app_id 1[0m
[0;31mE (25027) GATTS_SERVER: Advertisign started successfully![0m
[0;32mI (25027) GATTS_SERVER: SERVICE_START_EVT, status 0, service_handle 40
[0m
[0;32mI (25027) GATTS_SERVER: ADD_CHAR_EVT, status 0,  attr_handle 42, service_handle 40
[0m
[0;32mI (25037) GATTS_SERVER: the gatts demo char length = 3
[0m
[0;32mI (25037) GATTS_SERVER: prf_char[0] =11
[0m
[0;32mI (25047) GATTS_SERVER: prf_char[1] =22
[0m
[0;32mI (25047) GATTS_SERVER: prf_char[2] =33
[0m
[0;32mI (25057) GATTS_SERVER: CREATE_SERVICE_EVT, status 0,  service_handle 44[0m
[0;32mI (25067) GATTS_SERVER: ADD_DESCR_EVT, status 0, attr_handle 43, service_handle 40
[0m
[0;32mI (25067) GATTS_SERVER: SERVICE_START_EVT, status 0, service_handle 44[0m
[0;32mI (25077) GATTS_SERVER: ADD_CHAR_EVT, status 0,  attr_handle 46, service_handle 44[0m
[0;32mI (25087) GATTS_SERVER: ADD_DESCR_EVT, status 0, attr_handle 47, service_handle 44[0m
Hello there!
Gpio pin: 33

assert failed: xEventGroupWaitBits event_groups.c:344 (xEventGroup)


Backtrace: 0x400817ea:0x3ffbbf50 0x40091759:0x3ffbbf70 0x40096aa1:0x3ffbbf90 0x40092793:0x3ffbc0b0 0x400d8d27:0x3ffbc0e0 0x4017ccf3:0x3ffbc1f0




ELF file SHA256: 517492586

Rebooting...
ets Jun  8 2016 00:22:57

rst:0xc (SW_CPU_RESET),boot:0x13 (SPI_FAST_FLASH_BOOT)
configsip: 0, SPIWP:0xee
clk_drv:0x00,q_drv:0x00,d_drv:0x00,cs0_drv:0x00,hd_drv:0x00,wp_drv:0x00
mode:DIO, clock div:2
load:0x3fff0030,len:7140
load:0x40078000,len:15500
load:0x40080400,len:4
load:0x40080404,len:3904
entry 0x40080640
[0;32mI (29) boot: ESP-IDF v5.3-dev-262-g294c2bd70d 2nd stage bootloader[0m
[0;32mI (29) boot: compile time Feb  6 2024 14:09:42[0m
[0;32mI (31) boot: Multicore bootloader[0m
[0;32mI (35) boot: chip revision: v1.0[0m
[0;32mI (39) boot.esp32: SPI Speed      : 40MHz[0m
[0;32mI (43) boot.esp32: SPI Mode       : DIO[0m
[0;32mI (48) boot.esp32: SPI Flash Size : 4MB[0m
[0;32mI (52) boot: Enabling RNG early entropy source...[0m
[0;32mI (58) boot: Partition Table:[0m
[0;32mI (61) boot: ## Label            Usage          Type ST Offset   Length[0m
[0;32mI (69) boot:  0 nvs              WiFi data        01 02 00009000 00006000[0m
[0;32mI (76) boot:  1 phy_init         RF data          01 01 0000f000 00001000[0m
[0;32mI (84) boot:  2 factory          factory app      00 00 00010000 00200000[0m
[0;32mI (91) boot: End of partition table[0m
[0;32mI (95) esp_image: segment 0: paddr=00010020 vaddr=3f400020 size=36f44h (225092) map[0m
[0;32mI (150) esp_image: segment 1: paddr=00046f6c vaddr=3ffbdb60 size=04a00h ( 18944) load[0m
[0;32mI (155) esp_image: segment 2: paddr=0004b974 vaddr=40080000 size=046a4h ( 18084) load[0m
[0;32mI (161) esp_image: segment 3: paddr=00050020 vaddr=400d0020 size=aea94h (715412) map[0m
[0;32mI (312) esp_image: segment 4: paddr=000feabc vaddr=400846a4 size=14010h ( 81936) load[0m
[0;32mI (345) boot: Loaded app from partition at offset 0x10000[0m
[0;32mI (345) boot: Disabling RNG early entropy source...[0m
[0;32mI (357) cpu_start: Multicore app[0m
[0;32mI (365) cpu_start: Pro cpu start user code[0m
[0;32mI (366) cpu_start: cpu freq: 160000000 Hz[0m
[0;32mI (366) cpu_start: Application information:[0m
[0;32mI (369) cpu_start: Project name:     InteligentStationForGrowingPlan[0m
[0;32mI (376) cpu_start: App version:      c0c6b71-dirty[0m
[0;32mI (381) cpu_start: Compile time:     Feb  6 2024 16:55:54[0m
[0;32mI (387) cpu_start: ELF file SHA256:  517492586...[0m
[0;32mI (393) cpu_start: ESP-IDF:          v5.3-dev-262-g294c2bd70d[0m
[0;32mI (399) cpu_start: Min chip rev:     v0.0[0m
[0;32mI (404) cpu_start: Max chip rev:     v3.99 [0m
[0;32mI (408) cpu_start: Chip rev:         v1.0[0m
[0;32mI (414) heap_init: Initializing. RAM available for dynamic allocation:[0m
[0;32mI (421) heap_init: At 3FFAFF10 len 000000F0 (0 KiB): DRAM[0m
[0;32mI (426) heap_init: At 3FFB6388 len 00001C78 (7 KiB): DRAM[0m
[0;32mI (433) heap_init: At 3FFB9A20 len 00004108 (16 KiB): DRAM[0m
[0;32mI (439) heap_init: At 3FFC8578 len 00017A88 (94 KiB): DRAM[0m
[0;32mI (445) heap_init: At 3FFE0440 len 00003AE0 (14 KiB): D/IRAM[0m
[0;32mI (451) heap_init: At 3FFE4350 len 0001BCB0 (111 KiB): D/IRAM[0m
[0;32mI (458) heap_init: At 400986B4 len 0000794C (30 KiB): IRAM[0m
[0;32mI (465) spi_flash: detected chip: winbond[0m
[0;32mI (469) spi_flash: flash io: dio[0m
[0;33mW (473) i2c: This driver is an old driver, please migrate your application code to adapt `driver/i2c_master.h`[0m
[0;33mW (483) ADC: legacy driver is deprecated, please migrate to `esp_adc/adc_oneshot.h`[0m
[0;32mI (492) coexist: coex firmware version: b6d5e8c[0m
[0;32mI (497) main_task: Started on CPU0[0m
[0;32mI (507) main_task: Calling app_main()[0m
[0;32mI (507) [WI-FI]: [APP] Startup..[0m
[0;32mI (507) [WI-FI]: [APP] Free memory: 227064 bytes[0m
[0;32mI (507) [WI-FI]: [APP] IDF version: v5.3-dev-262-g294c2bd70d[0m
[0;32mI (547) [I2C]: Module configuration successful![0m
[0;32mI (547) gpio: GPIO[19]| InputEn: 1| OutputEn: 0| OpenDrain: 0| Pullup: 1| Pulldown: 0| Intr:0 [0m
[0;32mI (547) gpio: GPIO[25]| InputEn: 1| OutputEn: 0| OpenDrain: 0| Pullup: 1| Pulldown: 0| Intr:0 [0m
[0;32mI (557) [SWITCH]: Configuration successful![0m
[0;32mI (24567) gpio: GPIO[33]| InputEn: 0| OutputEn: 1| OpenDrain: 0| Pullup: 0| Pulldown: 0| Intr:0 [0m
[0;32mI (24567) gpio: GPIO[32]| InputEn: 0| OutputEn: 1| OpenDrain: 0| Pullup: 0| Pulldown: 0| Intr:0 [0m
[0;32mI (24567) [LED]: LEDs configured![0m
[0;32mI (24577) BTDM_INIT: BT controller compile version [6458728][0m
[0;32mI (24587) BTDM_INIT: Bluetooth MAC: b4:e6:2d:ea:62:f7[0m
[0;32mI (24587) phy_init: phy_version 4780,16b31a7,Sep 22 2023,20:42:16[0m
[0;32mI (24977) GATTS_SERVER: REGISTER_APP_EVT_A, status 0, app_id 0
[0m
Booting ...
[0;33mW (24987) BT_BTM: BTM_BleWriteScanRsp, Partial data write into ADV[0m
[0;32mI (24997) GATTS_SERVER: CREATE_SERVICE_EVT, status 0,  service_handle 40
[0m
[0;32mI (24997) GATTS_SERVER: REGISTER_APP_EVT_B, status 0, app_id 1[0m
[0;31mE (25017) GATTS_SERVER: Advertisign started successfully![0m
[0;32mI (25017) GATTS_SERVER: SERVICE_START_EVT, status 0, service_handle 40
[0m
[0;32mI (25017) GATTS_SERVER: ADD_CHAR_EVT, status 0,  attr_handle 42, service_handle 40
[0m
[0;32mI (25027) GATTS_SERVER: the gatts demo char length = 3
[0m
[0;32mI (25037) GATTS_SERVER: prf_char[0] =11
[0m
[0;32mI (25037) GATTS_SERVER: prf_char[1] =22
[0m
[0;32mI (25047) GATTS_SERVER: prf_char[2] =33
[0m
[0;32mI (25047) GATTS_SERVER: CREATE_SERVICE_EVT, status 0,  service_handle 44[0m
[0;32mI (25057) GATTS_SERVER: ADD_DESCR_EVT, status 0, attr_handle 43, service_handle 40
[0m
[0;32mI (25067) GATTS_SERVER: SERVICE_START_EVT, status 0, service_handle 44[0m
[0;32mI (25067) GATTS_SERVER: ADD_CHAR_EVT, status 0,  attr_handle 46, service_handle 44[0m
[0;32mI (25077) GATTS_SERVER: ADD_DESCR_EVT, status 0, attr_handle 47, service_handle 44[0m
Hello there!
Gpio pin: 33

assert failed: xEventGroupWaitBits event_groups.c:344 (xEventGroup)


Backtrace: 0x400817ea:0x3ffbbf50 0x40091759:0x3ffbbf70 0x40096aa1:0x3ffbbf90 0x40092793:0x3ffbc0b0 0x400d8d27:0x3ffbc0e0 0x4017ccf3:0x3ffbc1f0




ELF file SHA256: 517492586

Rebooting...
ets Jun  8 2016 00:22:57

rst:0xc (SW_CPU_RESET),boot:0x13 (SPI_FAST_FLASH_BOOT)
configsip: 0, SPIWP:0xee
clk_drv:0x00,q_drv:0x00,d_drv:0x00,cs0_drv:0x00,hd_drv:0x00,wp_drv:0x00
mode:DIO, clock div:2
load:0x3fff0030,len:7140
load:0x40078000,len:15500
load:0x40080400,len:4
load:0x40080404,len:3904
entry 0x40080640
[0;32mI (29) boot: ESP-IDF v5.3-dev-262-g294c2bd70d 2nd stage bootloader[0m
[0;32mI (29) boot: compile time Feb  6 2024 14:09:42[0m
[0;32mI (31) boot: Multicore bootloader[0m
[0;32mI (35) boot: chip revision: v1.0[0m
[0;32mI (39) boot.esp32: SPI Speed      : 40MHz[0m
[0;32mI (43) boot.esp32: SPI Mode       : DIO[0m
[0;32mI (48) boot.esp32: SPI Flash Size : 4MB[0m
[0;32mI (52) boot: Enabling RNG early entropy source...[0m
[0;32mI (58) boot: Partition Table:[0m
[0;32mI (61) boot: ## Label            Usage          Type ST Offset   Length[0m
[0;32mI (69) boot:  0 nvs              WiFi data        01 02 00009000 00006000[0m
[0;32mI (76) boot:  1 phy_init         RF data          01 01 0000f000 00001000[0m
[0;32mI (84) boot:  2 factory          factory app      00 00 00010000 00200000[0m
[0;32mI (91) boot: End of partition table[0m
[0;32mI (95) esp_image: segment 0: paddr=00010020 vaddr=3f400020 size=36f44h (225092) map[0m
