[0;32mI (260) esp_image: segment 4: paddr=000ï¿½ets Jun  8 2016 00:22:57

rst:0x1 (POWERON_RESET),boot:0x13 (SPI_FAST_FLASH_BOOT)
configsip: 0, SPIWP:0xee
clk_drv:0x00,q_drv:0x00,d_drv:0x00,cs0_drv:0x00,hd_drv:0x00,wp_drv:0x00
mode:DIO, clock div:2
load:0x3fff0030,len:7140
load:0x40078000,len:15500
load:0x40080400,len:4
load:0x40080404,len:3904
entry 0x40080640
[0;32mI (29) boot: ESP-IDF v5.3-dev-262-g294c2bd70d 2nd stage bootloader[0m
[0;32mI (29) boot: compile time Feb  1 2024 17:42:17[0m
[0;32mI (30) boot: Multicore bootloader[0m
[0;32mI (34) boot: chip revision: v1.0[0m
[0;32mI (38) boot.esp32: SPI Speed      : 40MHz[0m
[0;32mI (43) boot.esp32: SPI Mode       : DIO[0m
[0;32mI (47) boot.esp32: SPI Flash Size : 4MB[0m
[0;32mI (52) boot: Enabling RNG early entropy source...[0m
[0;32mI (57) boot: Partition Table:[0m
[0;32mI (61) boot: ## Label            Usage          Type ST Offset   Length[0m
[0;32mI (68) boot:  0 nvs              WiFi data        01 02 00009000 00006000[0m
[0;32mI (76) boot:  1 phy_init         RF data          01 01 0000f000 00001000[0m
[0;32mI (83) boot:  2 factory          factory app      00 00 00010000 00200000[0m
[0;32mI (91) boot: End of partition table[0m
[0;32mI (95) esp_image: segment 0: paddr=00010020 vaddr=3f400020 size=242b4h (148148) map[0m
[0;32mI (134) esp_image: segment 1: paddr=000342dc vaddr=3ffbdb60 size=05424h ( 21540) load[0m
[0;32mI (139) esp_image: segment 2: paddr=00039708 vaddr=40080000 size=06910h ( 26896) load[0m
[0;32mI (146) esp_image: segment 3: paddr=00040020 vaddr=400d0020 size=84a44h (543300) map[0m
[0;32mI (260) esp_image: segment 4: paddr=000c4a6c vaddr=40086910 size=12714h ( 75540) load[0m
[0;32mI (292) boot: Loaded app from partition at offset 0x10000[0m
[0;32mI (292) boot: Disabling RNG early entropy source...[0m
[0;32mI (304) cpu_start: Multicore app[0m
[0;32mI (313) cpu_start: Pro cpu start user code[0m
[0;32mI (313) cpu_start: cpu freq: 160000000 Hz[0m
[0;32mI (313) cpu_start: Application information:[0m
[0;32mI (316) cpu_start: Project name:     InteligentStationForGrowingPlan[0m
[0;32mI (323) cpu_start: App version:      ea6fe41-dirty[0m
[0;32mI (328) cpu_start: Compile time:     Feb  1 2024 17:42:20[0m
[0;32mI (334) cpu_start: ELF file SHA256:  8cb3e341c...[0m
[0;32mI (340) cpu_start: ESP-IDF:          v5.3-dev-262-g294c2bd70d[0m
[0;32mI (346) cpu_start: Min chip rev:     v0.0[0m
[0;32mI (351) cpu_start: Max chip rev:     v3.99 [0m
[0;32mI (356) cpu_start: Chip rev:         v1.0[0m
[0;32mI (361) heap_init: Initializing. RAM available for dynamic allocation:[0m
[0;32mI (368) heap_init: At 3FFAE6E0 len 0000F480 (61 KiB): DRAM[0m
[0;32mI (374) heap_init: At 3FFC7238 len 00018DC8 (99 KiB): DRAM[0m
[0;32mI (380) heap_init: At 3FFE0440 len 00003AE0 (14 KiB): D/IRAM[0m
[0;32mI (386) heap_init: At 3FFE4350 len 0001BCB0 (111 KiB): D/IRAM[0m
[0;32mI (393) heap_init: At 40099024 len 00006FDC (27 KiB): IRAM[0m
[0;32mI (400) spi_flash: detected chip: winbond[0m
[0;32mI (403) spi_flash: flash io: dio[0m
[0;33mW (408) i2c: This driver is an old driver, please migrate your application code to adapt `driver/i2c_master.h`[0m
[0;32mI (419) coexist: coex firmware version: b6d5e8c[0m
[0;32mI (424) main_task: Started on CPU0[0m
[0;32mI (434) main_task: Calling app_main()[0m
[0;32mI (464) [I2C]: Module configuration successful![0m
[0;32mI (464) gpio: GPIO[19]| InputEn: 1| OutputEn: 0| OpenDrain: 0| Pullup: 1| Pulldown: 0| Intr:3 [0m
[0;32mI (464) gpio: GPIO[25]| InputEn: 1| OutputEn: 0| OpenDrain: 0| Pullup: 1| Pulldown: 0| Intr:3 [0m
[0;32mI (474) [SWITCH]: Configuration successful![0m
[0;32mI (13894) gpio: GPIO[33]| InputEn: 0| OutputEn: 1| OpenDrain: 0| Pullup: 0| Pulldown: 0| Intr:0 [0m
[0;32mI (13894) gpio: GPIO[32]| InputEn: 0| OutputEn: 1| OpenDrain: 0| Pullup: 0| Pulldown: 0| Intr:0 [0m
[0;32mI (13904) [LED]: LEDs configured![0m
I (13914) wifi:wifi driver task: 3ffb95ac, prio:23, stack:6656, core=0
I (13934) wifi:wifi firmware version: a194738
I (13934) wifi:wifi certification version: v7.0
I (13934) wifi:config NVS flash: enabled
I (13934) wifi:config nano formating: disabled
I (13934) wifi:Init data frame dynamic rx buffer num: 32
I (13944) wifi:Init static rx mgmt buffer num: 5
I (13944) wifi:Init management short buffer num: 32
I (13954) wifi:Init dynamic tx buffer num: 32
I (13954) wifi:Init static rx buffer size: 1600
I (13964) wifi:Init static rx buffer num: 10
I (13964) wifi:Init dynamic rx buffer num: 32
[0;32mI (13964) wifi_init: rx ba win: 6[0m
[0;32mI (13974) wifi_init: tcpip mbox: 32[0m
[0;32mI (13974) wifi_init: udp mbox: 6[0m
[0;32mI (13984) wifi_init: tcp mbox: 6[0m
[0;32mI (13984) wifi_init: tcp tx win: 5760[0m
[0;32mI (13984) wifi_init: tcp rx win: 5760[0m
[0;32mI (13994) wifi_init: tcp mss: 1440[0m
[0;32mI (13994) wifi_init: WiFi IRAM OP enabled[0m
[0;32mI (14004) wifi_init: WiFi RX IRAM OP enabled[0m
[0;32mI (14014) phy_init: phy_version 4780,16b31a7,Sep 22 2023,20:42:16[0m
I (14094) wifi:mode : sta (b4:e6:2d:ea:62:f5)
I (14094) wifi:enable tsf
Gpio pin: 33
Greeting user
[0;32mI (14104) [WI-FI]: Wifi started![0m
[0;32mI (16514) [WI-FI]: Reconnecting to wifi ...[0m
[0;32mI (17104) main_task: Returned from app_main()[0m
[0;32mI (18934) [WI-FI]: Reconnecting to wifi ...[0m
[0;32mI (21344) [WI-FI]: Reconnecting to wifi ...[0m
[0;32mI (23764) [WI-FI]: Reconnecting to wifi ...[0m
[0;32mI (26174) [WI-FI]: Reconnecting to wifi ...[0m
[0;32mI (28594) [WI-FI]: Reconnecting to wifi ...[0m
[0;32mI (31004) [WI-FI]: Reconnecting to wifi ...[0m
[0;32mI (33424) [WI-FI]: Reconnecting to wifi ...[0m
[0;32mI (35834) [WI-FI]: Reconnecting to wifi ...[0m
[0;32mI (38254) [WI-FI]: Reconnecting to wifi ...[0m
[0;32mI (40664) [WI-FI]: Reconnecting to wifi ...[0m
[0;32mI (43084) [WI-FI]: Reconnecting to wifi ...[0m
[0;32mI (45494) [WI-FI]: Reconnecting to wifi ...[0m
[0;32mI (47914) [WI-FI]: Reconnecting to wifi ...[0m
[0;32mI (50324) [WI-FI]: Reconnecting to wifi ...[0m
[0;32mI (52744) [WI-FI]: Reconnecting to wifi ...[0m
[0;32mI (55154) [WI-FI]: Reconnecting to wifi ...[0m
[0;32mI (57574) [WI-FI]: Reconnecting to wifi ...[0m
[0;32mI (59984) [WI-FI]: Reconnecting to wifi ...[0m
C8 (99 KiB): DRAM[0m
[0;32mI (380) heap_init: At 3FFE0440 len003AE0 (14 KiB): D/IRAM[0m
[0;32mI (386) heap_init: At 3FFE4350 len 0001BCB0 (111 KiB): D/IRAM[0m
[0;32mI (393) heap_init: At 40099024 len 00006FDC (27 KiB): IRAM[0mï¿½ets Jun  8 2016 00:22:57

rst:0x1 (POWERON_RESET),boot:0x13 (SPI_FAST_FLASH_BOOT)
configsip: 0, SPIWP:0xee
clk_drv:0x00,q_drv:0x00,d_drv:0x00,cs0_drv:0x00,hd_drv:0x00,wp_drv:0x00
mode:DIO, clock div:2
load:0x3fff0030,len:7140
load:0x40078000,len:15500
load:0x40080400,len:4
load:0x40080404,len:3904
entry 0x40080640
[0;32mI (29) boot: ESP-IDF v5.3-dev-262-g294c2bd70d 2nd stage bootloader[0m
[0;32mI (29) boot: compile time Feb  1 2024 17:42:17[0m
[0;32mI (30) boot: Multicore bootloader[0m
[0;32mI (34) boot: chip revision: v1.0[0m
[0;32mI (38) boot.esp32: SPI Speed      : 40MHz[0m
[0;32mI (43) boot.esp32: SPI Mode       : DIO[0m
[0;32mI (47) boot.esp32: SPI Flash Size : 4MB[0m
[0;32mI (52) boot: Enabling RNG early entropy source...[0m
[0;32mI (57) boot: Partition Table:[0m
[0;32mI (61) boot: ## Label            Usage          Type ST Offset   Length[0m
[0;32mI (68) boot:  0 nvs              WiFi data        01 02 00009000 00006000[0m
[0;32mI (76) boot:  1 phy_init         RF data          01 01 0000f000 00001000[0m
[0;32mI (83) boot:  2 factory          factory app      00 00 00010000 00200000[0m
[0;32mI (91) boot: End of partition table[0m
[0;32mI (95) esp_image: segment 0: paddr=00010020 vaddr=3f400020 size=242b4h (148148) map[0m
[0;32mI (134) esp_image: segment 1: paddr=000342dc vaddr=3ffbdb60 size=05424h ( 21540) load[0m
[0;32mI (139) esp_image: segment 2: paddr=00039708 vaddr=40080000 size=06910h ( 26896) load[0m
[0;32mI (146) esp_image: segment 3: paddr=00040020 vaddr=400d0020 size=84a44h (543300) map[0m
[0;32mI (260) esp_image: segment 4: paddr=000c4a6c vaddr=40086910 size=12714h ( 75540) load[0m
[0;32mI (292) boot: Loaded app from partition at offset 0x10000[0m
[0;32mI (292) boot: Disabling RNG early entropy source...[0m
[0;32mI (304) cpu_start: Multicore app[0m
[0;32mI (312) cpu_start: Pro cpu start user code[0m
[0;32mI (313) cpu_start: cpu freq: 160000000 Hz[0m
[0;32mI (313) cpu_start: Application information:[0m
[0;32mI (316) cpu_start: Project name:     InteligentStationForGrowingPlan[0m
[0;32mI (323) cpu_start: App version:      ea6fe41-dirty[0m
[0;32mI (328) cpu_start: Compile time:     Feb  1 2024 17:42:20[0m
[0;32mI (334) cpu_start: ELF file SHA256:  8cb3e341c...[0m
[0;32mI (340) cpu_start: ESP-IDF:          v5.3-dev-262-g294c2bd70d[0m
[0;32mI (346) cpu_start: Min chip rev:     v0.0[0m
[0;32mI (351) cpu_start: Max chip rev:     v3.99 [0m
[0;32mI (356) cpu_start: Chip rev:         v1.0[0m
[0;32mI (361) heap_init: Initializing. RAM available for dynamic allocation:[0m
[0;32mI (368) heap_init: At 3FFAE6E0 len 0000F480 (61 KiB): DRAM[0m
[0;32mI (374) heap_init: At 3FFC7238 len 00018DC8 (99 KiB): DRAM[0m
[0;32mI (380) heap_init: At 3FFE0440 len 00003AE0 (14 KiB): D/IRAM[0m
[0;32mI (386) heap_init: At 3FFE4350 len 0001BCB0 (111 KiB): D/IRAM[0m
[0;32mI (393) heap_init: At 40099024 len 00006FDC (27 KiB): IRAM[0m
[0;32mI (400) spi_flash: detected chip: winbond[0m
[0;32mI (403) spi_flash: flash io: dio[0m
[0;33mW (408) i2c: This driver is an old driver, please migrate your application code to adapt `driver/i2c_master.h`[0m
[0;32mI (419) coexist: coex firmware version: b6d5e8c[0m
[0;32mI (424) main_task: Started on CPU0[0m
[0;32mI (434) main_task: Calling app_main()[0m
[0;32mI (464) [I2C]: Module configuration successful![0m
[0;32mI (464) gpio: GPIO[19]| InputEn: 1| OutputEn: 0| OpenDrain: 0| Pullup: 1| Pulldown: 0| Intr:3 [0m
[0;32mI (464) gpio: GPIO[25]| InputEn: 1| OutputEn: 0| OpenDrain: 0| Pullup: 1| Pulldown: 0| Intr:3 [0m
[0;32mI (474) [SWITCH]: Configuration successful![0m
[0;32mI (24484) gpio: GPIO[33]| InputEn: 0| OutputEn: 1| OpenDrain: 0| Pullup: 0| Pulldown: 0| Intr:0 [0m
[0;32mI (24484) gpio: GPIO[32]| InputEn: 0| OutputEn: 1| OpenDrain: 0| Pullup: 0| Pulldown: 0| Intr:0 [0m
[0;32mI (24484) [LED]: LEDs configured![0m
I (24504) wifi:wifi driver task: 3ffb95ac, prio:23, stack:6656, core=0
I (24514) wifi:wifi firmware version: a194738
I (24524) wifi:wifi certification version: v7.0
I (24524) wifi:config NVS flash: enabled
I (24524) wifi:config nano formating: disabled
I (24524) wifi:Init data frame dynamic rx buffer num: 32
I (24534) wifi:Init static rx mgmt buffer num: 5
I (24534) wifi:Init management short buffer num: 32
I (24534) wifi:Init dynamic tx buffer num: 32
I (24544) wifi:Init static rx buffer size: 1600
I (24544) wifi:Init static rx buffer num: 10
I (24554) wifi:Init dynamic rx buffer num: 32
[0;32mI (24554) wifi_init: rx ba win: 6[0m
[0;32mI (24554) wifi_init: tcpip mbox: 32[0m
[0;32mI (24564) wifi_init: udp mbox: 6[0m
[0;32mI (24564) wifi_init: tcp mbox: 6[0m
[0;32mI (24574) wifi_init: tcp tx win: 5760[0m
[0;32mI (24574) wifi_init: tcp rx win: 5760[0m
[0;32mI (24584) wifi_init: tcp mss: 1440[0m
[0;32mI (24584) wifi_init: WiFi IRAM OP enabled[0m
[0;32mI (24584) wifi_init: WiFi RX IRAM OP enabled[0m
[0;32mI (24594) phy_init: phy_version 4780,16b31a7,Sep 22 2023,20:42:16[0m
I (24684) wifi:mode : sta (b4:e6:2d:ea:62:f5)
I (24684) wifi:enable tsf
Gpio pin: 33
Greeting user
[0;32mI (24684) [WI-FI]: Wifi started![0m
[0;32mI (27104) [WI-FI]: Reconnecting to wifi ...[0m
[0;32mI (27684) main_task: Returned from app_main()[0m
[0;32mI (29514) [WI-FI]: Reconnecting to wifi ...[0m
[0;32mI (31934) [WI-FI]: Reconnecting to wifi ...[0m
[0;32mI (34344) [WI-FI]: Reconnecting to wifi ...[0m
[0;32mI (36764) [WI-FI]: Reconnecting to wifi ...[0m
[0;32mI (39174) [WI-FI]: Reconnecting to wifi ...[0m
[0;32mI (41594) [WI-FI]: Reconnecting to wifi ...[0m
