[0;32mI (414) boot: Loaded app from partition at offset 0x10000[0m
[0;32mI (414) boot: Disabling RNG early entropy source...[0m
[0;32mI (426) cï¿½ets Jul 29 2019 12:21:46

rst:0x1 (POWERON_RESET),boot:0x13 (SPI_FAST_FLASH_BOOT)
configsip: 0, SPIWP:0xee
clk_drv:0x00,q_drv:0x00,d_drv:0x00,cs0_drv:0x00,hd_drv:0x00,wp_drv:0x00
mode:DIO, clock div:2
load:0x3fff0030,len:7140
load:0x40078000,len:15500
load:0x40080400,len:4
load:0x40080404,len:3904
entry 0x40080640
[0;32mI (29) boot: ESP-IDF v5.3-dev-262-g294c2bd70d 2nd stage bootloader[0m
[0;32mI (29) boot: compile time Dec 14 2023 19:21:26[0m
[0;32mI (31) boot: Multicore bootloader[0m
[0;32mI (35) boot: chip revision: v3.0[0m
[0;32mI (39) boot.esp32: SPI Speed      : 40MHz[0m
[0;32mI (44) boot.esp32: SPI Mode       : DIO[0m
[0;32mI (48) boot.esp32: SPI Flash Size : 4MB[0m
[0;32mI (53) boot: Enabling RNG early entropy source...[0m
[0;32mI (58) boot: Partition Table:[0m
[0;32mI (62) boot: ## Label            Usage          Type ST Offset   Length[0m
[0;32mI (69) boot:  0 nvs              WiFi data        01 02 00009000 00006000[0m
[0;32mI (76) boot:  1 phy_init         RF data          01 01 0000f000 00001000[0m
[0;32mI (84) boot:  2 factory          factory app      00 00 00010000 00200000[0m
[0;32mI (91) boot: End of partition table[0m
[0;32mI (96) esp_image: segment 0: paddr=00010020 vaddr=3f400020 size=3c688h (247432) map[0m
[0;32mI (155) esp_image: segment 1: paddr=0004c6b0 vaddr=3ffbdb60 size=03968h ( 14696) load[0m
[0;32mI (159) esp_image: segment 2: paddr=00050020 vaddr=400d0020 size=ec290h (967312) map[0m
[0;32mI (360) esp_image: segment 3: paddr=0013c2b8 vaddr=3ffc14c8 size=020d0h (  8400) load[0m
[0;32mI (362) esp_image: segment 4: paddr=0013e390 vaddr=40080000 size=1f368h (127848) load[0m
[0;32mI (414) boot: Loaded app from partition at offset 0x10000[0m
[0;32mI (414) boot: Disabling RNG early entropy source...[0m
[0;32mI (426) cpu_start: Multicore app[0m
[0;32mI (434) cpu_start: Pro cpu start user code[0m
[0;32mI (434) cpu_start: cpu freq: 160000000 Hz[0m
[0;32mI (434) cpu_start: Application information:[0m
[0;32mI (437) cpu_start: Project name:     InteligentStationForGrowingPlan[0m
[0;32mI (444) cpu_start: App version:      821bba1-dirty[0m
[0;32mI (450) cpu_start: Compile time:     Dec 14 2023 19:21:16[0m
[0;32mI (456) cpu_start: ELF file SHA256:  defff4c50...[0m
[0;32mI (461) cpu_start: ESP-IDF:          v5.3-dev-262-g294c2bd70d[0m
[0;32mI (468) cpu_start: Min chip rev:     v0.0[0m
[0;32mI (473) cpu_start: Max chip rev:     v3.99 [0m
[0;32mI (477) cpu_start: Chip rev:         v3.0[0m
[0;32mI (482) heap_init: Initializing. RAM available for dynamic allocation:[0m
[0;32mI (489) heap_init: At 3FFAFF10 len 000000F0 (0 KiB): DRAM[0m
[0;32mI (495) heap_init: At 3FFB6388 len 00001C78 (7 KiB): DRAM[0m
[0;32mI (501) heap_init: At 3FFB9A20 len 00004108 (16 KiB): DRAM[0m
[0;32mI (508) heap_init: At 3FFCBC40 len 000143C0 (80 KiB): DRAM[0m
[0;32mI (514) heap_init: At 3FFE0440 len 00003AE0 (14 KiB): D/IRAM[0m
[0;32mI (520) heap_init: At 3FFE4350 len 0001BCB0 (111 KiB): D/IRAM[0m
[0;32mI (527) heap_init: At 4009F368 len 00000C98 (3 KiB): IRAM[0m
[0;32mI (534) spi_flash: detected chip: generic[0m
[0;32mI (537) spi_flash: flash io: dio[0m
[0;32mI (542) coexist: coex firmware version: b6d5e8c[0m
[0;32mI (547) main_task: Started on CPU0[0m
[0;32mI (557) main_task: Calling app_main()[0m
I (607) wifi:wifi driver task: 3ffd01d4, prio:23, stack:6656, core=0
I (627) wifi:wifi firmware version: a194738
I (627) wifi:wifi certification version: v7.0
I (627) wifi:config NVS flash: enabled
I (627) wifi:config nano formating: disabled
I (637) wifi:Init data frame dynamic rx buffer num: 32
I (637) wifi:Init static rx mgmt buffer num: 5
I (647) wifi:Init management short buffer num: 32
I (647) wifi:Init dynamic tx buffer num: 32
I (647) wifi:Init static rx buffer size: 1600
I (657) wifi:Init static rx buffer num: 10
I (657) wifi:Init dynamic rx buffer num: 32
[0;32mI (667) wifi_init: rx ba win: 6[0m
[0;32mI (667) wifi_init: tcpip mbox: 32[0m
[0;32mI (667) wifi_init: udp mbox: 6[0m
[0;32mI (677) wifi_init: tcp mbox: 6[0m
[0;32mI (677) wifi_init: tcp tx win: 5760[0m
[0;32mI (677) wifi_init: tcp rx win: 5760[0m
[0;32mI (687) wifi_init: tcp mss: 1440[0m
[0;32mI (687) wifi_init: WiFi IRAM OP enabled[0m
[0;32mI (697) wifi_init: WiFi RX IRAM OP enabled[0m
[0;32mI (707) phy_init: phy_version 4780,16b31a7,Sep 22 2023,20:42:16[0m
I (787) wifi:mode : sta (7c:87:ce:2f:58:60)
I (787) wifi:enable tsf
[0;32mI (787) WI-FI STATION: wifi_init_sta finished.[0m
I (807) wifi:new:<7,0>, old:<1,0>, ap:<255,255>, sta:<7,0>, prof:1
I (807) wifi:state: init -> auth (b0)
I (1807) wifi:state: auth -> init (200)
I (1807) wifi:new:<7,0>, old:<7,0>, ap:<255,255>, sta:<7,0>, prof:1
[0;32mI (2807) WI-FI STATION: Ponowna prÃ³ba poÅ‚Ä…czenia do sieci ...[0m
[0;32mI (2807) WI-FI STATION: Nie poÅ‚Ä…czono z sieciÄ…[0m
[0;32mI (6217) WI-FI STATION: Ponowna prÃ³ba poÅ‚Ä…czenia do sieci ...[0m
[0;32mI (6217) WI-FI STATION: Nie poÅ‚Ä…czono z sieciÄ…[0m
I (6217) wifi:new:<7,0>, old:<7,0>, ap:<255,255>, sta:<7,0>, prof:1
I (6227) wifi:state: init -> auth (b0)
I (6257) wifi:state: auth -> assoc (0)
I (6267) wifi:state: assoc -> run (10)
I (6287) wifi:connected with supertajnasiec, aid = 6, channel 7, BW20, bssid = 9e:5d:b7:cd:98:a6
I (6287) wifi:security: WPA2-PSK, phy: bgn, rssi: -38
I (6297) wifi:pm start, type: 1

I (6297) wifi:dp: 1, bi: 102400, li: 3, scale listen interval from 307200 us to 307200 us
I (6317) wifi:dp: 2, bi: 102400, li: 4, scale listen interval from 307200 us to 409600 us
I (6317) wifi:AP's beacon interval = 102400 us, DTIM period = 2
[0;32mI (7297) esp_netif_handlers: sta ip: 192.168.148.184, mask: 255.255.255.0, gw: 192.168.148.6[0m
[0;32mI (7297) WI-FI STATION: GOT IP: 192.168.148.184[0m
[0;32mI (7297) WI-FI STATION: CONNECTED[0m

PoÅ‚Ä…czono z sieciÄ…:
=====
SSID: supertajnasiec
Password: supertajnehaslo

[0;32mI (7307) MQTT: ESTABLISHING CONNECTION ...[0m
[0;32mI (7317) BTDM_INIT: BT controller compile version [6458728][0m
[0;32mI (7327) BTDM_INIT: Bluetooth MAC: 7c:87:ce:2f:58:62[0m
[0;32mI (7637) GATTS_SERVER: REGISTER_APP_EVT_A, status 0, app_id 0
[0m
[0;32mI (7657) main_task: Returned from app_main()[0m
I (7657) wifi:<ba-add>idx:0 (ifx:0, 9e:5d:b7:cd:98:a6), tid:0, ssn:3, winSize:64
[0;32mI (7657) GATTS_SERVER: CREATE_SERVICE_EVT, status 0,  service_handle 40
[0m
[0;32mI (7667) GATTS_SERVER: REGISTER_APP_EVT_B, status 0, app_id 1[0m
[0;32mI (7687) GATTS_SERVER: SERVICE_START_EVT, status 0, service_handle 40
[0m
[0;32mI (7687) GATTS_SERVER: ADD_CHAR_EVT, status 0,  attr_handle 42, service_handle 40
[0m
[0;32mI (7697) GATTS_SERVER: the gatts demo char length = 3
[0m
[0;32mI (7697) GATTS_SERVER: prf_char[0] =11
[0m
[0;32mI (7707) GATTS_SERVER: prf_char[1] =22
[0m
[0;32mI (7707) GATTS_SERVER: prf_char[2] =33
[0m
[0;32mI (7717) GATTS_SERVER: CREATE_SERVICE_EVT, status 0,  service_handle 44[0m
[0;32mI (7727) GATTS_SERVER: ADD_DESCR_EVT, status 0, attr_handle 43, service_handle 40
[0m
[0;32mI (7727) GATTS_SERVER: SERVICE_START_EVT, status 0, service_handle 44[0m
[0;32mI (7737) GATTS_SERVER: ADD_CHAR_EVT, status 0,  attr_handle 46, service_handle 44[0m
[0;32mI (7747) GATTS_SERVER: ADD_DESCR_EVT, status 0, attr_handle 47, service_handle 44[0m
[0;32mI (7957) MQTT: CONNECTION TO SERVER SUCCESSFUL[0m
[0;32mI (7957) MQTT: Sent publish successful, msg_id: 1[0m
[0;32mI (10967) MQTT: Sent publish successful, msg_id: 2[0m
