ets Jun  8 2016 00:22:57

rst:0x1 (POWERON_RESET),boot:0x13 (SPI_FAST_FLASH_BOOT)
configsip: 0, SPIWP:0xee
clk_drv:0x00,q_drv:0x00,d_drv:0x00,cs0_drv:0x00,hd_drv:0x00,wp_drv:0x00
mode:DIO, clock div:2
load:0x3fff0030,len:7140
load:0x40078000,len:15500
load:0x40080400,len:4
load:0x40080404,len:3904
entry 0x40080640
[0;32mI (28) boot: ESP-IDF v5.3-dev-262-g294c2bd70d 2nd stage bootloader[0m
[0;32mI (29) boot: compile time Dec 14 2023 19:21:26[0m
[0;32mI (30) boot: Multicore bootloader[0m
[0;32mI (34) boot: chip revision: v1.0[0m
[0;32mI (38) boot.esp32: SPI Speed      : 40MHz[0m
[0;32mI (43) boot.esp32: SPI Mode       : DIO[0m
[0;32mI (47) boot.esp32: SPI Flash Size : 4MB[0m
[0;32mI (52) boot: Enabling RNG early entropy source...[0m
[0;32mI (57) boot: Partition Table:[0m
[0;32mI (61) boot: ## Label            Usage          Type ST Offset   Length[0m
[0;32mI (68) boot:  0 nvs              WiFi data        01 02 00009000 00006000[0m
[0;32mI (75) boot:  1 phy_init         RF data          01 01 0000f000 00001000[0m
[0;32mI (83) boot:  2 factory          factory app      00 00 00010000 00200000[0m
[0;32mI (90) boot: End of partition table[0m
[0;32mI (95) esp_image: segment 0: paddr=00010020 vaddr=3f400020 size=3d4e8h (251112) map[0m
[0;32mI (155) esp_image: segment 1: paddr=0004d510 vaddr=3ffbdb60 size=02b08h ( 11016) load[0m
[0;32mI (158) esp_image: segment 2: paddr=00050020 vaddr=400d0020 size=ee744h (976708) map[0m
[0;32mI (362) esp_image: segment 3: paddr=0013e76c vaddr=3ffc0668 size=02f70h ( 12144) load[0m
[0;32mI (365) esp_image: segment 4: paddr=001416e4 vaddr=40080000 size=1f368h (127848) load[0m
[0;32mI (416) boot: Loaded app from partition at offset 0x10000[0m
[0;32mI (416) boot: Disabling RNG early entropy source...[0m
[0;32mI (427) cpu_start: Multicore app[0m
[0;32mI (436) cpu_start: Pro cpu start user code[0m
[0;32mI (436) cpu_start: cpu freq: 160000000 Hz[0m
[0;32mI (436) cpu_start: Application information:[0m
[0;32mI (439) cpu_start: Project name:     InteligentStationForGrowingPlan[0m
[0;32mI (446) cpu_start: App version:      821bba1-dirty[0m
[0;32mI (452) cpu_start: Compile time:     Dec 14 2023 19:21:16[0m
[0;32mI (458) cpu_start: ELF file SHA256:  9ecf83f0f...[0m
[0;32mI (463) cpu_start: ESP-IDF:          v5.3-dev-262-g294c2bd70d[0m
[0;32mI (470) cpu_start: Min chip rev:     v0.0[0m
[0;32mI (474) cpu_start: Max chip rev:     v3.99 [0m
[0;32mI (479) cpu_start: Chip rev:         v1.0[0m
[0;32mI (484) heap_init: Initializing. RAM available for dynamic allocation:[0m
[0;32mI (491) heap_init: At 3FFAFF10 len 000000F0 (0 KiB): DRAM[0m
[0;32mI (497) heap_init: At 3FFB6388 len 00001C78 (7 KiB): DRAM[0m
[0;32mI (503) heap_init: At 3FFB9A20 len 00004108 (16 KiB): DRAM[0m
[0;32mI (509) heap_init: At 3FFCBC88 len 00014378 (80 KiB): DRAM[0m
[0;32mI (516) heap_init: At 3FFE0440 len 00003AE0 (14 KiB): D/IRAM[0m
[0;32mI (522) heap_init: At 3FFE4350 len 0001BCB0 (111 KiB): D/IRAM[0m
[0;32mI (528) heap_init: At 4009F368 len 00000C98 (3 KiB): IRAM[0m
[0;32mI (536) spi_flash: detected chip: winbond[0m
[0;32mI (539) spi_flash: flash io: dio[0m
[0;32mI (544) coexist: coex firmware version: b6d5e8c[0m
[0;32mI (549) main_task: Started on CPU0[0m
[0;32mI (559) main_task: Calling app_main()[0m
I (599) wifi:wifi driver task: 3ffd0160, prio:23, stack:6656, core=0
I (619) wifi:wifi firmware version: a194738
I (619) wifi:wifi certification version: v7.0
I (619) wifi:config NVS flash: enabled
I (619) wifi:config nano formating: disabled
I (619) wifi:Init data frame dynamic rx buffer num: 32
I (629) wifi:Init static rx mgmt buffer num: 5
I (629) wifi:Init management short buffer num: 32
I (629) wifi:Init dynamic tx buffer num: 32
I (639) wifi:Init static rx buffer size: 1600
I (639) wifi:Init static rx buffer num: 10
I (649) wifi:Init dynamic rx buffer num: 32
[0;32mI (649) wifi_init: rx ba win: 6[0m
[0;32mI (649) wifi_init: tcpip mbox: 32[0m
[0;32mI (659) wifi_init: udp mbox: 6[0m
[0;32mI (659) wifi_init: tcp mbox: 6[0m
[0;32mI (659) wifi_init: tcp tx win: 5760[0m
[0;32mI (669) wifi_init: tcp rx win: 5760[0m
[0;32mI (669) wifi_init: tcp mss: 1440[0m
[0;32mI (679) wifi_init: WiFi IRAM OP enabled[0m
[0;32mI (679) wifi_init: WiFi RX IRAM OP enabled[0m
[0;32mI (689) phy_init: phy_version 4780,16b31a7,Sep 22 2023,20:42:16[0m
I (769) wifi:mode : sta (b4:e6:2d:ea:62:f5)
I (769) wifi:enable tsf
[0;32mI (779) WI-FI STATION: wifi_init_sta finished.[0m
I (789) wifi:new:<8,0>, old:<1,0>, ap:<255,255>, sta:<8,0>, prof:1
I (799) wifi:state: init -> auth (b0)
I (799) wifi:state: auth -> assoc (0)
I (799) wifi:state: assoc -> run (10)
I (839) wifi:connected with Guest_Wifi_2.4GHz, aid = 2, channel 8, BW20, bssid = 36:5d:9e:5f:38:95
I (839) wifi:security: WPA2-PSK, phy: bgn, rssi: -59
I (839) wifi:pm start, type: 1

I (839) wifi:dp: 1, bi: 102400, li: 3, scale listen interval from 307200 us to 307200 us
I (859) wifi:AP's beacon interval = 102400 us, DTIM period = 1
I (1479) wifi:<ba-add>idx:0 (ifx:0, 36:5d:9e:5f:38:95), tid:0, ssn:0, winSize:64
[0;32mI (2349) esp_netif_handlers: sta ip: 192.168.10.3, mask: 255.255.255.0, gw: 192.168.10.1[0m
[0;32mI (2349) WI-FI STATION: GOT IP: 192.168.10.3[0m
[0;32mI (2349) WI-FI STATION: CONNECTED[0m

PoÅ‚Ä…czono z sieciÄ…:
=====
SSID: Guest_Wifi_2.4GHz
Password: bc3vmep6743c3dkp

[0;32mI (2359) MQTT: ESTABLISHING CONNECTION ...[0m
[0;32mI (2369) BTDM_INIT: BT controller compile version [6458728][0m
[0;32mI (2379) BTDM_INIT: Bluetooth MAC: b4:e6:2d:ea:62:f7[0m
[0;32mI (2489) MQTT: CONNECTION TO SERVER SUCCESSFUL[0m
[0;32mI (2489) MQTT: Sent publish successful, msg_id: 1[0m
[0;32mI (2699) GATTS_SERVER: REGISTER_APP_EVT_A, status 0, app_id 0
[0m
ESP_ERROR_CHECK failed: esp_err_t 0x103 (ESP_ERR_INVALID_STATE) at 0x400d9f5d
file: "./main/ble-client.c" line 440
fu[0;32mI (2709) GATTS_SERVER: CREATE_SERVICE_EVT, status 0,  service_handle 40
[0m
[0;32mI (2719) GATTS_SERVER: REGISTER_APP_EVT_B, status 0, app_id 1[0m
nc: ble_client_run
expression: esp_bt_controller_mem_release(ESP_BT_MODE_CLASSIC_BT)

abort() was called at PC 0x40091be7 on core 0


Backtrace: 0x4008189e:0x3ffbc070 0x40091bf1:0x3ffbc090 0x40098ec5:0x3ffbc0b0 0x40091be7:0x3ffbc120 0x400d9f5d:0x3ffbc150 0x400da122:0x3ffbc1b0 0x401bc82b:0x3ffbc1d0 0x400926fd:0x3ffbc200




ELF file SHA256: 9ecf83f0f

Rebooting...
ets Jun  8 2016 00:22:57

rst:0xc (SW_CPU_RESET),boot:0x13 (SPI_FAST_FLASH_BOOT)
configsip: 0, SPIWP:0xee
clk_drv:0x00,q_drv:0x00,d_drv:0x00,cs0_drv:0x00,hd_drv:0x00,wp_drv:0x00
mode:DIO, clock div:2
load:0x3fff0030,len:7140
load:0x40078000,len:15500
load:0x40080400,len:4
load:0x40080404,len:3904
entry 0x40080640
[0;32mI (29) boot: ESP-IDF v5.3-dev-262-g294c2bd70d 2nd stage bootloader[0m
[0;32mI (29) boot: compile time Dec 14 2023 19:21:26[0m
[0;32mI (31) boot: Multicore bootloader[0m
[0;32mI (35) boot: chip revision: v1.0[0m
[0;32mI (39) boot.esp32: SPI Speed      : 40MHz[0m
[0;32mI (43) boot.esp32: SPI Mode       : DIO[0m
[0;32mI (48) boot.esp32: SPI Flash Size : 4MB[0m
[0;32mI (52) boot: Enabling RNG early entropy source...[0m
[0;32mI (58) boot: Partition Table:[0m
[0;32mI (61) boot: ## Label            Usage          Type ST Offset   Length[0m
[0;32mI (69) boot:  0 nvs              WiFi data        01 02 00009000 00006000[0m
[0;32mI (76) boot:  1 phy_init         RF data          01 01 0000f000 00001000[0m
[0;32mI (84) boot:  2 factory          factory app      00 00 00010000 00200000[0m
[0;32mI (91) boot: End of partition table[0m
[0;32mI (95) esp_image: segment 0: paddr=00010020 vaddr=3f400020 size=3d4e8h (251112) map[0m
[0;32mI (156) esp_image: segment 1: paddr=0004d510 vaddr=3ffbdb60 size=02b08h ( 11016) load[0m
[0;32mI (158) esp_image: segment 2: paddr=00050020 vaddr=400d0020 size=ee744h (976708) map[0m
[0;32mI (362) esp_image: segment 3: paddr=0013e76c vaddr=3ffc0668 size=02f70h ( 12144) load[0m
[0;32mI (365) esp_image: segment 4: paddr=001416e4 vaddr=40080000 size=1f368h (127848) load[0m
[0;32mI (416) boot: Loaded app from partition at offset 0x10000[0m
[0;32mI (417) boot: Disabling RNG early entropy source...[0m
[0;32mI (428) cpu_start: Multicore app[0m
[0;32mI (437) cpu_start: Pro cpu start user code[0m
[0;32mI (437) cpu_start: cpu freq: 160000000 Hz[0m
[0;32mI (437) cpu_start: Application information:[0m
[0;32mI (440) cpu_start: Project name:     InteligentStationForGrowingPlan[0m
[0;32mI (447) cpu_start: App version:      821bba1-dirty[0m
[0;32mI (453) cpu_start: Compile time:     Dec 14 2023 19:21:16[0m
[0;32mI (459) cpu_start: ELF file SHA256:  9ecf83f0f...[0m
[0;32mI (464) cpu_start: ESP-IDF:          v5.3-dev-262-g294c2bd70d[0m
[0;32mI (470) cpu_start: Min chip rev:     v0.0[0m
[0;32mI (475) cpu_start: Max chip rev:     v3.99 [0m
[0;32mI (480) cpu_start: Chip rev:         v1.0[0m
[0;32mI (485) heap_init: Initializing. RAM available for dynamic allocation:[0m
[0;32mI (492) heap_init: At 3FFAFF10 len 000000F0 (0 KiB): DRAM[0m
[0;32mI (498) heap_init: At 3FFB6388 len 00001C78 (7 KiB): DRAM[0m
[0;32mI (504) heap_init: At 3FFB9A20 len 00004108 (16 KiB): DRAM[0m
[0;32mI (510) heap_init: At 3FFCBC88 len 00014378 (80 KiB): DRAM[0m
[0;32mI (516) heap_init: At 3FFE0440 len 00003AE0 (14 KiB): D/IRAM[0m
[0;32mI (523) heap_init: At 3FFE4350 len 0001BCB0 (111 KiB): D/IRAM[0m
[0;32mI (529) heap_init: At 4009F368 len 00000C98 (3 KiB): IRAM[0m
[0;32mI (537) spi_flash: detected chip: winbond[0m
[0;32mI (540) spi_flash: flash io: dio[0m
[0;32mI (545) coexist: coex firmware version: b6d5e8c[0m
[0;32mI (550) main_task: Started on CPU0[0m
[0;32mI (560) main_task: Calling app_main()[0m
I (600) wifi:wifi driver task: 3ffd0160, prio:23, stack:6656, core=0
I (620) wifi:wifi firmware version: a194738
I (620) wifi:wifi certification version: v7.0
I (620) wifi:config NVS flash: enabled
I (620) wifi:config nano formating: disabled
I (620) wifi:Init data frame dynamic rx buffer num: 32
I (630) wifi:Init static rx mgmt buffer num: 5
I (630) wifi:Init management short buffer num: 32
I (630) wifi:Init dynamic tx buffer num: 32
I (640) wifi:Init static rx buffer size: 1600
I (640) wifi:Init static rx buffer num: 10
I (650) wifi:Init dynamic rx buffer num: 32
[0;32mI (650) wifi_init: rx ba win: 6[0m
[0;32mI (650) wifi_init: tcpip mbox: 32[0m
[0;32mI (660) wifi_init: udp mbox: 6[0m
[0;32mI (660) wifi_init: tcp mbox: 6[0m
[0;32mI (660) wifi_init: tcp tx win: 5760[0m
[0;32mI (670) wifi_init: tcp rx win: 5760[0m
[0;32mI (670) wifi_init: tcp mss: 1440[0m
[0;32mI (680) wifi_init: WiFi IRAM OP enabled[0m
[0;32mI (680) wifi_init: WiFi RX IRAM OP enabled[0m
[0;32mI (690) phy_init: phy_version 4780,16b31a7,Sep 22 2023,20:42:16[0m
I (770) wifi:mode : sta (b4:e6:2d:ea:62:f5)
I (780) wifi:enable tsf
[0;32mI (780) WI-FI STATION: wifi_init_sta finished.[0m
I (790) wifi:new:<8,0>, old:<1,0>, ap:<255,255>, sta:<8,0>, prof:1
I (790) wifi:state: init -> auth (b0)
I (800) wifi:state: auth -> assoc (0)
I (800) wifi:state: assoc -> run (10)
I (830) wifi:connected with Guest_Wifi_2.4GHz, aid = 2, channel 8, BW20, bssid = 36:5d:9e:5f:38:95
I (830) wifi:security: WPA2-PSK, phy: bgn, rssi: -60
I (840) wifi:pm start, type: 1

I (840) wifi:dp: 1, bi: 102400, li: 3, scale listen interval from 307200 us to 307200 us
I (850) wifi:AP's beacon interval = 102400 us, DTIM period = 1
I (860) wifi:<ba-add>idx:0 (ifx:0, 36:5d:9e:5f:38:95), tid:0, ssn:0, winSize:64
[0;32mI (1850) esp_netif_handlers: sta ip: 192.168.10.3, mask: 255.255.255.0, gw: 192.168.10.1[0m
[0;32mI (1850) WI-FI STATION: GOT IP: 192.168.10.3[0m
[0;32mI (1850) WI-FI STATION: CONNECTED[0m

PoÅ‚Ä…czono z sieciÄ…:
=====
SSID: Guest_Wifi_2.4GHz
Password: bc3vmep6743c3dkp

[0;32mI (1860) MQTT: ESTABLISHING CONNECTION ...[0m
[0;32mI (1870) BTDM_INIT: BT controller compile version [6458728][0m
[0;32mI (1870) BTDM_INIT: Bluetooth MAC: b4:e6:2d:ea:62:f7[0m
[0;32mI (2020) MQTT: CONNECTION TO SERVER SUCCESSFUL[0m
[0;32mI (2020) MQTT: Sent publish successful, msg_id: 1[0m
[0;32mI (2210) GATTS_SERVER: REGISTER_APP_EVT_A, status 0, app_id 0
[0m
ESP_ERROR_CHECK failed: esp_err_t 0x103 (ESP_ERR_INVALID_STATE) at 0x400d9f5d
file: "./main/ble-client.c" line 440
func[0;32mI (2220) GATTS_SERVER: CREATE_SERVICE_EVT, status 0,  service_handle 40
[0m
[0;32mI (2220) GATTS_SERVER: REGISTER_APP_EVT_B, status 0, app_id 1[0m
: ble_client_run
expression: esp_bt_controller_mem_release(ESP_BT_MODE_CLASSIC_BT)

abort() was called at PC 0x40091be7 on core 0


Backtrace: 0x4008189e:0x3ffbc070 0x40091bf1:0x3ffbc090 0x40098ec5:0x3ffbc0b0 0x40091be7:0x3ffbc120 0x400d9f5d:0x3ffbc150 0x400da122:0x3ffbc1b0 0x401bc82b:0x3ffbc1d0 0x400926fd:0x3ffbc200




ELF file SHA256: 9ecf83f0f

Rebooting...
ets Jun  8 2016 00:22:57

rst:0xc (SW_CPU_RESET),boot:0x13 (SPI_FAST_FLASH_BOOT)
configsip: 0, SPIWP:0xee
clk_drv:0x00,q_drv:0x00,d_drv:0x00,cs0_drv:0x00,hd_drv:0x00,wp_drv:0x00
mode:DIO, clock div:2
load:0x3fff0030,len:7140
load:0x40078000,len:15500
load:0x40080400,len:4
load:0x40080404,len:3904
entry 0x40080640
[0;32mI (29) boot: ESP-IDF v5.3-dev-262-g294c2bd70d 2nd stage bootloader[0m
[0;32mI (29) boot: compile time Dec 14 2023 19:21:26[0m
[0;32mI (31) boot: Multicore bootloader[0m
[0;32mI (35) boot: chip revision: v1.0[0m
[0;32mI (39) boot.esp32: SPI Speed      : 40MHz[0m
[0;32mI (43) boot.esp32: SPI Mode       : DIO[0m
[0;32mI (48) boot.esp32: SPI Flash Size : 4MB[0m
[0;32mI (52) boot: Enabling RNG early entropy source...[0m
[0;32mI (58) boot: Partition Table:[0m
[0;32mI (61) boot: ## Label            Usage          Type ST Offset   Length[0m
[0;32mI (69) boot:  0 nvs              WiFi data        01 02 00009000 00006000[0m
[0;32mI (76) boot:  1 phy_init         RF data          01 01 0000f000 00001000[0m
[0;32mI (84) boot:  2 factory          factory app      00 00 00010000 00200000[0m
[0;32mI (91) boot: End of partition table[0m
[0;32mI (95) esp_image: segment 0: paddr=00010020 vaddr=3f400020 size=3d4e8h (251112) map[0m
[0;32mI (156) esp_image: segment 1: paddr=0004d510 vaddr=3ffbdb60 size=02b08h ( 11016) load[0m
[0;32mI (158) esp_image: segment 2: paddr=00050020 vaddr=400d0020 size=ee744h (976708) map[0m
[0;32mI (362) esp_image: segment 3: paddr=0013e76c vaddr=3ffc0668 size=02f70h ( 12144) load[0m
[0;32mI (365) esp_image: segment 4: paddr=001416e4 vaddr=40080000 size=1f368h (127848) load[0m
[0;32mI (416) boot: Loaded app from partition at offset 0x10000[0m
[0;32mI (417) boot: Disabling RNG early entropy source...[0m
[0;32mI (428) cpu_start: Multicore app[0m
[0;32mI (437) cpu_start: Pro cpu start user code[0m
[0;32mI (437) cpu_start: cpu freq: 160000000 Hz[0m
[0;32mI (437) cpu_start: Application information:[0m
[0;32mI (440) cpu_start: Project name:     InteligentStationForGrowingPlan[0m
[0;32mI (447) cpu_start: App version:      821bba1-dirty[0m
[0;32mI (453) cpu_start: Compile time:     Dec 14 2023 19:21:16[0m
[0;32mI (459) cpu_start: ELF file SHA256:  9ecf83f0f...[0m
[0;32mI (464) cpu_start: ESP-IDF:          v5.3-dev-262-g294c2bd70d[0m
[0;32mI (470) cpu_start: Min chip rev:     v0.0[0m
[0;32mI (475) cpu_start: Max chip rev:     v3.99 [0m
[0;32mI (480) cpu_start: Chip rev:         v1.0[0m
[0;32mI (485) heap_init: Initializing. RAM available for dynamic allocation:[0m
[0;32mI (492) heap_init: At 3FFAFF10 len 000000F0 (0 KiB): DRAM[0m
[0;32mI (498) heap_init: At 3FFB6388 len 00001C78 (7 KiB): DRAM[0m
[0;32mI (504) heap_init: At 3FFB9A20 len 00004108 (16 KiB): DRAM[0m
[0;32mI (510) heap_init: At 3FFCBC88 len 00014378 (80 KiB): DRAM[0m
[0;32mI (516) heap_init: At 3FFE0440 len 00003AE0 (14 KiB): D/IRAM[0m
[0;32mI (523) heap_init: At 3FFE4350 len 0001BCB0 (111 KiB): D/IRAM[0m
[0;32mI (529) heap_init: At 4009F368 len 00000C98 (3 KiB): IRAM[0m
[0;32mI (537) spi_flash: detected chip: winbond[0m
[0;32mI (540) spi_flash: flash io: dio[0m
[0;32mI (545) coexist: coex firmware version: b6d5e8c[0m
[0;32mI (550) main_task: Started on CPU0[0m
[0;32mI (560) main_task: Calling app_main()[0m
I (600) wifi:wifi driver task: 3ffd0160, prio:23, stack:6656, core=0
I (620) wifi:wifi firmware version: a194738
I (620) wifi:wifi certification version: v7.0
I (620) wifi:config NVS flash: enabled
I (620) wifi:config nano formating: disabled
I (620) wifi:Init data frame dynamic rx buffer num: 32
I (630) wifi:Init static rx mgmt buffer num: 5
I (630) wifi:Init management short buffer num: 32
I (630) wifi:Init dynamic tx buffer num: 32
I (640) wifi:Init static rx buffer size: 1600
I (640) wifi:Init static rx buffer num: 10
I (650) wifi:Init dynamic rx buffer num: 32
[0;32mI (650) wifi_init: rx ba win: 6[0m
[0;32mI (650) wifi_init: tcpip mbox: 32[0m
[0;32mI (660) wifi_init: udp mbox: 6[0m
[0;32mI (660) wifi_init: tcp mbox: 6[0m
[0;32mI (660) wifi_init: tcp tx win: 5760[0m
[0;32mI (670) wifi_init: tcp rx win: 5760[0m
[0;32mI (670) wifi_init: tcp mss: 1440[0m
[0;32mI (680) wifi_init: WiFi IRAM OP enabled[0m
[0;32mI (680) wifi_init: WiFi RX IRAM OP enabled[0m
[0;32mI (690) phy_init: phy_version 4780,16b31a7,Sep 22 2023,20:42:16[0m
I (770) wifi:mode : sta (b4:e6:2d:ea:62:f5)
I (780) wifi:enable tsf
[0;32mI (780) WI-FI STATION: wifi_init_sta finished.[0m
I (790) wifi:new:<8,0>, old:<1,0>, ap:<255,255>, sta:<8,0>, prof:1
I (800) wifi:state: init -> auth (b0)
I (800) wifi:state: auth -> assoc (0)
I (810) wifi:state: assoc -> run (10)
I (830) wifi:connected with Guest_Wifi_2.4GHz, aid = 2, channel 8, BW20, bssid = 36:5d:9e:5f:38:95
I (830) wifi:security: WPA2-PSK, phy: bgn, rssi: -58
I (840) wifi:pm start, type: 1

I (840) wifi:dp: 1, bi: 102400, li: 3, scale listen interval from 307200 us to 307200 us
I (860) wifi:<ba-add>idx:0 (ifx:0, 36:5d:9e:5f:38:95), tid:0, ssn:0, winSize:64
I (920) wifi:AP's beacon interval = 102400 us, DTIM period = 1
[0;32mI (1850) esp_netif_handlers: sta ip: 192.168.10.3, mask: 255.255.255.0, gw: 192.168.10.1[0m
[0;32mI (1850) WI-FI STATION: GOT IP: 192.168.10.3[0m
[0;32mI (1850) WI-FI STATION: CONNECTED[0m

PoÅ‚Ä…czono z sieciÄ…:
=====
SSID: Guest_Wifi_2.4GHz
Password: bc3vmep6743c3dkp

[0;32mI (1860) MQTT: ESTABLISHING CONNECTION ...[0m
[0;32mI (1870) BTDM_INIT: BT controller compile version [6458728][0m
[0;32mI (1870) BTDM_INIT: Bluetooth MAC: b4:e6:2d:ea:62:f7[0m
[0;32mI (2040) MQTT: CONNECTION TO SERVER SUCCESSFUL[0m
[0;32mI (2040) MQTT: Sent publish successful, msg_id: 1[0m
[0;32mI (2210) GATTS_SERVER: REGISTER_APP_EVT_A, status 0, app_id 0
[0m
ESP_ERROR_CHECK failed: esp_err_t 0x103 (ESP_ERR_INVALID_STATE) at 0x400d9f5d
file: "./main/ble-client.c" line 440
func[0;32mI (2210) GATTS_SERVER: CREATE_SERVICE_EVT, status 0,  service_handle 40
[0m
[0;32mI (2220) GATTS_SERVER: REGISTER_APP_EVT_B, status 0, app_id 1[0m
: ble_client_run
expression: esp_bt_controller_mem_release(ESP_BT_MODE_CLASSIC_BT)

abort() was called at PC 0x40091be7 on core 0


Backtrace: 0x4008189e:0x3ffbc070 0x40091bf1:0x3ffbc090 0x40098ec5:0x3ffbc0b0 0x40091be7:0x3ffbc120 0x400d9f5d:0x3ffbc150 0x400da122:0x3ffbc1b0 0x401bc82b:0x3ffbc1d0 0x400926fd:0x3ffbc200




ELF file SHA256: 9ecf83f0f

Rebooting...
ets Jun  8 2016 00:22:57

rst:0xc (SW_CPU_RESET),boot:0x13 (SPI_FAST_FLASH_BOOT)
configsip: 0, SPIWP:0xee
clk_drv:0x00,q_drv:0x00,d_drv:0x00,cs0_drv:0x00,hd_drv:0x00,wp_drv:0x00
mode:DIO, clock div:2
load:0x3fff0030,len:7140
load:0x40078000,len:15500
load:0x40080400,len:4
load:0x40080404,len:3904
entry 0x40080640
[0;32mI (29) boot: ESP-IDF v5.3-dev-262-g294c2bd70d 2nd stage bootloader[0m
[0;32mI (29) boot: compile time Dec 14 2023 19:21:26[0m
[0;32mI (31) boot: Multicore bootloader[0m
[0;32mI (35) boot: chip revision: v1.0[0m
[0;32mI (39) boot.esp32: SPI Speed      : 40MHz[0m
[0;32mI (43) boot.esp32: SPI Mode       : DIO[0m
[0;32mI (48) boot.esp32: SPI Flash Size : 4MB[0m
[0;32mI (52) boot: Enabling RNG early entropy source...[0m
[0;32mI (58) boot: Partition Table:[0m
[0;32mI (61) boot: ## Label            Usage          Type ST Offset   Length[0m
[0;32mI (69) boot:  0 nvs              WiFi data        01 02 00009000 00006000[0m
[0;32mI (76) boot:  1 phy_init         RF data          01 01 0000f000 00001000[0m
[0;32mI (84) boot:  2 factory          factory app      00 00 00010000 00200000[0m
[0;32mI (91) boot: End of partition table[0m
[0;32mI (95) esp_image: segment 0: paddr=00010020 vaddr=3f400020 size=3d4e8h (251112) map[0m
[0;32mI (156) esp_image: segment 1: paddr=0004d510 vaddr=3ffbdb60 size=02b08h ( 11016) load[0m
[0;32mI (158) esp_image: segment 2: paddr=00050020 vaddr=400d0020 size=ee744h (976708) map[0m
[0;32mI (362) esp_image: segment 3: paddr=0013e76c vaddr=3ffc0668 size=02f70h ( 12144) load[0m
[0;32mI (365) esp_image: segment 4: paddr=001416e4 vaddr=40080000 size=1f368h (127848) load[0m
[0;32mI (416) boot: Loaded app from partition at offset 0x10000[0m
[0;32mI (417) boot: Disabling RNG early entropy source...[0m
[0;32mI (428) cpu_start: Multicore app[0m
[0;32mI (437) cpu_start: Pro cpu start user code[0m
[0;32mI (437) cpu_start: cpu freq: 160000000 Hz[0m
[0;32mI (437) cpu_start: Application information:[0m
[0;32mI (440) cpu_start: Project name:     InteligentStationForGrowingPlan[0m
[0;32mI (447) cpu_start: App version:      821bba1-dirty[0m
[0;32mI (453) cpu_start: Compile time:     Dec 14 2023 19:21:16[0m
[0;32mI (459) cpu_start: ELF file SHA256:  9ecf83f0f...[0m
[0;32mI (464) cpu_start: ESP-IDF:          v5.3-dev-262-g294c2bd70d[0m
[0;32mI (470) cpu_start: Min chip rev:     v0.0[0m
[0;32mI (475) cpu_start: Max chip rev:     v3.99 [0m
[0;32mI (480) cpu_start: Chip rev:         v1.0[0m
[0;32mI (485) heap_init: Initializing. RAM available for dynamic allocation:[0m
[0;32mI (492) heap_init: At 3FFAFF10 len 000000F0 (0 KiB): DRAM[0m
[0;32mI (498) heap_init: At 3FFB6388 len 00001C78 (7 KiB): DRAM[0m
[0;32mI (504) heap_init: At 3FFB9A20 len 00004108 (16 KiB): DRAM[0m
[0;32mI (510) heap_init: At 3FFCBC88 len 00014378 (80 KiB): DRAM[0m
[0;32mI (516) heap_init: At 3FFE0440 len 00003AE0 (14 KiB): D/IRAM[0m
[0;32mI (523) heap_init: At 3FFE4350 len 0001BCB0 (111 KiB): D/IRAM[0m
[0;32mI (529) heap_init: At 4009F368 len 00000C98 (3 KiB): IRAM[0m
[0;32mI (537) spi_flash: detected chip: winbond[0m
[0;32mI (540) spi_flash: flash io: dio[0m
[0;32mI (545) coexist: coex firmware version: b6d5e8c[0m
[0;32mI (550) main_task: Started on CPU0[0m
[0;32mI (560) main_task: Calling app_main()[0m
I (600) wifi:wifi driver task: 3ffd0160, prio:23, stack:6656, core=0
I (620) wifi:wifi firmware version: a194738
I (620) wifi:wifi certification version: v7.0
I (620) wifi:config NVS flash: enabled
I (620) wifi:config nano formating: disabled
I (620) wifi:Init data frame dynamic rx buffer num: 32
I (630) wifi:Init static rx mgmt buffer num: 5
I (630) wifi:Init management short buffer num: 32
I (630) wifi:Init dynamic tx buffer num: 32
I (640) wifi:Init static rx buffer size: 1600
I (640) wifi:Init static rx buffer num: 10
I (650) wifi:Init dynamic rx buffer num: 32
[0;32mI (650) wifi_init: rx ba win: 6[0m
[0;32mI (650) wifi_init: tcpip mbox: 32[0m
[0;32mI (660) wifi_init: udp mbox: 6[0m
[0;32mI (660) wifi_init: tcp mbox: 6[0m
[0;32mI (660) wifi_init: tcp tx win: 5760[0m
[0;32mI (670) wifi_init: tcp rx win: 5760[0m
[0;32mI (670) wifi_init: tcp mss: 1440[0m
[0;32mI (680) wifi_init: WiFi IRAM OP enabled[0m
[0;32mI (680) wifi_init: WiFi RX IRAM OP enabled[0m
[0;32mI (690) phy_init: phy_version 4780,16b31a7,Sep 22 2023,20:42:16[0m
I (770) wifi:mode : sta (b4:e6:2d:ea:62:f5)
I (770) wifi:enable tsf
[0;32mI (780) WI-FI STATION: wifi_init_sta finished.[0m
I (790) wifi:new:<8,0>, old:<1,0>, ap:<255,255>, sta:<8,0>, prof:1
I (790) wifi:state: init -> auth (b0)
I (800) wifi:state: auth -> assoc (0)
I (810) wifi:state: assoc -> run (10)
I (830) wifi:connected with Guest_Wifi_2.4GHz, aid = 2, channel 8, BW20, bssid = 36:5d:9e:5f:38:95
I (840) wifi:security: WPA2-PSK, phy: bgn, rssi: -60
I (840) wifi:pm start, type: 1

I (840) wifi:dp: 1, bi: 102400, li: 3, scale listen interval from 307200 us to 307200 us
I (860) wifi:<ba-add>idx:0 (ifx:0, 36:5d:9e:5f:38:95), tid:0, ssn:0, winSize:64
I (900) wifi:AP's beacon interval = 102400 us, DTIM period = 1
[0;32mI (1850) esp_netif_handlers: sta ip: 192.168.10.3, mask: 255.255.255.0, gw: 192.168.10.1[0m
[0;32mI (1850) WI-FI STATION: GOT IP: 192.168.10.3[0m
[0;32mI (1850) WI-FI STATION: CONNECTED[0m

PoÅ‚Ä…czono z sieciÄ…:
=====
SSID: Guest_Wifi_2.4GHz
Password: bc3vmep6743c3dkp

[0;32mI (1860) MQTT: ESTABLISHING CONNECTION ...[0m
[0;32mI (1870) BTDM_INIT: BT controller compile version [6458728][0m
[0;32mI (1870) BTDM_INIT: Bluetooth MAC: b4:e6:2d:ea:62:f7[0m
[0;32mI (2010) MQTT: CONNECTION TO SERVER SUCCESSFUL[0m
[0;32mI (2010) MQTT: Sent publish successful, msg_id: 1[0m
[0;32mI (2210) GATTS_SERVER: REGISTER_APP_EVT_A, status 0, app_id 0
[0m
ESP_ERROR_CHECK failed: esp_err_t 0x103 (ESP_ERR_INVALID_STATE) at 0x400d9f5d
file: "./main/ble-client.c" line 440
func:[0;32mI (2220) GATTS_SERVER: CREATE_SERVICE_EVT, status 0,  service_handle 40
[0m
[0;32mI (2230) GATTS_SERVER: REGISTER_APP_EVT_B, status 0, app_id 1[0m
 ble_client_run
expression: esp_bt_controller_mem_release(ESP_BT_MODE_CLASSIC_BT)

abort() was called at PC 0x40091be7 on core 0


Backtrace: 0x4008189e:0x3ffbc070 0x40091bf1:0x3ffbc090 0x40098ec5:0x3ffbc0b0 0x40091be7:0x3ffbc120 0x400d9f5d:0x3ffbc150 0x400da122:0x3ffbc1b0 0x401bc82b:0x3ffbc1d0 0x400926fd:0x3ffbc200




ELF file SHA256: 9ecf83f0f

Rebooting...
ets Jun  8 2016 00:22:57

rst:0xc (SW_CPU_RESET),boot:0x13 (SPI_FAST_FLASH_BOOT)
configsip: 0, SPIWP:0xee
clk_drv:0x00,q_drv:0x00,d_drv:0x00,cs0_drv:0x00,hd_drv:0x00,wp_drv:0x00
mode:DIO, clock div:2
load:0x3fff0030,len:7140
load:0x40078000,len:15500
load:0x40080400,len:4
load:0x40080404,len:3904
entry 0x40080640
[0;32mI (29) boot: ESP-IDF v5.3-dev-262-g294c2bd70d 2nd stage bootloader[0m
[0;32mI (29) boot: compile time Dec 14 2023 19:21:26[0m
[0;32mI (31) boot: Multicore bootloader[0m
[0;32mI (35) boot: chip revision: v1.0[0m
[0;32mI (39) boot.esp32: SPI Speed      : 40MHz[0m
[0;32mI (43) boot.esp32: SPI Mode       : DIO[0m
[0;32mI (48) boot.esp32: SPI Flash Size : 4MB[0m
[0;32mI (52) boot: Enabling RNG early entropy source...[0m
[0;32mI (58) boot: Partition Table:[0m
[0;32mI (61) boot: ## Label            Usage          Type ST Offset   Length[0m
[0;32mI (69) boot:  0 nvs              WiFi data        01 02 00009000 00006000[0m
[0;32mI (76) boot:  1 phy_init         RF data          01 01 0000f000 00001000[0m
[0;32mI (84) boot:  2 factory          factory app      00 00 00010000 00200000[0m
[0;32mI (91) boot: End of partition table[0m
[0;32mI (95) esp_image: segment 0: paddr=00010020 vaddr=3f400020 size=3d4e8h (251112) map[0m
[0;32mI (156) esp_image: segment 1: paddr=0004d510 vaddr=3ffbdb60 size=02b08h ( 11016) load[0m
[0;32mI (158) esp_image: segment 2: paddr=00050020 vaddr=400d0020 size=ee744h (976708) map[0m
[0;32mI (362) esp_image: segment 3: paddr=0013e76c vaddr=3ffc0668 size=02f70h ( 12144) load[0m
[0;32mI (365) esp_image: segment 4: paddr=001416e4 vaddr=40080000 size=1f368h (127848) load[0m
[0;32mI (416) boot: Loaded app from partition at offset 0x10000[0m
[0;32mI (417) boot: Disabling RNG early entropy source...[0m
[0;32mI (428) cpu_start: Multicore app[0m
[0;32mI (437) cpu_start: Pro cpu start user code[0m
[0;32mI (437) cpu_start: cpu freq: 160000000 Hz[0m
[0;32mI (437) cpu_start: Application information:[0m
[0;32mI (440) cpu_start: Project name:     InteligentStationForGrowingPlan[0m
[0;32mI (447) cpu_start: App version:      821bba1-dirty[0m
[0;32mI (453) cpu_start: Compile time:     Dec 14 2023 19:21:16[0m
[0;32mI (459) cpu_start: ELF file SHA256:  9ecf83f0f...[0m
[0;32mI (464) cpu_start: ESP-IDF:          v5.3-dev-262-g294c2bd70d[0m
[0;32mI (470) cpu_start: Min chip rev:     v0.0[0m
[0;32mI (475) cpu_start: Max chip rev:     v3.99 [0m
[0;32mI (480) cpu_start: Chip rev:         v1.0[0m
[0;32mI (485) heap_init: Initializing. RAM available for dynamic allocation:[0m
[0;32mI (492) heap_init: At 3FFAFF10 len 000000F0 (0 KiB): DRAM[0m
[0;32mI (498) heap_init: At 3FFB6388 len 00001C78 (7 KiB): DRAM[0m
[0;32mI (504) heap_init: At 3FFB9A20 len 00004108 (16 KiB): DRAM[0m
[0;32mI (510) heap_init: At 3FFCBC88 len 00014378 (80 KiB): DRAM[0m
[0;32mI (516) heap_init: At 3FFE0440 len 00003AE0 (14 KiB): D/IRAM[0m
[0;32mI (523) heap_init: At 3FFE4350 len 0001BCB0 (111 KiB): D/IRAM[0m
[0;32mI (529) heap_init: At 4009F368 len 00000C98 (3 KiB): IRAM[0m
[0;32mI (537) spi_flash: detected chip: winbond[0m
[0;32mI (540) spi_flash: flash io: dio[0m
[0;32mI (545) coexist: coex firmware version: b6d5e8c[0m
[0;32mI (550) main_task: Started on CPU0[0m
[0;32mI (560) main_task: Calling app_main()[0m
I (600) wifi:wifi driver task: 3ffd0160, prio:23, stack:6656, core=0
I (620) wifi:wifi firmware version: a194738
I (620) wifi:wifi certification version: v7.0
I (620) wifi:config NVS flash: enabled
I (620) wifi:config nano formating: disabled
I (620) wifi:Init data frame dynamic rx buffer num: 32
I (630) wifi:Init static rx mgmt buffer num: 5
I (630) wifi:Init management short buffer num: 32
I (630) wifi:Init dynamic tx buffer num: 32
I (640) wifi:Init static rx buffer size: 1600
I (640) wifi:Init static rx buffer num: 10
I (650) wifi:Init dynamic rx buffer num: 32
[0;32mI (650) wifi_init: rx ba win: 6[0m
[0;32mI (650) wifi_init: tcpip mbox: 32[0m
[0;32mI (660) wifi_init: udp mbox: 6[0m
[0;32mI (660) wifi_init: tcp mbox: 6[0m
[0;32mI (660) wifi_init: tcp tx win: 5760[0m
[0;32mI (670) wifi_init: tcp rx win: 5760[0m
[0;32mI (670) wifi_init: tcp mss: 1440[0m
[0;32mI (680) wifi_init: WiFi IRAM OP enabled[0m
[0;32mI (680) wifi_init: WiFi RX IRAM OP enabled[0m
[0;32mI (690) phy_init: phy_version 4780,16b31a7,Sep 22 2023,20:42:16[0m
I (780) wifi:mode : sta (b4:e6:2d:ea:62:f5)
I (780) wifi:enable tsf
[0;32mI (780) WI-FI STATION: wifi_init_sta finished.[0m
I (800) wifi:new:<8,0>, old:<1,0>, ap:<255,255>, sta:<8,0>, prof:1
I (800) wifi:state: init -> auth (b0)
I (800) wifi:state: auth -> assoc (0)
I (810) wifi:state: assoc -> run (10)
I (840) wifi:connected with Guest_Wifi_2.4GHz, aid = 2, channel 8, BW20, bssid = 36:5d:9e:5f:38:95
I (840) wifi:security: WPA2-PSK, phy: bgn, rssi: -60
I (850) wifi:pm start, type: 1

I (850) wifi:dp: 1, bi: 102400, li: 3, scale listen interval from 307200 us to 307200 us
I (870) wifi:<ba-add>idx:0 (ifx:0, 36:5d:9e:5f:38:95), tid:0, ssn:0, winSize:64
I (880) wifi:AP's beacon interval = 102400 us, DTIM period = 1
[0;32mI (1860) esp_netif_handlers: sta ip: 192.168.10.3, mask: 255.255.255.0, gw: 192.168.10.1[0m
[0;32mI (1860) WI-FI STATION: GOT IP: 192.168.10.3[0m
[0;32mI (1860) WI-FI STATION: CONNECTED[0m

PoÅ‚Ä…czono z sieciÄ…:
=====
SSID: Guest_Wifi_2.4GHz
Password: bc3vmep6743c3dkp

[0;32mI (1870) MQTT: ESTABLISHING CONNECTION ...[0m
[0;32mI (1880) BTDM_INIT: BT controller compile version [6458728][0m
[0;32mI (1890) BTDM_INIT: Bluetooth MAC: b4:e6:2d:ea:62:f7[0m
[0;32mI (2080) MQTT: CONNECTION TO SERVER SUCCESSFUL[0m
[0;32mI (2090) MQTT: Sent publish successful, msg_id: 1[0m
[0;32mI (2210) GATTS_SERVER: REGISTER_APP_EVT_A, status 0, app_id 0
[0m
ESP_ERROR_CHECK failed: esp_err_t 0x103 (ESP_ERR_INVALID_STATE) at 0x400d9f5d
file: "./main/ble-client.c" line 440
func[0;32mI (2220) GATTS_SERVER: CREATE_SERVICE_EVT, status 0,  service_handle 40
[0m
[0;32mI (2220) GATTS_SERVER: REGISTER_APP_EVT_B, status 0, app_id 1[0m
: ble_client_run
expression: esp_bt_controller_mem_release(ESP_BT_MODE_CLASSIC_BT)

abort() was called at PC 0x40091be7 on core 0


Backtrace: 0x4008189e:0x3ffbc070 0x40091bf1:0x3ffbc090 0x40098ec5:0x3ffbc0b0 0x40091be7:0x3ffbc120 0x400d9f5d:0x3ffbc150 0x400da122:0x3ffbc1b0 0x401bc82b:0x3ffbc1d0 0x400926fd:0x3ffbc200




ELF file SHA256: 9ecf83f0f

Rebooting...
ets Jun  8 2016 00:22:57

rst:0xc (SW_CPU_RESET),boot:0x13 (SPI_FAST_FLASH_BOOT)
configsip: 0, SPIWP:0xee
clk_drv:0x00,q_drv:0x00,d_drv:0x00,cs0_drv:0x00,hd_drv:0x00,wp_drv:0x00
mode:DIO, clock div:2
load:0x3fff0030,len:7140
load:0x40078000,len:15500
load:0x40080400,len:4
load:0x40080404,len:3904
entry 0x40080640
[0;32mI (29) boot: ESP-IDF v5.3-dev-262-g294c2bd70d 2nd stage bootloader[0m
[0;32mI (29) boot: compile time Dec 14 2023 19:21:26[0m
[0;32mI (31) boot: Multicore bootloader[0m
[0;32mI (35) boot: chip revision: v1.0[0m
[0;32mI (39) boot.esp32: SPI Speed      : 40MHz[0m
[0;32mI (43) boot.esp32: SPI Mode       : DIO[0m
[0;32mI (48) boot.esp32: SPI Flash Size : 4MB[0m
[0;32mI (52) boot: Enabling RNG early entropy source...[0m
[0;32mI (58) boot: Partition Table:[0m
[0;32mI (61) boot: ## Label            Usage          Type ST Offset   Length[0m
[0;32mI (69) boot:  0 nvs              WiFi data        01 02 00009000 00006000[0m
[0;32mI (76) boot:  1 phy_init         RF data          01 01 0000f000 00001000[0m
[0;32mI (84) boot:  2 factory          factory app      00 00 00010000 00200000[0m
[0;32mI (91) boot: End of partition table[0m
[0;32mI (95) esp_image: segment 0: paddr=00010020 vaddr=3f400020 size=3d4e8h (251112) map[0m
[0;32mI (156) esp_image: segment 1: paddr=0004d510 vaddr=3ffbdb60 size=02b08h ( 11016) load[0m
[0;32mI (158) esp_image: segment 2: paddr=00050020 vaddr=400d0020 size=ee744h (976708) map[0m
[0;32mI (362) esp_image: segment 3: paddr=0013e76c vaddr=3ffc0668 size=02f70h ( 12144) load[0m
[0;32mI (365) esp_image: segment 4: paddr=001416e4 vaddr=40080000 size=1f368h (127848) load[0m
[0;32mI (416) boot: Loaded app from partition at offset 0x10000[0m
[0;32mI (417) boot: Disabling RNG early entropy source...[0m
[0;32mI (428) cpu_start: Multicore app[0m
[0;32mI (437) cpu_start: Pro cpu start user code[0m
[0;32mI (437) cpu_start: cpu freq: 160000000 Hz[0m
[0;32mI (437) cpu_start: Application information:[0m
[0;32mI (440) cpu_start: Project name:     InteligentStationForGrowingPlan[0m
[0;32mI (447) cpu_start: App version:      821bba1-dirty[0m
[0;32mI (453) cpu_start: Compile time:     Dec 14 2023 19:21:16[0m
[0;32mI (459) cpu_start: ELF file SHA256:  9ecf83f0f...[0m
[0;32mI (464) cpu_start: ESP-IDF:          v5.3-dev-262-g294c2bd70d[0m
[0;32mI (470) cpu_start: Min chip rev:     v0.0[0m
[0;32mI (475) cpu_start: Max chip rev:     v3.99 [0m
[0;32mI (480) cpu_start: Chip rev:         v1.0[0m
[0;32mI (485) heap_init: Initializing. RAM available for dynamic allocation:[0m
[0;32mI (492) heap_init: At 3FFAFF10 len 000000F0 (0 KiB): DRAM[0m
[0;32mI (498) heap_init: At 3FFB6388 len 00001C78 (7 KiB): DRAM[0m
[0;32mI (504) heap_init: At 3FFB9A20 len 00004108 (16 KiB): DRAM[0m
[0;32mI (510) heap_init: At 3FFCBC88 len 00014378 (80 KiB): DRAM[0m
[0;32mI (516) heap_init: At 3FFE0440 len 00003AE0 (14 KiB): D/IRAM[0m
[0;32mI (523) heap_init: At 3FFE4350 len 0001BCB0 (111 KiB): D/IRAM[0m
[0;32mI (529) heap_init: At 4009F368 len 00000C98 (3 KiB): IRAM[0m
[0;32mI (537) spi_flash: detected chip: winbond[0m
[0;32mI (540) spi_flash: flash io: dio[0m
[0;32mI (545) coexist: coex firmware version: b6d5e8c[0m
[0;32mI (550) main_task: Started on CPU0[0m
[0;32mI (560) main_task: Calling app_main()[0m
I (600) wifi:wifi driver task: 3ffd0160, prio:23, stack:6656, core=0
I (620) wifi:wifi firmware version: a194738
I (620) wifi:wifi certification version: v7.0
I (620) wifi:config NVS flash: enabled
I (620) wifi:config nano formating: disabled
I (620) wifi:Init data frame dynamic rx buffer num: 32
I (630) wifi:Init static rx mgmt buffer num: 5
I (630) wifi:Init management short buffer num: 32
I (630) wifi:Init dynamic tx buffer num: 32
I (640) wifi:Init static rx buffer size: 1600
I (640) wifi:Init static rx buffer num: 10
I (650) wifi:Init dynamic rx buffer num: 32
[0;32mI (650) wifi_init: rx ba win: 6[0m
[0;32mI (650) wifi_init: tcpip mbox: 32[0m
[0;32mI (660) wifi_init: udp mbox: 6[0m
[0;32mI (660) wifi_init: tcp mbox: 6[0m
[0;32mI (660) wifi_init: tcp tx win: 5760[0m
[0;32mI (670) wifi_init: tcp rx win: 5760[0m
[0;32mI (670) wifi_init: tcp mss: 1440[0m
[0;32mI (680) wifi_init: WiFi IRAM OP enabled[0m
[0;32mI (680) wifi_init: WiFi RX IRAM OP enabled[0m
[0;32mI (690) phy_init: phy_version 4780,16b31a7,Sep 22 2023,20:42:16[0m
I (770) wifi:mode : sta (b4:e6:2d:ea:62:f5)
I (780) wifi:enable tsf
[0;32mI (780) WI-FI STATION: wifi_init_sta finished.[0m
I (790) wifi:new:<8,0>, old:<1,0>, ap:<255,255>, sta:<8,0>, prof:1
I (800) wifi:state: init -> auth (b0)
I (800) wifi:state: auth -> assoc (0)
I (810) wifi:state: assoc -> run (10)
I (830) wifi:connected with Guest_Wifi_2.4GHz, aid = 2, channel 8, BW20, bssid = 36:5d:9e:5f:38:95
I (830) wifi:security: WPA2-PSK, phy: bgn, rssi: -60
I (840) wifi:pm start, type: 1

I (840) wifi:dp: 1, bi: 102400, li: 3, scale listen interval from 307200 us to 307200 us
I (850) wifi:AP's beacon interval = 102400 us, DTIM period = 1
I (860) wifi:<ba-add>idx:0 (ifx:0, 36:5d:9e:5f:38:95), tid:0, ssn:0, winSize:64
[0;32mI (1850) esp_netif_handlers: sta ip: 192.168.10.3, mask: 255.255.255.0, gw: 192.168.10.1[0m
[0;32mI (1850) WI-FI STATION: GOT IP: 192.168.10.3[0m
[0;32mI (1850) WI-FI STATION: CONNECTED[0m

PoÅ‚Ä…czono z sieciÄ…:
=====
SSID: Guest_Wifi_2.4GHz
Password: bc3vmep6743c3dkp

[0;32mI (1860) MQTT: ESTABLISHING CONNECTION ...[0m
[0;32mI (1870) BTDM_INIT: BT controller compile version [6458728][0m
[0;32mI (1880) BTDM_INIT: Bluetooth MAC: b4:e6:2d:ea:62:f7[0m
[0;32mI (2000) MQTT: CONNECTION TO SERVER SUCCESSFUL[0m
[0;32mI (2000) MQTT: Sent publish successful, msg_id: 1[0m
[0;32mI (2200) GATTS_SERVER: REGISTER_APP_EVT_A, status 0, app_id 0
[0m
ESP_ERROR_CHECK failed: esp_err_t 0x103 (ESP_ERR_INVALID_STATE) at 0x400d9f5d
file: "./main/ble-client.c" line 440
func[0;32mI (2210) GATTS_SERVER: CREATE_SERVICE_EVT, status 0,  service_handle 40
[0m
[0;32mI (2220) GATTS_SERVER: REGISTER_APP_EVT_B, status 0, app_id 1[0m
: ble_client_run
expression: esp_bt_controller_mem_release(ESP_BT_MODE_CLASSIC_BT)

abort() was called at PC 0x40091be7 on core 0


Backtrace: 0x4008189e:0x3ffbc070 0x40091bf1:0x3ffbc090 0x40098ec5:0x3ffbc0b0 0x40091be7:0x3ffbc120 0x400d9f5d:0x3ffbc150 0x400da122:0x3ffbc1b0 0x401bc82b:0x3ffbc1d0 0x400926fd:0x3ffbc200




ELF file SHA256: 9ecf83f0f

Rebooting...
ets Jun  8 2016 00:22:57

rst:0xc (SW_CPU_RESET),boot:0x13 (SPI_FAST_FLASH_BOOT)
configsip: 0, SPIWP:0xee
clk_drv:0x00,q_drv:0x00,d_drv:0x00,cs0_drv:0x00,hd_drv:0x00,wp_drv:0x00
mode:DIO, clock div:2
load:0x3fff0030,len:7140
load:0x40078000,len:15500
load:0x40080400,len:4
load:0x40080404,len:3904
entry 0x40080640
[0;32mI (29) boot: ESP-IDF v5.3-dev-262-g294c2bd70d 2nd stage bootloader[0m
[0;32mI (29) boot: compile time Dec 14 2023 19:21:26[0m
[0;32mI (31) boot: Multicore bootloader[0m
[0;32mI (35) boot: chip revision: v1.0[0m
[0;32mI (39) boot.esp32: SPI Speed      : 40MHz[0m
[0;32mI (43) boot.esp32: SPI Mode       : DIO[0m
[0;32mI (48) boot.esp32: SPI Flash Size : 4MB[0m
[0;32mI (52) boot: Enabling RNG early entropy source...[0m
[0;32mI (58) boot: Partition Table:[0m
[0;32mI (61) boot: ## Label            Usage          Type ST Offset   Length[0m
[0;32mI (69) boot:  0 nvs              WiFi data        01 02 00009000 00006000[0m
[0;32mI (76) boot:  1 phy_init         RF data          01 01 0000f000 00001000[0m
[0;32mI (84) boot:  2 factory          factory app      00 00 00010000 00200000[0m
[0;32mI (91) boot: End of partition table[0m
[0;32mI (95) esp_image: segment 0: paddr=00010020 vaddr=3f400020 size=3d4e8h (251112) map[0m
[0;32mI (156) esp_image: segment 1: paddr=0004d510 vaddr=3ffbdb60 size=02b08h ( 11016) load[0m
[0;32mI (158) esp_image: segment 2: paddr=00050020 vaddr=400d0020 size=ee744h (976708) map[0m
[0;32mI (362) esp_image: segment 3: paddr=0013e76c vaddr=3ffc0668 size=02f70h ( 12144) load[0m
[0;32mI (365) esp_image: segment 4: paddr=001416e4 vaddr=40080000 size=1f368h (127848) load[0m
[0;32mI (416) boot: Loaded app from partition at offset 0x10000[0m
[0;32mI (417) boot: Disabling RNG early entropy source...[0m
[0;32mI (428) cpu_start: Multicore app[0m
[0;32mI (437) cpu_start: Pro cpu start user code[0m
[0;32mI (437) cpu_start: cpu freq: 160000000 Hz[0m
[0;32mI (437) cpu_start: Application information:[0m
[0;32mI (440) cpu_start: Project name:     InteligentStationForGrowingPlan[0m
[0;32mI (447) cpu_start: App version:      821bba1-dirty[0m
[0;32mI (452) cpu_start: Compile time:     Dec 14 2023 19:21:16[0m
[0;32mI (459) cpu_start: ELF file SHA256:  9ecf83f0f...[0m
[0;32mI (464) cpu_start: ESP-IDF:          v5.3-dev-262-g294c2bd70d[0m
[0;32mI (470) cpu_start: Min chip rev:     v0.0[0m
[0;32mI (475) cpu_start: Max chip rev:     v3.99 [0m
[0;32mI (480) cpu_start: Chip rev:         v1.0[0m
[0;32mI (485) heap_init: Initializing. RAM available for dynamic allocation:[0m
[0;32mI (492) heap_init: At 3FFAFF10 len 000000F0 (0 KiB): DRAM[0m
[0;32mI (498) heap_init: At 3FFB6388 len 00001C78 (7 KiB): DRAM[0m
[0;32mI (504) heap_init: At 3FFB9A20 len 00004108 (16 KiB): DRAM[0m
[0;32mI (510) heap_init: At 3FFCBC88 len 00014378 (80 KiB): DRAM[0m
[0;32mI (516) heap_init: At 3FFE0440 len 00003AE0 (14 KiB): D/IRAM[0m
[0;32mI (523) heap_init: At 3FFE4350 len 0001BCB0 (111 KiB): D/IRAM[0m
[0;32mI (529) heap_init: At 4009F368 len 00000C98 (3 KiB): IRAM[0m
[0;32mI (537) spi_flash: detected chip: winbond[0m
[0;32mI (540) spi_flash: flash io: dio[0m
[0;32mI (545) coexist: coex firmware version: b6d5e8c[0m
[0;32mI (550) main_task: Started on CPU0[0m
[0;32mI (560) main_task: Calling app_main()[0m
I (600) wifi:wifi driver task: 3ffd0160, prio:23, stack:6656, core=0
I (620) wifi:wifi firmware version: a194738
I (620) wifi:wifi certification version: v7.0
I (620) wifi:config NVS flash: enabled
I (620) wifi:config nano formating: disabled
I (620) wifi:Init data frame dynamic rx buffer num: 32
I (630) wifi:Init static rx mgmt buffer num: 5
I (630) wifi:Init management short buffer num: 32
I (630) wifi:Init dynamic tx buffer num: 32
I (640) wifi:Init static rx buffer size: 1600
I (640) wifi:Init static rx buffer num: 10
I (650) wifi:Init dynamic rx buffer num: 32
[0;32mI (650) wifi_init: rx ba win: 6[0m
[0;32mI (650) wifi_init: tcpip mbox: 32[0m
[0;32mI (660) wifi_init: udp mbox: 6[0m
[0;32mI (660) wifi_init: tcp mbox: 6[0m
[0;32mI (660) wifi_init: tcp tx win: 5760[0m
[0;32mI (670) wifi_init: tcp rx win: 5760[0m
[0;32mI (670) wifi_init: tcp mss: 1440[0m
[0;32mI (680) wifi_init: WiFi IRAM OP enabled[0m
[0;32mI (680) wifi_init: WiFi RX IRAM OP enabled[0m
[0;32mI (690) phy_init: phy_version 4780,16b31a7,Sep 22 2023,20:42:16[0m
I (780) wifi:mode : sta (b4:e6:2d:ea:62:f5)
I (780) wifi:enable tsf
[0;32mI (780) WI-FI STATION: wifi_init_sta finished.[0m
I (800) wifi:new:<8,0>, old:<1,0>, ap:<255,255>, sta:<8,0>, prof:1
I (800) wifi:state: init -> auth (b0)
I (800) wifi:state: auth -> assoc (0)
I (810) wifi:state: assoc -> run (10)
I (840) wifi:connected with Guest_Wifi_2.4GHz, aid = 2, channel 8, BW20, bssid = 36:5d:9e:5f:38:95
I (840) wifi:security: WPA2-PSK, phy: bgn, rssi: -62
I (850) wifi:pm start, type: 1

I (850) wifi:dp: 1, bi: 102400, li: 3, scale listen interval from 307200 us to 307200 us
I (870) wifi:<ba-add>idx:0 (ifx:0, 36:5d:9e:5f:38:95), tid:0, ssn:0, winSize:64
I (930) wifi:AP's beacon interval = 102400 us, DTIM period = 1
[0;32mI (1860) esp_netif_handlers: sta ip: 192.168.10.3, mask: 255.255.255.0, gw: 192.168.10.1[0m
[0;32mI (1860) WI-FI STATION: GOT IP: 192.168.10.3[0m
[0;32mI (1860) WI-FI STATION: CONNECTED[0m

PoÅ‚Ä…czono z sieciÄ…:
=====
SSID: Guest_Wifi_2.4GHz
Password: bc3vmep6743c3dkp

[0;32mI (1870) MQTT: ESTABLISHING CONNECTION ...[0m
[0;32mI (1880) BTDM_INIT: BT controller compile version [6458728][0m
[0;32mI (1890) BTDM_INIT: Bluetooth MAC: b4:e6:2d:ea:62:f7[0m
[0;32mI (2000) MQTT: CONNECTION TO SERVER SUCCESSFUL[0m
[0;32mI (2000) MQTT: Sent publish successful, msg_id: 1[0m
[0;32mI (2220) GATTS_SERVER: REGISTER_APP_EVT_A, status 0, app_id 0
[0m
ESP_ERROR_CHECK failed: esp_err_t 0x103 (ESP_ERR_INVALID_STATE) at 0x400d9f5d
file: "./main/ble-client.c" line 440
func:[0;32mI (2230) GATTS_SERVER: CREATE_SERVICE_EVT, status 0,  service_handle 40
[0m
[0;32mI (2230) GATTS_SERVER: REGISTER_APP_EVT_B, status 0, app_id 1[0m
 ble_client_run
expression: esp_bt_controller_mem_release(ESP_BT_MODE_CLASSIC_BT)

abort() was called at PC 0x40091be7 on core 0


Backtrace: 0x4008189e:0x3ffbc070 0x40091bf1:0x3ffbc090 0x40098ec5:0x3ffbc0b0 0x40091be7:0x3ffbc120 0x400d9f5d:0x3ffbc150 0x400da122:0x3ffbc1b0 0x401bc82b:0x3ffbc1d0 0x400926fd:0x3ffbc200




ELF file SHA256: 9ecf83f0f

Rebooting...
ets Jun  8 2016 00:22:57

rst:0xc (SW_CPU_RESET),boot:0x13 (SPI_FAST_FLASH_BOOT)
configsip: 0, SPIWP:0xee
clk_drv:0x00,q_drv:0x00,d_drv:0x00,cs0_drv:0x00,hd_drv:0x00,wp_drv:0x00
mode:DIO, clock div:2
load:0x3fff0030,len:7140
load:0x40078000,len:15500
load:0x40080400,len:4
load:0x40080404,len:3904
entry 0x40080640
[0;32mI (29) boot: ESP-IDF v5.3-dev-262-g294c2bd70d 2nd stage bootloader[0m
[0;32mI (29) boot: compile time Dec 14 2023 19:21:26[0m
[0;32mI (31) boot: Multicore bootloader[0m
[0;32mI (35) boot: chip revision: v1.0[0m
[0;32mI (39) boot.esp32: SPI Speed      : 40MHz[0m
[0;32mI (43) boot.esp32: SPI Mode       : DIO[0m
[0;32mI (48) boot.esp32: SPI Flash Size : 4MB[0m
[0;32mI (52) boot: Enabling RNG early entropy source...[0m
[0;32mI (58) boot: Partition Table:[0m
[0;32mI (61) boot: ## Label            Usage          Type ST Offset   Length[0m
[0;32mI (69) boot:  0 nvs              WiFi data        01 02 00009000 00006000[0m
[0;32mI (76) boot:  1 phy_init         RF data          01 01 0000f000 00001000[0m
[0;32mI (84) boot:  2 factory          factory app      00 00 00010000 00200000[0m
[0;32mI (91) boot: End of partition table[0m
[0;32mI (95) esp_image: segment 0: paddr=00010020 vaddr=3f400020 size=3d4e8h (251112) map[0m
[0;32mI (156) esp_image: segment 1: paddr=0004d510 vaddr=3ffbdb60 size=02b08h ( 11016) load[0m
[0;32mI (158) esp_image: segment 2: paddr=00050020 vaddr=400d0020 size=ee744h (976708) map[0m
[0;32mI (362) esp_image: segment 3: paddr=0013e76c vaddr=3ffc0668 size=02f70h ( 12144) load[0m
[0;32mI (365) esp_image: segment 4: paddr=001416e4 vaddr=40080000 size=1f368h (127848) load[0m
[0;32mI (416) boot: Loaded app from partition at offset 0x10000[0m
[0;32mI (417) boot: Disabling RNG early entropy source...[0m
[0;32mI (428) cpu_start: Multicore app[0m
[0;32mI (437) cpu_start: Pro cpu start user code[0m
[0;32mI (437) cpu_start: cpu freq: 160000000 Hz[0m
[0;32mI (437) cpu_start: Application information:[0m
[0;32mI (440) cpu_start: Project name:     InteligentStationForGrowingPlan[0m
[0;32mI (447) cpu_start: App version:      821bba1-dirty[0m
[0;32mI (452) cpu_start: Compile time:     Dec 14 2023 19:21:16[0m
[0;32mI (459) cpu_start: ELF file SHA256:  9ecf83f0f...[0m
[0;32mI (464) cpu_start: ESP-IDF:          v5.3-dev-262-g294c2bd70d[0m
[0;32mI (470) cpu_start: Min chip rev:     v0.0[0m
[0;32mI (475) cpu_start: Max chip rev:     v3.99 [0m
[0;32mI (480) cpu_start: Chip rev:         v1.0[0m
[0;32mI (485) heap_init: Initializing. RAM available for dynamic allocation:[0m
[0;32mI (492) heap_init: At 3FFAFF10 len 000000F0 (0 KiB): DRAM[0m
[0;32mI (498) heap_init: At 3FFB6388 len 00001C78 (7 KiB): DRAM[0m
[0;32mI (504) heap_init: At 3FFB9A20 len 00004108 (16 KiB): DRAM[0m
[0;32mI (510) heap_init: At 3FFCBC88 len 00014378 (80 KiB): DRAM[0m
[0;32mI (516) heap_init: At 3FFE0440 len 00003AE0 (14 KiB): D/IRAM[0m
[0;32mI (523) heap_init: At 3FFE4350 len 0001BCB0 (111 KiB): D/IRAM[0m
[0;32mI (529) heap_init: At 4009F368 len 00000C98 (3 KiB): IRAM[0m
[0;32mI (537) spi_flash: detected chip: winbond[0m
[0;32mI (540) spi_flash: flash io: dio[0m
[0;32mI (545) coexist: coex firmware version: b6d5e8c[0m
[0;32mI (550) main_task: Started on CPU0[0m
[0;32mI (560) main_task: Calling app_main()[0m
I (600) wifi:wifi driver task: 3ffd0160, prio:23, stack:6656, core=0
I (620) wifi:wifi firmware version: a194738
I (620) wifi:wifi certification version: v7.0
I (620) wifi:config NVS flash: enabled
I (620) wifi:config nano formating: disabled
I (620) wifi:Init data frame dynamic rx buffer num: 32
I (630) wifi:Init static rx mgmt buffer num: 5
I (630) wifi:Init management short buffer num: 32
I (630) wifi:Init dynamic tx buffer num: 32
I (640) wifi:Init static rx buffer size: 1600
I (640) wifi:Init static rx buffer num: 10
I (650) wifi:Init dynamic rx buffer num: 32
[0;32mI (650) wifi_init: rx ba win: 6[0m
[0;32mI (650) wifi_init: tcpip mbox: 32[0m
[0;32mI (660) wifi_init: udp mbox: 6[0m
[0;32mI (660) wifi_init: tcp mbox: 6[0m
[0;32mI (660) wifi_init: tcp tx win: 5760[0m
[0;32mI (670) wifi_init: tcp rx win: 5760[0m
[0;32mI (670) wifi_init: tcp mss: 1440[0m
[0;32mI (680) wifi_init: WiFi IRAM OP enabled[0m
[0;32mI (680) wifi_init: WiFi RX IRAM OP enabled[0m
[0;32mI (690) phy_init: phy_version 4780,16b31a7,Sep 22 2023,20:42:16[0m
I (780) wifi:mode : sta (b4:e6:2d:ea:62:f5)
I (780) wifi:enable tsf
[0;32mI (780) WI-FI STATION: wifi_init_sta finished.[0m
I (820) wifi:new:<8,0>, old:<1,0>, ap:<255,255>, sta:<8,0>, prof:1
I (820) wifi:state: init -> auth (b0)
I (820) wifi:state: auth -> assoc (0)
I (830) wifi:state: assoc -> run (10)
I (860) wifi:connected with Guest_Wifi_2.4GHz, aid = 2, channel 8, BW20, bssid = 36:5d:9e:5f:38:95
I (860) wifi:security: WPA2-PSK, phy: bgn, rssi: -60
I (860) wifi:pm start, type: 1

I (860) wifi:dp: 1, bi: 102400, li: 3, scale listen interval from 307200 us to 307200 us
I (900) wifi:AP's beacon interval = 102400 us, DTIM period = 1
I (930) wifi:<ba-add>idx:0 (ifx:0, 36:5d:9e:5f:38:95), tid:0, ssn:0, winSize:64
[0;32mI (1870) esp_netif_handlers: sta ip: 192.168.10.3, mask: 255.255.255.0, gw: 192.168.10.1[0m
[0;32mI (1870) WI-FI STATION: GOT IP: 192.168.10.3[0m
[0;32mI (1870) WI-FI STATION: CONNECTED[0m

PoÅ‚Ä…czono z sieciÄ…:
=====
SSID: Guest_Wifi_2.4GHz
Password: bc3vmep6743c3dkp

[0;32mI (1880) MQTT: ESTABLISHING CONNECTION ...[0m
[0;32mI (1890) BTDM_INIT: BT controller compile version [6458728][0m
[0;32mI (1900) BTDM_INIT: Bluetooth MAC: b4:e6:2d:ea:62:f7[0m
[0;32mI (2100) MQTT: CONNECTION TO SERVER SUCCESSFUL[0m
[0;32mI (2100) MQTT: Sent publish successful, msg_id: 1[0m
[0;32mI (2220) GATTS_SERVER: REGISTER_APP_EVT_A, status 0, app_id 0
[0m
ESP_ERROR_CHECK failed: esp_err_t 0x103 (ESP_ERR_INVALID_STATE) at 0x400d[0;32mI (2230) GATTS_SERVER: CREATE_SERVICE_EVT, status 0,  service_handle 40
[0m
[0;32mI (2230) GATTS_SERVER: REGISTER_APP_EVT_B, status 0, app_id 1[0m
9f5d
file: "./main/ble-client.c" line 440
func: ble_client_run
expression: esp_bt_controller_mem_release(ESP_BT[0;32mI (2250) GATTS_SERVER: SERVICE_START_EVT, status 0, service_handle 40
[0m
[0;32mI (2250) GATTS_SERVER: ADD_CHAR_EVT, status 0,  attr_handle 42, service_handle 40
[0m
[0;32mI (2260) GATTS_SERVER: the gatts demo char length = 3
[0m
[0;32mI (2270) GATTS_SERVER: prf_char[0] =11
[0m
[0;32mI (2270) GATTS_SERVER: prf_char[1] =22
[0m
[0;32mI (2280) GATTS_SERVER: prf_char[2] =33
[0m
[0;32mI (2280) GATTS_SERVER: CREATE_SERVICE_EVT, status 0,  service_handle 44[0m
[0;32mI (2290) GATTS_SERVER: ADD_DESCR_EVT, status 0, attr_handle 43, service_handle 40
[0m
[0;32mI (2300) GATTS_SERVER: SERVICE_START_EVT, status 0, service_handle 44[0m
[0;32mI (2300) GATTS_SERVER: ADD_CHAR_EVT, status 0,  attr_handle 46, service_handle 44[0m
[0;32mI (2310) GATTS_SERVER: ADD_DESCR_EVT, status 0, attr_handle 47, service_handle 44[0m
_MODE_CLASSIC_BT)

abort() was called at PC 0x40091be7 on core 0


Backtrace: 0x4008189e:0x3ffbc070 0x40091bf1:0x3ffbc090 0x40098ec5:0x3ffbc0b0 0x40091be7:0x3ffbc120 0x400d9f5d:0x3ffbc150 0x400da122:0x3ffbc1b0 0x401bc82b:0x3ffbc1d0 0x400926fd:0x3ffbc200




ELF file SHA256: 9ecf83f0f

Rebooting...
ets Jun  8 2016 00:22:57

rst:0xc (SW_CPU_RESET),boot:0x13 (SPI_FAST_FLASH_BOOT)
configsip: 0, SPIWP:0xee
clk_drv:0x00,q_drv:0x00,d_drv:0x00,cs0_drv:0x00,hd_drv:0x00,wp_drv:0x00
mode:DIO, clock div:2
load:0x3fff0030,len:7140
load:0x40078000,len:15500
load:0x40080400,len:4
load:0x40080404,len:3904
entry 0x40080640
[0;32mI (29) boot: ESP-IDF v5.3-dev-262-g294c2bd70d 2nd stage bootloader[0m
[0;32mI (29) boot: compile time Dec 14 2023 19:21:26[0m
[0;32mI (31) boot: Multicore bootloader[0m
[0;32mI (35) boot: chip revision: v1.0[0m
[0;32mI (39) boot.esp32: SPI Speed      : 40MHz[0m
[0;32mI (43) boot.esp32: SPI Mode       : DIO[0m
[0;32mI (48) boot.esp32: SPI Flash Size : 4MB[0m
[0;32mI (52) boot: Enabling RNG early entropy source...[0m
[0;32mI (58) boot: Partition Table:[0m
[0;32mI (61) boot: ## Label            Usage          Type ST Offset   Length[0m
[0;32mI (69) boot:  0 nvs              WiFi data        01 02 00009000 00006000[0m
[0;32mI (76) boot:  1 phy_init         RF data          01 01 0000f000 00001000[0m
[0;32mI (84) boot:  2 factory          factory app      00 00 00010000 00200000[0m
[0;32mI (91) boot: End of partition table[0m
[0;32mI (95) esp_image: segment 0: paddr=00010020 vaddr=3f400020 size=3d4e8h (251112) map[0m
[0;32mI (156) esp_image: segment 1: paddr=0004d510 vaddr=3ffbdb60 size=02b08h ( 11016) load[0m
[0;32mI (158) esp_image: segment 2: paddr=00050020 vaddr=400d0020 size=ee744h (976708) map[0m
[0;32mI (362) esp_image: segment 3: paddr=0013e76c vaddr=3ffc0668 size=02f70h ( 12144) load[0m
[0;32mI (365) esp_image: segment 4: paddr=001416e4 vaddr=40080000 size=1f368h (127848) load[0m
[0;32mI (416) boot: Loaded app from partition at offset 0x10000[0m
[0;32mI (417) boot: Disabling RNG early entropy source...[0m
[0;32mI (428) cpu_start: Multicore app[0m
[0;32mI (437) cpu_start: Pro cpu start user code[0m
[0;32mI (437) cpu_start: cpu freq: 160000000 Hz[0m
[0;32mI (437) cpu_start: Application information:[0m
[0;32mI (440) cpu_start: Project name:     InteligentStationForGrowingPlan[0m
[0;32mI (447) cpu_start: App version:      821bba1-dirty[0m
[0;32mI (453) cpu_start: Compile time:     Dec 14 2023 19:21:16[0m
[0;32mI (459) cpu_start: ELF file SHA256:  9ecf83f0f...[0m
[0;32mI (464) cpu_start: ESP-IDF:          v5.3-dev-262-g294c2bd70d[0m
[0;32mI (470) cpu_start: Min chip rev:     v0.0[0m
[0;32mI (475) cpu_start: Max chip rev:     v3.99 [0m
[0;32mI (480) cpu_start: Chip rev:         v1.0[0m
[0;32mI (485) heap_init: Initializing. RAM available for dynamic allocation:[0m
[0;32mI (492) heap_init: At 3FFAFF10 len 000000F0 (0 KiB): DRAM[0m
[0;32mI (498) heap_init: At 3FFB6388 len 00001C78 (7 KiB): DRAM[0m
[0;32mI (504) heap_init: At 3FFB9A20 len 00004108 (16 KiB): DRAM[0m
[0;32mI (510) heap_init: At 3FFCBC88 len 00014378 (80 KiB): DRAM[0m
[0;32mI (516) heap_init: At 3FFE0440 len 00003AE0 (14 KiB): D/IRAM[0m
[0;32mI (523) heap_init: At 3FFE4350 len 0001BCB0 (111 KiB): D/IRAM[0m
[0;32mI (529) heap_init: At 4009F368 len 00000C98 (3 KiB): IRAM[0m
[0;32mI (537) spi_flash: detected chip: winbond[0m
[0;32mI (540) spi_flash: flash io: dio[0m
[0;32mI (545) coexist: coex firmware version: b6d5e8c[0m
[0;32mI (550) main_task: Started on CPU0[0m
[0;32mI (560) main_task: Calling app_main()[0m
I (600) wifi:wifi driver task: 3ffd0160, prio:23, stack:6656, core=0
I (620) wifi:wifi firmware version: a194738
I (620) wifi:wifi certification version: v7.0
I (620) wifi:config NVS flash: enabled
I (620) wifi:config nano formating: disabled
I (620) wifi:Init data frame dynamic rx buffer num: 32
I (630) wifi:Init static rx mgmt buffer num: 5
I (630) wifi:Init management short buffer num: 32
I (630) wifi:Init dynamic tx buffer num: 32
I (640) wifi:Init static rx buffer size: 1600
I (640) wifi:Init static rx buffer num: 10
I (650) wifi:Init dynamic rx buffer num: 32
[0;32mI (650) wifi_init: rx ba win: 6[0m
[0;32mI (650) wifi_init: tcpip mbox: 32[0m
[0;32mI (660) wifi_init: udp mbox: 6[0m
[0;32mI (660) wifi_init: tcp mbox: 6[0m
[0;32mI (660) wifi_init: tcp tx win: 5760[0m
[0;32mI (670) wifi_init: tcp rx win: 5760[0m
[0;32mI (670) wifi_init: tcp mss: 1440[0m
[0;32mI (680) wifi_init: WiFi IRAM OP enabled[0m
[0;32mI (680) wifi_init: WiFi RX IRAM OP enabled[0m
[0;32mI (690) phy_init: phy_version 4780,16b31a7,Sep 22 2023,20:42:16[0m
I (770) wifi:mode : sta (b4:e6:2d:ea:62:f5)
I (780) wifi:enable tsf
[0;32mI (780) WI-FI STATION: wifi_init_sta finished.[0m
I (790) wifi:new:<8,0>, old:<1,0>, ap:<255,255>, sta:<8,0>, prof:1
I (790) wifi:state: init -> auth (b0)
I (800) wifi:state: auth -> assoc (0)
I (810) wifi:state: assoc -> run (10)
I (840) wifi:connected with Guest_Wifi_2.4GHz, aid = 2, channel 8, BW20, bssid = 36:5d:9e:5f:38:95
I (840) wifi:security: WPA2-PSK, phy: bgn, rssi: -59
I (850) wifi:pm start, type: 1

I (850) wifi:dp: 1, bi: 102400, li: 3, scale listen interval from 307200 us to 307200 us
I (870) wifi:<ba-add>idx:0 (ifx:0, 36:5d:9e:5f:38:95), tid:0, ssn:0, winSize:64
I (890) wifi:AP's beacon interval = 102400 us, DTIM period = 1
[0;32mI (1850) esp_netif_handlers: sta ip: 192.168.10.3, mask: 255.255.255.0, gw: 192.168.10.1[0m
[0;32mI (1850) WI-FI STATION: GOT IP: 192.168.10.3[0m
[0;32mI (1850) WI-FI STATION: CONNECTED[0m

PoÅ‚Ä…czono z sieciÄ…:
=====
SSID: Guest_Wifi_2.4GHz
Password: bc3vmep6743c3dkp

[0;32mI (1860) MQTT: ESTABLISHING CONNECTION ...[0m
[0;32mI (1870) BTDM_INIT: BT controller compile version [6458728][0m
[0;32mI (1880) BTDM_INIT: Bluetooth MAC: b4:e6:2d:ea:62:f7[0m
[0;32mI (2050) MQTT: CONNECTION TO SERVER SUCCESSFUL[0m
[0;32mI (2050) MQTT: Sent publish successful, msg_id: 1[0m
[0;32mI (2200) GATTS_SERVER: REGISTER_APP_EVT_A, status 0, app_id 0
[0m
ESP_ERROR_CHEC[0;32mI (2220) GATTS_SERVER: CREATE_SERVICE_EVT, status 0,  service_handle 40
[0m
[0;32mI (2220) GATTS_SERVER: REGISTER_APP_EVT_B, status 0, app_id 1[0m
K failed: esp_err_t 0x103 (ESP_ERR_INVALID_STATE) at 0x400d9f5d
file: "./main/ble-client.c" line 440
func: ble_client_r[0;32mI (2240) GATTS_SERVER: SERVICE_START_EVT, status 0, service_handle 40
[0m
[0;32mI (2240) GATTS_SERVER: ADD_CHAR_EVT, status 0,  attr_handle 42, service_handle 40
[0m
[0;32mI (2250) GATTS_SERVER: the gatts demo char length = 3
[0m
[0;32mI (2250) GATTS_SERVER: prf_char[0] =11
[0m
[0;32mI (2260) GATTS_SERVER: prf_char[1] =22
[0m
[0;32mI (2260) GATTS_SERVER: prf_char[2] =33
[0m
[0;32mI (2270) GATTS_SERVER: CREATE_SERVICE_EVT, status 0,  service_handle 44[0m
[0;32mI (2280) GATTS_SERVER: ADD_DESCR_EVT, status 0, attr_handle 43, service_handle 40
[0m
[0;32mI (2280) GATTS_SERVER: SERVICE_START_EVT, status 0, service_handle 44[0m
[0;32mI (2290) GATTS_SERVER: ADD_CHAR_EVT, status 0,  attr_handle 46, service_handle 44[0m
[0;32mI (2300) GATTS_SERVER: ADD_DESCR_EVT, status 0, attr_handle 47, service_handle 44[0m
un
expression: esp_bt_controller_mem_release(ESP_BT_MODE_CLASSIC_BT)

abort() was called at PC 0x40091be7 on core 0


Backtrace: 0x4008189e:0x3ffbc070 0x40091bf1:0x3ffbc090 0x40098ec5:0x3ffbc0b0 0x40091be7:0x3ffbc120 0x400d9f5d:0x3ffbc150 0x400da122:0x3ffbc1b0 0x401bc82b:0x3ffbc1d0 0x400926fd:0x3ffbc200




ELF file SHA256: 9ecf83f0f

Rebooting...
ets Jun  8 2016 00:22:57

rst:0xc (SW_CPU_RESET),boot:0x13 (SPI_FAST_FLASH_BOOT)
configsip: 0, SPIWP:0xee
clk_drv:0x00,q_drv:0x00,d_drv:0x00,cs0_drv:0x00,hd_drv:0x00,wp_drv:0x00
mode:DIO, clock div:2
load:0x3fff0030,len:7140
load:0x40078000,len:15500
load:0x40080400,len:4
load:0x40080404,len:3904
entry 0x40080640
[0;32mI (29) boot: ESP-IDF v5.3-dev-262-g294c2bd70d 2nd stage bootloader[0m
[0;32mI (29) boot: compile time Dec 14 2023 19:21:26[0m
[0;32mI (31) boot: Multicore bootloader[0m
[0;32mI (35) boot: chip revision: v1.0[0m
[0;32mI (39) boot.esp32: SPI Speed      : 40MHz[0m
[0;32mI (43) boot.esp32: SPI Mode       : DIO[0m
[0;32mI (48) boot.esp32: SPI Flash Size : 4MB[0m
[0;32mI (52) boot: Enabling RNG early entropy source...[0m
[0;32mI (58) boot: Partition Table:[0m
[0;32mI (61) boot: ## Label            Usage          Type ST Offset   Length[0m
[0;32mI (69) boot:  0 nvs              WiFi data        01 02 00009000 00006000[0m
[0;32mI (76) boot:  1 phy_init         RF data          01 01 0000f000 00001000[0m
[0;32mI (84) boot:  2 factory          factory app      00 00 00010000 00200000[0m
[0;32mI (91) boot: End of partition table[0m
[0;32mI (95) esp_image: segment 0: paddr=00010020 vaddr=3f400020 size=3d4e8h (251112) map[0m
[0;32mI (156) esp_image: segment 1: paddr=0004d510 vaddr=3ffbdb60 size=02b08h ( 11016) load[0m
[0;32mI (158) esp_image: segment 2: paddr=00050020 vaddr=400d0020 size=ee744h (976708) map[0m
[0;32mI (362) esp_image: segment 3: paddr=0013e76c vaddr=3ffc0668 size=02f70h ( 12144) load[0m
[0;32mI (365) esp_image: segment 4: paddr=001416e4 vaddr=40080000 size=1f368h (127848) load[0m
[0;32mI (416) boot: Loaded app from partition at offset 0x10000[0m
[0;32mI (417) boot: Disabling RNG early entropy source...[0m
[0;32mI (428) cpu_start: Multicore app[0m
[0;32mI (437) cpu_start: Pro cpu start user code[0m
[0;32mI (437) cpu_start: cpu freq: 160000000 Hz[0m
[0;32mI (437) cpu_start: Application information:[0m
[0;32mI (440) cpu_start: Project name:     InteligentStationForGrowingPlan[0m
[0;32mI (447) cpu_start: App version:      821bba1-dirty[0m
[0;32mI (452) cpu_start: Compile time:     Dec 14 2023 19:21:16[0m
[0;32mI (459) cpu_start: ELF file SHA256:  9ecf83f0f...[0m
[0;32mI (464) cpu_start: ESP-IDF:          v5.3-dev-262-g294c2bd70d[0m
[0;32mI (470) cpu_start: Min chip rev:     v0.0[0m
[0;32mI (475) cpu_start: Max chip rev:     v3.99 [0m
[0;32mI (480) cpu_start: Chip rev:         v1.0[0m
[0;32mI (485) heap_init: Initializing. RAM available for dynamic allocation:[0m
[0;32mI (492) heap_init: At 3FFAFF10 len 000000F0 (0 KiB): DRAM[0m
[0;32mI (498) heap_init: At 3FFB6388 len 00001C78 (7 KiB): DRAM[0m
[0;32mI (504) heap_init: At 3FFB9A20 len 00004108 (16 KiB): DRAM[0m
[0;32mI (510) heap_init: At 3FFCBC88 len 00014378 (80 KiB): DRAM[0m
[0;32mI (516) heap_init: At 3FFE0440 len 00003AE0 (14 KiB): D/IRAM[0m
[0;32mI (523) heap_init: At 3FFE4350 len 0001BCB0 (111 KiB): D/IRAM[0m
[0;32mI (529) heap_init: At 4009F368 len 00000C98 (3 KiB): IRAM[0m
[0;32mI (537) spi_flash: detected chip: winbond[0m
[0;32mI (540) spi_flash: flash io: dio[0m
[0;32mI (545) coexist: coex firmware version: b6d5e8c[0m
[0;32mI (550) main_task: Started on CPU0[0m
[0;32mI (560) main_task: Calling app_main()[0m
I (600) wifi:wifi driver task: 3ffd0160, prio:23, stack:6656, core=0
I (620) wifi:wifi firmware version: a194738
I (620) wifi:wifi certification version: v7.0
I (620) wifi:config NVS flash: enabled
I (620) wifi:config nano formating: disabled
I (620) wifi:Init data frame dynamic rx buffer num: 32
I (630) wifi:Init static rx mgmt buffer num: 5
I (630) wifi:Init management short buffer num: 32
I (630) wifi:Init dynamic tx buffer num: 32
I (640) wifi:Init static rx buffer size: 1600
I (640) wifi:Init static rx buffer num: 10
I (650) wifi:Init dynamic rx buffer num: 32
[0;32mI (650) wifi_init: rx ba win: 6[0m
[0;32mI (650) wifi_init: tcpip mbox: 32[0m
[0;32mI (660) wifi_init: udp mbox: 6[0m
[0;32mI (660) wifi_init: tcp mbox: 6[0m
[0;32mI (660) wifi_init: tcp tx win: 5760[0m
[0;32mI (670) wifi_init: tcp rx win: 5760[0m
[0;32mI (670) wifi_init: tcp mss: 1440[0m
[0;32mI (680) wifi_init: WiFi IRAM OP enabled[0m
[0;32mI (680) wifi_init: WiFi RX IRAM OP enabled[0m
[0;32mI (690) phy_init: phy_version 4780,16b31a7,Sep 22 2023,20:42:16[0m
I (780) wifi:mode : sta (b4:e6:2d:ea:62:f5)
I (780) wifi:enable tsf
[0;32mI (780) WI-FI STATION: wifi_init_sta finished.[0m
I (790) wifi:new:<8,0>, old:<1,0>, ap:<255,255>, sta:<8,0>, prof:1
I (790) wifi:state: init -> auth (b0)
I (800) wifi:state: auth -> assoc (0)
I (810) wifi:state: assoc -> run (10)
I (830) wifi:connected with Guest_Wifi_2.4GHz, aid = 2, channel 8, BW20, bssid = 36:5d:9e:5f:38:95
I (830) wifi:security: WPA2-PSK, phy: bgn, rssi: -59
I (840) wifi:pm start, type: 1

I (840) wifi:dp: 1, bi: 102400, li: 3, scale listen interval from 307200 us to 307200 us
I (860) wifi:<ba-add>idx:0 (ifx:0, 36:5d:9e:5f:38:95), tid:0, ssn:0, winSize:64
I (890) wifi:AP's beacon interval = 102400 us, DTIM period = 1
[0;32mI (1850) esp_netif_handlers: sta ip: 192.168.10.3, mask: 255.255.255.0, gw: 192.168.10.1[0m
[0;32mI (1850) WI-FI STATION: GOT IP: 192.168.10.3[0m
[0;32mI (1850) WI-FI STATION: CONNECTED[0m

PoÅ‚Ä…czono z sieciÄ…:
=====
SSID: Guest_Wifi_2.4GHz
Password: bc3vmep6743c3dkp

[0;32mI (1860) MQTT: ESTABLISHING CONNECTION ...[0m
[0;32mI (1870) BTDM_INIT: BT controller compile version [6458728][0m
[0;32mI (1880) BTDM_INIT: Bluetooth MAC: b4:e6:2d:ea:62:f7[0m
[0;32mI (2000) MQTT: CONNECTION TO SERVER SUCCESSFUL[0m
[0;32mI (2000) MQTT: Sent publish successful, msg_id: 1[0m
[0;32mI (2210) GATTS_SERVER: REGISTER_APP_EVT_A, status 0, app_id 0
[0m
ESP_ERROR_CHECK failed: esp_err_t 0x103 (ESP_ERR_INVALID_STATE) at 0x400d9f5d
file: "./main/ble-client.c" line 440
func: ble_client_run[0;32mI (2220) GATTS_SERVER: CREATE_SERVICE_EVT, status 0,  service_handle 40
[0m
[0;32mI (2230) GATTS_SERVER: REGISTER_APP_EVT_B, status 0, app_id 1[0m

expression: esp_bt_controller_mem_release(ESP_BT_MODE_CLASSIC_BT)

abort() was called at PC 0x40091be7 on core 0


Backtrace: 0x4008189e:0x3ffbc070 0x40091bf1:0x3ffbc090 0x40098ec5:0x3ffbc0b0 0x40091be7:0x3ffbc120 0x400d9f5d:0x3ffbc150 0x400da122:0x3ffbc1b0 0x401bc82b:0x3ffbc1d0 0x400926fd:0x3ffbc200




ELF file SHA256: 9ecf83f0f

Rebooting...
ets Jun  8 2016 00:22:57

rst:0xc (SW_CPU_RESET),boot:0x13 (SPI_FAST_FLASH_BOOT)
configsip: 0, SPIWP:0xee
clk_drv:0x00,q_drv:0x00,d_drv:0x00,cs0_drv:0x00,hd_drv:0x00,wp_drv:0x00
mode:DIO, clock div:2
load:0x3fff0030,len:7140
load:0x40078000,len:15500
load:0x40080400,len:4
load:0x40080404,len:3904
entry 0x40080640
[0;32mI (29) boot: ESP-IDF v5.3-dev-262-g294c2bd70d 2nd stage bootloader[0m
[0;32mI (29) boot: compile time Dec 14 2023 19:21:26[0m
[0;32mI (31) boot: Multicore bootloader[0m
[0;32mI (35) boot: chip revision: v1.0[0m
[0;32mI (39) boot.esp32: SPI Speed      : 40MHz[0m
[0;32mI (43) boot.esp32: SPI Mode       : DIO[0m
[0;32mI (48) boot.esp32: SPI Flash Size : 4MB[0m
[0;32mI (52) boot: Enabling RNG early entropy source...[0m
[0;32mI (58) boot: Partition Table:[0m
[0;32mI (61) boot: ## Label            Usage          Type ST Offset   Length[0m
[0;32mI (69) boot:  0 nvs              WiFi data        01 02 00009000 00006000[0m
[0;32mI (76) boot:  1 phy_init         RF data          01 01 0000f000 00001000[0m
[0;32mI (84) boot:  2 factory          factory app      00 00 00010000 00200000[0m
[0;32mI (91) boot: End of partition table[0m
[0;32mI (95) esp_image: segment 0: paddr=00010020 vaddr=3f400020 size=3d4e8h (251112) map[0m
[0;32mI (156) esp_image: segment 1: paddr=0004d510 vaddr=3ffbdb60 size=02b08h ( 11016) load[0m
[0;32mI (158) esp_image: segment 2: paddr=00050020 vaddr=400d0020 size=ee744h (976708) map[0m
[0;32mI (362) esp_image: segment 3: paddr=0013e76c vaddr=3ffc0668 size=02f70h ( 12144) load[0m
[0;32mI (365) esp_image: segment 4: paddr=001416e4 vaddr=40080000 size=1f368h (127848) load[0m
[0;32mI (416) boot: Loaded app from partition at offset 0x10000[0m
[0;32mI (417) boot: Disabling RNG early entropy source...[0m
[0;32mI (428) cpu_start: Multicore app[0m
[0;32mI (437) cpu_start: Pro cpu start user code[0m
[0;32mI (437) cpu_start: cpu freq: 160000000 Hz[0m
[0;32mI (437) cpu_start: Application information:[0m
[0;32mI (440) cpu_start: Project name:     InteligentStationForGrowingPlan[0m
[0;32mI (447) cpu_start: App version:      821bba1-dirty[0m
[0;32mI (452) cpu_start: Compile time:     Dec 14 2023 19:21:16[0m
[0;32mI (459) cpu_start: ELF file SHA256:  9ecf83f0f...[0m
[0;32mI (464) cpu_start: ESP-IDF:          v5.3-dev-262-g294c2bd70d[0m
[0;32mI (470) cpu_start: Min chip rev:     v0.0[0m
[0;32mI (475) cpu_start: Max chip rev:     v3.99 [0m
[0;32mI (480) cpu_start: Chip rev:         v1.0[0m
[0;32mI (485) heap_init: Initializing. RAM available for dynamic allocation:[0m
[0;32mI (492) heap_init: At 3FFAFF10 len 000000F0 (0 KiB): DRAM[0m
[0;32mI (498) heap_init: At 3FFB6388 len 00001C78 (7 KiB): DRAM[0m
[0;32mI (504) heap_init: At 3FFB9A20 len 00004108 (16 KiB): DRAM[0m
[0;32mI (510) heap_init: At 3FFCBC88 len 00014378 (80 KiB): DRAM[0m
[0;32mI (516) heap_init: At 3FFE0440 len 00003AE0 (14 KiB): D/IRAM[0m
[0;32mI (523) heap_init: At 3FFE4350 len 0001BCB0 (111 KiB): D/IRAM[0m
[0;32mI (529) heap_init: At 4009F368 len 00000C98 (3 KiB): IRAM[0m
[0;32mI (537) spi_flash: detected chip: winbond[0m
[0;32mI (540) spi_flash: flash io: dio[0m
[0;32mI (545) coexist: coex firmware version: b6d5e8c[0m
[0;32mI (550) main_task: Started on CPU0[0m
[0;32mI (560) main_task: Calling app_main()[0m
I (600) wifi:wifi driver task: 3ffd0160, prio:23, stack:6656, core=0
I (620) wifi:wifi firmware version: a194738
I (620) wifi:wifi certification version: v7.0
I (620) wifi:config NVS flash: enabled
I (620) wifi:config nano formating: disabled
I (620) wifi:Init data frame dynamic rx buffer num: 32
I (630) wifi:Init static rx mgmt buffer num: 5
I (630) wifi:Init management short buffer num: 32
I (630) wifi:Init dynamic tx buffer num: 32
I (640) wifi:Init static rx buffer size: 1600
I (640) wifi:Init static rx buffer num: 10
I (650) wifi:Init dynamic rx buffer num: 32
[0;32mI (650) wifi_init: rx ba win: 6[0m
[0;32mI (650) wifi_init: tcpip mbox: 32[0m
[0;32mI (660) wifi_init: udp mbox: 6[0m
[0;32mI (660) wifi_init: tcp mbox: 6[0m
[0;32mI (660) wifi_init: tcp tx win: 5760[0m
[0;32mI (670) wifi_init: tcp rx win: 5760[0m
[0;32mI (670) wifi_init: tcp mss: 1440[0m
[0;32mI (680) wifi_init: WiFi IRAM OP enabled[0m
[0;32mI (680) wifi_init: WiFi RX IRAM OP enabled[0m
[0;32mI (690) phy_init: phy_version 4780,16b31a7,Sep 22 2023,20:42:16[0m
I (770) wifi:mode : sta (b4:e6:2d:ea:62:f5)
I (770) wifi:enable tsf
[0;32mI (780) WI-FI STATION: wifi_init_sta finished.[0m
I (790) wifi:new:<8,0>, old:<1,0>, ap:<255,255>, sta:<8,0>, prof:1
I (790) wifi:state: init -> auth (b0)
I (800) wifi:state: auth -> assoc (0)
I (800) wifi:state: assoc -> run (10)
I (830) wifi:connected with Guest_Wifi_2.4GHz, aid = 2, channel 8, BW20, bssid = 36:5d:9e:5f:38:95
I (830) wifi:security: WPA2-PSK, phy: bgn, rssi: -58
I (840) wifi:pm start, type: 1

I (840) wifi:dp: 1, bi: 102400, li: 3, scale listen interval from 307200 us to 307200 us
I (860) wifi:<ba-add>idx:0 (ifx:0, 36:5d:9e:5f:38:95), tid:0, ssn:0, winSize:64
I (860) wifi:AP's beacon interval = 102400 us, DTIM period = 1
[0;32mI (1850) esp_netif_handlers: sta ip: 192.168.10.3, mask: 255.255.255.0, gw: 192.168.10.1[0m
[0;32mI (1850) WI-FI STATION: GOT IP: 192.168.10.3[0m
[0;32mI (1850) WI-FI STATION: CONNECTED[0m

PoÅ‚Ä…czono z sieciÄ…:
=====
SSID: Guest_Wifi_2.4GHz
Password: bc3vmep6743c3dkp

[0;32mI (1860) MQTT: ESTABLISHING CONNECTION ...[0m
[0;32mI (1870) BTDM_INIT: BT controller compile version [6458728][0m
[0;32mI (1870) BTDM_INIT: Bluetooth MAC: b4:e6:2d:ea:62:f7[0m
[0;32mI (2210) GATTS_SERVER: REGISTER_APP_EVT_A, status 0, app_id 0
[0m
ESP_ERROR_CHECK failed: esp_err_t 0x103 (ESP_ERR_INVALID_STATE) at 0x400d9f5d
file: "./main/ble-client.c" line 440
func[0;32mI (2220) GATTS_SERVER: CREATE_SERVICE_EVT, status 0,  service_handle 40
[0m
[0;32mI (2220) GATTS_SERVER: REGISTER_APP_EVT_B, status 0, app_id 1[0m
: ble_client_run
expression: esp_bt_controller_mem_release(ESP_BT_MODE_CLASSIC_BT)

abort() was called at PC 0x40091be7 on core 0


Backtrace: 0x4008189e:0x3ffbc070 0x40091bf1:0x3ffbc090 0x40098ec5:0x3ffbc0b0 0x40091be7:0x3ffbc120 0x400d9f5d:0x3ffbc150 0x400da122:0x3ffbc1b0 0x401bc82b:0x3ffbc1d0 0x400926fd:0x3ffbc200




ELF file SHA256: 9ecf83f0f

Rebooting...
ets Jun  8 2016 00:22:57

rst:0xc (SW_CPU_RESET),boot:0x13 (SPI_FAST_FLASH_BOOT)
configsip: 0, SPIWP:0xee
clk_drv:0x00,q_drv:0x00,d_drv:0x00,cs0_drv:0x00,hd_drv:0x00,wp_drv:0x00
mode:DIO, clock div:2
load:0x3fff0030,len:7140
load:0x40078000,len:15500
load:0x40080400,len:4
load:0x40080404,len:3904
entry 0x40080640
[0;32mI (29) boot: ESP-IDF v5.3-dev-262-g294c2bd70d 2nd stage bootloader[0m
[0;32mI (29) boot: compile time Dec 14 2023 19:21:26[0m
[0;32mI (31) boot: Multicore bootloader[0m
[0;32mI (35) boot: chip revision: v1.0[0m
[0;32mI (39) boot.esp32: SPI Speed      : 40MHz[0m
[0;32mI (43) boot.esp32: SPI Mode       : DIO[0m
[0;32mI (48) boot.esp32: SPI Flash Size : 4MB[0m
[0;32mI (52) boot: Enabling RNG early entropy source...[0m
[0;32mI (58) boot: Partition Table:[0m
[0;32mI (61) boot: ## Label            Usage          Type ST Offset   Length[0m
[0;32mI (69) boot:  0 nvs              WiFi data        01 02 00009000 00006000[0m
[0;32mI (76) boot:  1 phy_init         RF data          01 01 0000f000 00001000[0m
[0;32mI (84) boot:  2 factory          factory app      00 00 00010000 00200000[0m
[0;32mI (91) boot: End of partition table[0m
[0;32mI (95) esp_image: segment 0: paddr=00010020 vaddr=3f400020 size=3d4e8h (251112) map[0m
[0;32mI (156) esp_image: segment 1: paddr=0004d510 vaddr=3ffbdb60 size=02b08h ( 11016) load[0m
[0;32mI (158) esp_image: segment 2: paddr=00050020 vaddr=400d0020 size=ee744h (976708) map[0m
[0;32mI (362) esp_image: segment 3: paddr=0013e76c vaddr=3ffc0668 size=02f70h ( 12144) load[0m
[0;32mI (365) esp_image: segment 4: paddr=001416e4 vaddr=40080000 size=1f368h (127848) load[0m
[0;32mI (416) boot: Loaded app from partition at offset 0x10000[0m
[0;32mI (417) boot: Disabling RNG early entropy source...[0m
[0;32mI (428) cpu_start: Multicore app[0m
[0;32mI (437) cpu_start: Pro cpu start user code[0m
[0;32mI (437) cpu_start: cpu freq: 160000000 Hz[0m
[0;32mI (437) cpu_start: Application information:[0m
[0;32mI (440) cpu_start: Project name:     InteligentStationForGrowingPlan[0m
[0;32mI (447) cpu_start: App version:      821bba1-dirty[0m
[0;32mI (452) cpu_start: Compile time:     Dec 14 2023 19:21:16[0m
[0;32mI (459) cpu_start: ELF file SHA256:  9ecf83f0f...[0m
[0;32mI (464) cpu_start: ESP-IDF:          v5.3-dev-262-g294c2bd70d[0m
[0;32mI (470) cpu_start: Min chip rev:     v0.0[0m
[0;32mI (475) cpu_start: Max chip rev:     v3.99 [0m
[0;32mI (480) cpu_start: Chip rev:         v1.0[0m
[0;32mI (485) heap_init: Initializing. RAM available for dynamic allocation:[0m
[0;32mI (492) heap_init: At 3FFAFF10 len 000000F0 (0 KiB): DRAM[0m
[0;32mI (498) heap_init: At 3FFB6388 len 00001C78 (7 KiB): DRAM[0m
[0;32mI (504) heap_init: At 3FFB9A20 len 00004108 (16 KiB): DRAM[0m
[0;32mI (510) heap_init: At 3FFCBC88 len 00014378 (80 KiB): DRAM[0m
[0;32mI (516) heap_init: At 3FFE0440 len 00003AE0 (14 KiB): D/IRAM[0m
[0;32mI (523) heap_init: At 3FFE4350 len 0001BCB0 (111 KiB): D/IRAM[0m
[0;32mI (529) heap_init: At 4009F368 len 00000C98 (3 KiB): IRAM[0m
[0;32mI (537) spi_flash: detected chip: winbond[0m
[0;32mI (540) spi_flash: flash io: dio[0m
[0;32mI (545) coexist: coex firmware version: b6d5e8c[0m
[0;32mI (550) main_task: Started on CPU0[0m
[0;32mI (560) main_task: Calling app_main()[0m
I (600) wifi:wifi driver task: 3ffd0160, prio:23, stack:6656, core=0
I (620) wifi:wifi firmware version: a194738
I (620) wifi:wifi certification version: v7.0
I (620) wifi:config NVS flash: enabled
I (620) wifi:config nano formating: disabled
I (620) wifi:Init data frame dynamic rx buffer num: 32
I (630) wifi:Init static rx mgmt buffer num: 5
I (630) wifi:Init management short buffer num: 32
I (630) wifi:Init dynamic tx buffer num: 32
I (640) wifi:Init static rx buffer size: 1600
I (640) wifi:Init static rx buffer num: 10
I (650) wifi:Init dynamic rx buffer num: 32
[0;32mI (650) wifi_init: rx ba win: 6[0m
[0;32mI (650) wifi_init: tcpip mbox: 32[0m
[0;32mI (660) wifi_init: udp mbox: 6[0m
[0;32mI (660) wifi_init: tcp mbox: 6[0m
[0;32mI (660) wifi_init: tcp tx win: 5760[0m
[0;32mI (670) wifi_init: tcp rx win: 5760[0m
[0;32mI (670) wifi_init: tcp mss: 1440[0m
[0;32mI (680) wifi_init: WiFi IRAM OP enabled[0m
[0;32mI (680) wifi_init: WiFi RX IRAM OP enabled[0m
[0;32mI (690) phy_init: phy_version 4780,16b31a7,Sep 22 2023,20:42:16[0m
I (770) wifi:mode : sta (b4:e6:2d:ea:62:f5)
I (780) wifi:enable tsf
[0;32mI (780) WI-FI STATION: wifi_init_sta finished.[0m
I (790) wifi:new:<8,0>, old:<1,0>, ap:<255,255>, sta:<8,0>, prof:1
I (790) wifi:state: init -> auth (b0)
I (800) wifi:state: auth -> assoc (0)
I (800) wifi:state: assoc -> run (10)
I (840) wifi:connected with Guest_Wifi_2.4GHz, aid = 2, channel 8, BW20, bssid = 36:5d:9e:5f:38:95
I (840) wifi:security: WPA2-PSK, phy: bgn, rssi: -60
I (850) wifi:pm start, type: 1

I (850) wifi:dp: 1, bi: 102400, li: 3, scale listen interval from 307200 us to 307200 us
I (870) wifi:<ba-add>idx:0 (ifx:0, 36:5d:9e:5f:38:95), tid:0, ssn:0, winSize:64
I (940) wifi:AP's beacon interval = 102400 us, DTIM period = 1
[0;32mI (1860) esp_netif_handlers: sta ip: 192.168.10.3, mask: 255.255.255.0, gw: 192.168.10.1[0m
[0;32mI (1860) WI-FI STATION: GOT IP: 192.168.10.3[0m
[0;32mI (1860) WI-FI STATION: CONNECTED[0m

PoÅ‚Ä…czono z sieciÄ…:
=====
SSID: Guest_Wifi_2.4GHz
Password: bc3vmep6743c3dkp

[0;32mI (1870) MQTT: ESTABLISHING CONNECTION ...[0m
[0;32mI (1880) BTDM_INIT: BT controller compile version [6458728][0m
[0;32mI (1880) BTDM_INIT: Bluetooth MAC: b4:e6:2d:ea:62:f7[0m
[0;32mI (2010) MQTT: CONNECTION TO SERVER SUCCESSFUL[0m
[0;32mI (2010) MQTT: Sent publish successful, msg_id: 1[0m
[0;32mI (2210) GATTS_SERVER: REGISTER_APP_EVT_A, status 0, app_id 0
[0m
ESP_ERROR_CHECK failed: esp_err_t 0x103 (ESP_ERR_INVALID_STATE) at 0x400d9f5d
file: "./main/ble-client.c" line 440
func[0;32mI (2220) GATTS_SERVER: CREATE_SERVICE_EVT, status 0,  service_handle 40
[0m
[0;32mI (2230) GATTS_SERVER: REGISTER_APP_EVT_B, status 0, app_id 1[0m
: ble_client_run
expression: esp_bt_controller_mem_release(ESP_BT_MODE_CLASSIC_BT)

abort() was called at PC 0x40091be7 on core 0


Backtrace: 0x4008189e:0x3ffbc070 0x40091bf1:0x3ffbc090 0x40098ec5:0x3ffbc0b0 0x40091be7:0x3ffbc120 0x400d9f5d:0x3ffbc150 0x400da122:0x3ffbc1b0 0x401bc82b:0x3ffbc1d0 0x400926fd:0x3ffbc200




ELF file SHA256: 9ecf83f0f

Rebooting...
ets Jun  8 2016 00:22:57

rst:0xc (SW_CPU_RESET),boot:0x13 (SPI_FAST_FLASH_BOOT)
configsip: 0, SPIWP:0xee
clk_drv:0x00,q_drv:0x00,d_drv:0x00,cs0_drv:0x00,hd_drv:0x00,wp_drv:0x00
mode:DIO, clock div:2
load:0x3fff0030,len:7140
load:0x40078000,len:15500
load:0x40080400,len:4
load:0x40080404,len:3904
entry 0x40080640
[0;32mI (29) boot: ESP-IDF v5.3-dev-262-g294c2bd70d 2nd stage bootloader[0m
[0;32mI (29) boot: compile time Dec 14 2023 19:21:26[0m
[0;32mI (31) boot: Multicore bootloader[0m
[0;32mI (35) boot: chip revision: v1.0[0m
[0;32mI (39) boot.esp32: SPI Speed      : 40MHz[0m
[0;32mI (43) boot.esp32: SPI Mode       : DIO[0m
[0;32mI (48) boot.esp32: SPI Flash Size : 4MB[0m
[0;32mI (52) boot: Enabling RNG early entropy source...[0m
[0;32mI (58) boot: Partition Table:[0m
[0;32mI (61) boot: ## Label            Usage          Type ST Offset   Length[0m
[0;32mI (69) boot:  0 nvs              WiFi data        01 02 00009000 00006000[0m
[0;32mI (76) boot:  1 phy_init         RF data          01 01 0000f000 00001000[0m
[0;32mI (84) boot:  2 factory          factory app      00 00 00010000 00200000[0m
[0;32mI (91) boot: End of partition table[0m
[0;32mI (95) esp_image: segment 0: paddr=00010020 vaddr=3f400020 size=3d4e8h (251112) map[0m
[0;32mI (156) esp_image: segment 1: paddr=0004d510 vaddr=3ffbdb60 size=02b08h ( 11016) load[0m
[0;32mI (158) esp_image: segment 2: paddr=00050020 vaddr=400d0020 size=ee744h (976708) map[0m
[0;32mI (362) esp_image: segment 3: paddr=0013e76c vaddr=3ffc0668 size=02f70h ( 12144) load[0m
[0;32mI (365) esp_image: segment 4: paddr=001416e4 vaddr=40080000 size=1f368h (127848) load[0m
[0;32mI (416) boot: Loaded app from partition at offset 0x10000[0m
[0;32mI (417) boot: Disabling RNG early entropy source...[0m
[0;32mI (428) cpu_start: Multicore app[0m
[0;32mI (437) cpu_start: Pro cpu start user code[0m
[0;32mI (437) cpu_start: cpu freq: 160000000 Hz[0m
[0;32mI (437) cpu_start: Application information:[0m
[0;32mI (440) cpu_start: Project name:     InteligentStationForGrowingPlan[0m
[0;32mI (447) cpu_start: App version:      821bba1-dirty[0m
[0;32mI (452) cpu_start: Compile time:     Dec 14 2023 19:21:16[0m
[0;32mI (459) cpu_start: ELF file SHA256:  9ecf83f0f...[0m
[0;32mI (464) cpu_start: ESP-IDF:          v5.3-dev-262-g294c2bd70d[0m
[0;32mI (470) cpu_start: Min chip rev:     v0.0[0m
[0;32mI (475) cpu_start: Max chip rev:     v3.99 [0m
[0;32mI (480) cpu_start: Chip rev:         v1.0[0m
[0;32mI (485) heap_init: Initializing. RAM available for dynamic allocation:[0m
[0;32mI (492) heap_init: At 3FFAFF10 len 000000F0 (0 KiB): DRAM[0m
[0;32mI (498) heap_init: At 3FFB6388 len 00001C78 (7 KiB): DRAM[0m
[0;32mI (504) heap_init: At 3FFB9A20 len 00004108 (16 KiB): DRAM[0m
[0;32mI (510) heap_init: At 3FFCBC88 len 00014378 (80 KiB): DRAM[0m
[0;32mI (516) heap_init: At 3FFE0440 len 00003AE0 (14 KiB): D/IRAM[0m
[0;32mI (523) heap_init: At 3FFE4350 len 0001BCB0 (111 KiB): D/IRAM[0m
[0;32mI (529) heap_init: At 4009F368 len 00000C98 (3 KiB): IRAM[0m
[0;32mI (537) spi_flash: detected chip: winbond[0m
[0;32mI (540) spi_flash: flash io: dio[0m
[0;32mI (545) coexist: coex firmware version: b6d5e8c[0m
[0;32mI (550) main_task: Started on CPU0[0m
[0;32mI (560) main_task: Calling app_main()[0m
I (600) wifi:wifi driver task: 3ffd0160, prio:23, stack:6656, core=0
I (620) wifi:wifi firmware version: a194738
I (620) wifi:wifi certification version: v7.0
I (620) wifi:config NVS flash: enabled
I (620) wifi:config nano formating: disabled
I (620) wifi:Init data frame dynamic rx buffer num: 32
I (630) wifi:Init static rx mgmt buffer num: 5
I (630) wifi:Init management short buffer num: 32
I (630) wifi:Init dynamic tx buffer num: 32
I (640) wifi:Init static rx buffer size: 1600
I (640) wifi:Init static rx buffer num: 10
I (650) wifi:Init dynamic rx buffer num: 32
[0;32mI (650) wifi_init: rx ba win: 6[0m
[0;32mI (650) wifi_init: tcpip mbox: 32[0m
[0;32mI (660) wifi_init: udp mbox: 6[0m
[0;32mI (660) wifi_init: tcp mbox: 6[0m
[0;32mI (660) wifi_init: tcp tx win: 5760[0m
[0;32mI (670) wifi_init: tcp rx win: 5760[0m
[0;32mI (670) wifi_init: tcp mss: 1440[0m
[0;32mI (680) wifi_init: WiFi IRAM OP enabled[0m
[0;32mI (680) wifi_init: WiFi RX IRAM OP enabled[0m
[0;32mI (690) phy_init: phy_version 4780,16b31a7,Sep 22 2023,20:42:16[0m
I (780) wifi:mode : sta (b4:e6:2d:ea:62:f5)
I (780) wifi:enable tsf
[0;32mI (780) WI-FI STATION: wifi_init_sta finished.[0m
I (790) wifi:new:<8,0>, old:<1,0>, ap:<255,255>, sta:<8,0>, prof:1
I (800) wifi:state: init -> auth (b0)
I (800) wifi:state: auth -> assoc (0)
I (810) wifi:state: assoc -> run (10)
I (830) wifi:connected with Guest_Wifi_2.4GHz, aid = 2, channel 8, BW20, bssid = 36:5d:9e:5f:38:95
I (830) wifi:security: WPA2-PSK, phy: bgn, rssi: -59
I (840) wifi:pm start, type: 1

I (840) wifi:dp: 1, bi: 102400, li: 3, scale listen interval from 307200 us to 307200 us
I (860) wifi:<ba-add>idx:0 (ifx:0, 36:5d:9e:5f:38:95), tid:0, ssn:0, winSize:64
I (910) wifi:AP's beacon interval = 102400 us, DTIM period = 1
[0;32mI (1850) esp_netif_handlers: sta ip: 192.168.10.3, mask: 255.255.255.0, gw: 192.168.10.1[0m
[0;32mI (1850) WI-FI STATION: GOT IP: 192.168.10.3[0m
[0;32mI (1850) WI-FI STATION: CONNECTED[0m

PoÅ‚Ä…czono z sieciÄ…:
=====
SSID: Guest_Wifi_2.4GHz
Password: bc3vmep6743c3dkp

[0;32mI (1860) MQTT: ESTABLISHING CONNECTION ...[0m
[0;32mI (1870) BTDM_INIT: BT controller compile version [6458728][0m
[0;32mI (1880) BTDM_INIT: Bluetooth MAC: b4:e6:2d:ea:62:f7[0m
[0;32mI (2000) MQTT: CONNECTION TO SERVER SUCCESSFUL[0m
[0;32mI (2000) MQTT: Sent publish successful, msg_id: 1[0m
[0;32mI (2190) GATTS_SERVER: REGISTER_APP_EVT_A, status 0, app_id 0
[0m
ESP_ERROR_CHECK failed: esp_err_t 0x103 (ESP_ERR_INVALID_STATE) at 0x400d9f5d
file: "./main/ble-client.c" line 440
func[0;32mI (2200) GATTS_SERVER: CREATE_SERVICE_EVT, status 0,  service_handle 40
[0m
[0;32mI (2210) GATTS_SERVER: REGISTER_APP_EVT_B, status 0, app_id 1[0m
: ble_client_run
expression: esp_bt_controller_mem_release(ESP_BT_MODE_CLASSIC_BT)

abort() was called at PC 0x40091be7 on core 0


Backtrace: 0x4008189e:0x3ffbc070 0x40091bf1:0x3ffbc090 0x40098ec5:0x3ffbc0b0 0x40091be7:0x3ffbc120 0x400d9f5d:0x3ffbc150 0x400da122:0x3ffbc1b0 0x401bc82b:0x3ffbc1d0 0x400926fd:0x3ffbc200




ELF file SHA256: 9ecf83f0f

Rebooting...
ets Jun  8 2016 00:22:57

rst:0xc (SW_CPU_RESET),boot:0x13 (SPI_FAST_FLASH_BOOT)
configsip: 0, SPIWP:0xee
clk_drv:0x00,q_drv:0x00,d_drv:0x00,cs0_drv:0x00,hd_drv:0x00,wp_drv:0x00
mode:DIO, clock div:2
load:0x3fff0030,len:7140
load:0x40078000,len:15500
load:0x40080400,len:4
load:0x40080404,len:3904
entry 0x40080640
[0;32mI (29) boot: ESP-IDF v5.3-dev-262-g294c2bd70d 2nd stage bootloader[0m
[0;32mI (29) boot: compile time Dec 14 2023 19:21:26[0m
[0;32mI (31) boot: Multicore bootloader[0m
[0;32mI (35) boot: chip revision: v1.0[0m
[0;32mI (39) boot.esp32: SPI Speed      : 40MHz[0m
[0;32mI (43) boot.esp32: SPI Mode       : DIO[0m
[0;32mI (48) boot.esp32: SPI Flash Size : 4MB[0m
[0;32mI (52) boot: Enabling RNG early entropy source...[0m
[0;32mI (58) boot: Partition Table:[0m
[0;32mI (61) boot: ## Label            Usage          Type ST Offset   Length[0m
[0;32mI (69) boot:  0 nvs              WiFi data        01 02 00009000 00006000[0m
[0;32mI (76) boot:  1 phy_init         RF data          01 01 0000f000 00001000[0m
[0;32mI (84) boot:  2 factory          factory app      00 00 00010000 00200000[0m
[0;32mI (91) boot: End of partition table[0m
[0;32mI (95) esp_image: segment 0: paddr=00010020 vaddr=3f400020 size=3d4e8h (251112) map[0m
[0;32mI (156) esp_image: segment 1: paddr=0004d510 vaddr=3ffbdb60 size=02b08h ( 11016) load[0m
[0;32mI (158) esp_image: segment 2: paddr=00050020 vaddr=400d0020 size=ee744h (976708) map[0m
[0;32mI (362) esp_image: segment 3: paddr=0013e76c vaddr=3ffc0668 size=02f70h ( 12144) load[0m
[0;32mI (365) esp_image: segment 4: paddr=001416e4 vaddr=40080000 size=1f368h (127848) load[0m
[0;32mI (416) boot: Loaded app from partition at offset 0x10000[0m
[0;32mI (417) boot: Disabling RNG early entropy source...[0m
[0;32mI (428) cpu_start: Multicore app[0m
[0;32mI (437) cpu_start: Pro cpu start user code[0m
[0;32mI (437) cpu_start: cpu freq: 160000000 Hz[0m
[0;32mI (437) cpu_start: Application information:[0m
[0;32mI (440) cpu_start: Project name:     InteligentStationForGrowingPlan[0m
[0;32mI (447) cpu_start: App version:      821bba1-dirty[0m
[0;32mI (452) cpu_start: Compile time:     Dec 14 2023 19:21:16[0m
[0;32mI (459) cpu_start: ELF file SHA256:  9ecf83f0f...[0m
[0;32mI (464) cpu_start: ESP-IDF:          v5.3-dev-262-g294c2bd70d[0m
[0;32mI (470) cpu_start: Min chip rev:     v0.0[0m
[0;32mI (475) cpu_start: Max chip rev:     v3.99 [0m
[0;32mI (480) cpu_start: Chip rev:         v1.0[0m
[0;32mI (485) heap_init: Initializing. RAM available for dynamic allocation:[0m
[0;32mI (492) heap_init: At 3FFAFF10 len 000000F0 (0 KiB): DRAM[0m
[0;32mI (498) heap_init: At 3FFB6388 len 00001C78 (7 KiB): DRAM[0m
[0;32mI (504) heap_init: At 3FFB9A20 len 00004108 (16 KiB): DRAM[0m
[0;32mI (510) heap_init: At 3FFCBC88 len 00014378 (80 KiB): DRAM[0m
[0;32mI (516) heap_init: At 3FFE0440 len 00003AE0 (14 KiB): D/IRAM[0m
[0;32mI (523) heap_init: At 3FFE4350 len 0001BCB0 (111 KiB): D/IRAM[0m
[0;32mI (529) heap_init: At 4009F368 len 00000C98 (3 KiB): IRAM[0m
[0;32mI (537) spi_flash: detected chip: winbond[0m
[0;32mI (540) spi_flash: flash io: dio[0m
[0;32mI (545) coexist: coex firmware version: b6d5e8c[0m
[0;32mI (550) main_task: Started on CPU0[0m
[0;32mI (560) main_task: Calling app_main()[0m
I (600) wifi:wifi driver task: 3ffd0160, prio:23, stack:6656, core=0
I (620) wifi:wifi firmware version: a194738
I (620) wifi:wifi certification version: v7.0
I (620) wifi:config NVS flash: enabled
I (620) wifi:config nano formating: disabled
I (620) wifi:Init data frame dynamic rx buffer num: 32
I (630) wifi:Init static rx mgmt buffer num: 5
I (630) wifi:Init management short buffer num: 32
I (630) wifi:Init dynamic tx buffer num: 32
I (640) wifi:Init static rx buffer size: 1600
I (640) wifi:Init static rx buffer num: 10
I (650) wifi:Init dynamic rx buffer num: 32
[0;32mI (650) wifi_init: rx ba win: 6[0m
[0;32mI (650) wifi_init: tcpip mbox: 32[0m
[0;32mI (660) wifi_init: udp mbox: 6[0m
[0;32mI (660) wifi_init: tcp mbox: 6[0m
[0;32mI (660) wifi_init: tcp tx win: 5760[0m
[0;32mI (670) wifi_init: tcp rx win: 5760[0m
[0;32mI (670) wifi_init: tcp mss: 1440[0m
[0;32mI (680) wifi_init: WiFi IRAM OP enabled[0m
[0;32mI (680) wifi_init: WiFi RX IRAM OP enabled[0m
[0;32mI (690) phy_init: phy_version 4780,16b31a7,Sep 22 2023,20:42:16[0m
I (770) wifi:mode : sta (b4:e6:2d:ea:62:f5)
I (770) wifi:enable tsf
[0;32mI (780) WI-FI STATION: wifi_init_sta finished.[0m
I (800) wifi:new:<8,0>, old:<1,0>, ap:<255,255>, sta:<8,0>, prof:1
I (800) wifi:state: init -> auth (b0)
I (810) wifi:state: auth -> assoc (0)
I (810) wifi:state: assoc -> run (10)
I (840) wifi:connected with Guest_Wifi_2.4GHz, aid = 2, channel 8, BW20, bssid = 36:5d:9e:5f:38:95
I (840) wifi:security: WPA2-PSK, phy: bgn, rssi: -61
I (850) wifi:pm start, type: 1

I (850) wifi:dp: 1, bi: 102400, li: 3, scale listen interval from 307200 us to 307200 us
I (870) wifi:<ba-add>idx:0 (ifx:0, 36:5d:9e:5f:38:95), tid:0, ssn:0, winSize:64
I (900) wifi:AP's beacon interval = 102400 us, DTIM period = 1
[0;32mI (1860) esp_netif_handlers: sta ip: 192.168.10.3, mask: 255.255.255.0, gw: 192.168.10.1[0m
[0;32mI (1860) WI-FI STATION: GOT IP: 192.168.10.3[0m
[0;32mI (1860) WI-FI STATION: CONNECTED[0m

PoÅ‚Ä…czono z sieciÄ…:
=====
SSID: Guest_Wifi_2.4GHz
Password: bc3vmep6743c3dkp

[0;32mI (1870) MQTT: ESTABLISHING CONNECTION ...[0m
[0;32mI (1880) BTDM_INIT: BT controller compile version [6458728][0m
[0;32mI (1890) BTDM_INIT: Bluetooth MAC: b4:e6:2d:ea:62:f7[0m
[0;32mI (2010) MQTT: CONNECTION TO SERVER SUCCESSFUL[0m
[0;32mI (2010) MQTT: Sent publish successful, msg_id: 1[0m
[0;32mI (2190) GATTS_SERVER: REGISTER_APP_EVT_A, status 0, app_id 0
[0m
ESP_ERROR_CHECK failed: esp_err_t 0x103 (ESP_ERR_INVALID_STATE) at 0x400d9f5d
file: "./main/ble-client.c" line 440
func[0;32mI (2200) GATTS_SERVER: CREATE_SERVICE_EVT, status 0,  service_handle 40
[0m
[0;32mI (2210) GATTS_SERVER: REGISTER_APP_EVT_B, status 0, app_id 1[0m
: ble_client_run
expression: esp_bt_controller_mem_release(ESP_BT_MODE_CLASSIC_BT)

abort() was called at PC 0x40091be7 on core 0


Backtrace: 0x4008189e:0x3ffbc070 0x40091bf1:0x3ffbc090 0x40098ec5:0x3ffbc0b0 0x40091be7:0x3ffbc120 0x400d9f5d:0x3ffbc150 0x400da122:0x3ffbc1b0 0x401bc82b:0x3ffbc1d0 0x400926fd:0x3ffbc200




ELF file SHA256: 9ecf83f0f

Rebooting...
ets Jun  8 2016 00:22:57

rst:0xc (SW_CPU_RESET),boot:0x13 (SPI_FAST_FLASH_BOOT)
configsip: 0, SPIWP:0xee
clk_drv:0x00,q_drv:0x00,d_drv:0x00,cs0_drv:0x00,hd_drv:0x00,wp_drv:0x00
mode:DIO, clock div:2
load:0x3fff0030,len:7140
load:0x40078000,len:15500
load:0x40080400,len:4
load:0x40080404,len:3904
entry 0x40080640
[0;32mI (29) boot: ESP-IDF v5.3-dev-262-g294c2bd70d 2nd stage bootloader[0m
[0;32mI (29) boot: compile time Dec 14 2023 19:21:26[0m
[0;32mI (31) boot: Multicore bootloader[0m
[0;32mI (35) boot: chip revision: v1.0[0m
[0;32mI (39) boot.esp32: SPI Speed      : 40MHz[0m
[0;32mI (43) boot.esp32: SPI Mode       : DIO[0m
[0;32mI (48) boot.esp32: SPI Flash Size : 4MB[0m
[0;32mI (52) boot: Enabling RNG early entropy source...[0m
[0;32mI (58) boot: Partition Table:[0m
[0;32mI (61) boot: ## Label            Usage          Type ST Offset   Length[0m
[0;32mI (69) boot:  0 nvs              WiFi data        01 02 00009000 00006000[0m
[0;32mI (76) boot:  1 phy_init         RF data          01 01 0000f000 00001000[0m
[0;32mI (84) boot:  2 factory          factory app      00 00 00010000 00200000[0m
[0;32mI (91) boot: End of partition table[0m
[0;32mI (95) esp_image: segment 0: paddr=00010020 vaddr=3f400020 size=3d4e8h (251112) map[0m
[0;32mI (156) esp_image: segment 1: paddr=0004d510 vaddr=3ffbdb60 size=02b08h ( 11016) load[0m
[0;32mI (158) esp_image: segment 2: paddr=00050020 vaddr=400d0020 size=ee744h (976708) map[0m
[0;32mI (362) esp_image: segment 3: paddr=0013e76c vaddr=3ffc0668 size=02f70h ( 12144) load[0m
[0;32mI (365) esp_image: segment 4: paddr=001416e4 vaddr=40080000 size=1f368h (127848) load[0m
[0;32mI (416) boot: Loaded app from partition at offset 0x10000[0m
[0;32mI (417) boot: Disabling RNG early entropy source...[0m
[0;32mI (428) cpu_start: Multicore app[0m
[0;32mI (437) cpu_start: Pro cpu start user code[0m
[0;32mI (437) cpu_start: cpu freq: 160000000 Hz[0m
[0;32mI (437) cpu_start: Application information:[0m
[0;32mI (440) cpu_start: Project name:     InteligentStationForGrowingPlan[0m
[0;32mI (447) cpu_start: App version:      821bba1-dirty[0m
[0;32mI (453) cpu_start: Compile time:     Dec 14 2023 19:21:16[0m
[0;32mI (459) cpu_start: ELF file SHA256:  9ecf83f0f...[0m
[0;32mI (464) cpu_start: ESP-IDF:          v5.3-dev-262-g294c2bd70d[0m
[0;32mI (470) cpu_start: Min chip rev:     v0.0[0m
[0;32mI (475) cpu_start: Max chip rev:     v3.99 [0m
[0;32mI (480) cpu_start: Chip rev:         v1.0[0m
[0;32mI (485) heap_init: Initializing. RAM available for dynamic allocation:[0m
[0;32mI (492) heap_init: At 3FFAFF10 len 000000F0 (0 KiB): DRAM[0m
[0;32mI (498) heap_init: At 3FFB6388 len 00001C78 (7 KiB): DRAM[0m
[0;32mI (504) heap_init: At 3FFB9A20 len 00004108 (16 KiB): DRAM[0m
[0;32mI (510) heap_init: At 3FFCBC88 len 00014378 (80 KiB): DRAM[0m
[0;32mI (516) heap_init: At 3FFE0440 len 00003AE0 (14 KiB): D/IRAM[0m
[0;32mI (523) heap_init: At 3FFE4350 len 0001BCB0 (111 KiB): D/IRAM[0m
[0;32mI (529) heap_init: At 4009F368 len 00000C98 (3 KiB): IRAM[0m
[0;32mI (537) spi_flash: detected chip: winbond[0m
[0;32mI (540) spi_flash: flash io: dio[0m
[0;32mI (545) coexist: coex firmware version: b6d5e8c[0m
[0;32mI (550) main_task: Started on CPU0[0m
[0;32mI (560) main_task: Calling app_main()[0m
I (600) wifi:wifi driver task: 3ffd0160, prio:23, stack:6656, core=0
I (620) wifi:wifi firmware version: a194738
I (620) wifi:wifi certification version: v7.0
I (620) wifi:config NVS flash: enabled
I (620) wifi:config nano formating: disabled
I (620) wifi:Init data frame dynamic rx buffer num: 32
I (630) wifi:Init static rx mgmt buffer num: 5
I (630) wifi:Init management short buffer num: 32
I (630) wifi:Init dynamic tx buffer num: 32
I (640) wifi:Init static rx buffer size: 1600
I (640) wifi:Init static rx buffer num: 10
I (650) wifi:Init dynamic rx buffer num: 32
[0;32mI (650) wifi_init: rx ba win: 6[0m
[0;32mI (650) wifi_init: tcpip mbox: 32[0m
[0;32mI (660) wifi_init: udp mbox: 6[0m
[0;32mI (660) wifi_init: tcp mbox: 6[0m
[0;32mI (660) wifi_init: tcp tx win: 5760[0m
[0;32mI (670) wifi_init: tcp rx win: 5760[0m
[0;32mI (670) wifi_init: tcp mss: 1440[0m
[0;32mI (680) wifi_init: WiFi IRAM OP enabled[0m
[0;32mI (680) wifi_init: WiFi RX IRAM OP enabled[0m
[0;32mI (690) phy_init: phy_version 4780,16b31a7,Sep 22 2023,20:42:16[0m
I (770) wifi:mode : sta (b4:e6:2d:ea:62:f5)
I (780) wifi:enable tsf
[0;32mI (780) WI-FI STATION: wifi_init_sta finished.[0m
I (790) wifi:new:<8,0>, old:<1,0>, ap:<255,255>, sta:<8,0>, prof:1
I (790) wifi:state: init -> auth (b0)
I (800) wifi:state: auth -> assoc (0)
I (810) wifi:state: assoc -> run (10)
I (830) wifi:connected with Guest_Wifi_2.4GHz, aid = 2, channel 8, BW20, bssid = 36:5d:9e:5f:38:95
I (830) wifi:security: WPA2-PSK, phy: bgn, rssi: -59
I (840) wifi:pm start, type: 1

I (840) wifi:dp: 1, bi: 102400, li: 3, scale listen interval from 307200 us to 307200 us
I (860) wifi:<ba-add>idx:0 (ifx:0, 36:5d:9e:5f:38:95), tid:0, ssn:0, winSize:64
I (890) wifi:AP's beacon interval = 102400 us, DTIM period = 1
[0;32mI (1850) esp_netif_handlers: sta ip: 192.168.10.3, mask: 255.255.255.0, gw: 192.168.10.1[0m
[0;32mI (1850) WI-FI STATION: GOT IP: 192.168.10.3[0m
[0;32mI (1850) WI-FI STATION: CONNECTED[0m

PoÅ‚Ä…czono z sieciÄ…:
=====
SSID: Guest_Wifi_2.4GHz
Password: bc3vmep6743c3dkp

[0;32mI (1860) MQTT: ESTABLISHING CONNECTION ...[0m
[0;32mI (1870) BTDM_INIT: BT controller compile version [6458728][0m
[0;32mI (1880) BTDM_INIT: Bluetooth MAC: b4:e6:2d:ea:62:f7[0m
[0;32mI (2000) MQTT: CONNECTION TO SERVER SUCCESSFUL[0m
[0;32mI (2000) MQTT: Sent publish successful, msg_id: 1[0m
[0;32mI (2200) GATTS_SERVER: REGISTER_APP_EVT_A, status 0, app_id 0
[0m
ESP_ERROR_CHECK failed: esp_err_t 0x103 (ESP_ERR_INVALID_STATE) at 0x400d9f5d
file: "./main/ble-client.c" line 440
func: ble_client[0;32mI (2220) GATTS_SERVER: CREATE_SERVICE_EVT, status 0,  service_handle 40
[0m
[0;32mI (2220) GATTS_SERVER: REGISTER_APP_EVT_B, status 0, app_id 1[0m
_run
expression: esp_bt_controller_mem_release(ESP_BT_MODE_CLASSIC_BT)

abort() was called at PC 0x40091be7 on core 0


Backtrace: 0x4008189e:0x3ffbc070 0x40091bf1:0x3ffbc090 0x40098ec5:0x3ffbc0b0 0x40091be7:0x3ffbc120 0x400d9f5d:0x3ffbc150 0x400da122:0x3ffbc1b0 0x401bc82b:0x3ffbc1d0 0x400926fd:0x3ffbc200




ELF file SHA256: 9ecf83f0f

Rebooting...
ets Jun  8 2016 00:22:57

rst:0xc (SW_CPU_RESET),boot:0x13 (SPI_FAST_FLASH_BOOT)
configsip: 0, SPIWP:0xee
